Component: ARM Compiler 5.06 update 5 (build 528) Tool: armlink [4d35e2]

==============================================================================

Section Cross References

    startup_stm32f746xx.o(RESET) refers to startup_stm32f746xx.o(STACK) for __initial_sp
    startup_stm32f746xx.o(RESET) refers to startup_stm32f746xx.o(.text) for Reset_Handler
    startup_stm32f746xx.o(RESET) refers to stm32f7xx_it.o(i.NMI_Handler) for NMI_Handler
    startup_stm32f746xx.o(RESET) refers to stm32f7xx_it.o(i.HardFault_Handler) for HardFault_Handler
    startup_stm32f746xx.o(RESET) refers to stm32f7xx_it.o(i.MemManage_Handler) for MemManage_Handler
    startup_stm32f746xx.o(RESET) refers to stm32f7xx_it.o(i.BusFault_Handler) for BusFault_Handler
    startup_stm32f746xx.o(RESET) refers to stm32f7xx_it.o(i.UsageFault_Handler) for UsageFault_Handler
    startup_stm32f746xx.o(RESET) refers to stm32f7xx_it.o(i.SVC_Handler) for SVC_Handler
    startup_stm32f746xx.o(RESET) refers to stm32f7xx_it.o(i.DebugMon_Handler) for DebugMon_Handler
    startup_stm32f746xx.o(RESET) refers to stm32f7xx_it.o(i.PendSV_Handler) for PendSV_Handler
    startup_stm32f746xx.o(RESET) refers to stm32f7xx_it.o(i.SysTick_Handler) for SysTick_Handler
    startup_stm32f746xx.o(RESET) refers to stm32f7xx_it.o(i.EXTI0_IRQHandler) for EXTI0_IRQHandler
    startup_stm32f746xx.o(RESET) refers to stm32f7xx_it.o(i.EXTI2_IRQHandler) for EXTI2_IRQHandler
    startup_stm32f746xx.o(RESET) refers to stm32f7xx_it.o(i.EXTI15_10_IRQHandler) for EXTI15_10_IRQHandler
    startup_stm32f746xx.o(RESET) refers to stm32f7xx_it.o(i.DMA2_Stream0_IRQHandler) for DMA2_Stream0_IRQHandler
    startup_stm32f746xx.o(RESET) refers to stm32f7xx_it.o(i.DMA2_Stream1_IRQHandler) for DMA2_Stream1_IRQHandler
    startup_stm32f746xx.o(RESET) refers to stm32f7xx_it.o(i.DMA2_Stream4_IRQHandler) for DMA2_Stream4_IRQHandler
    startup_stm32f746xx.o(RESET) refers to stm32f7xx_it.o(i.DMA2_Stream7_IRQHandler) for DMA2_Stream7_IRQHandler
    startup_stm32f746xx.o(RESET) refers to stm32f7xx_it.o(i.DCMI_IRQHandler) for DCMI_IRQHandler
    startup_stm32f746xx.o(RESET) refers to stm32f7xx_it.o(i.DMA2D_IRQHandler) for DMA2D_IRQHandler
    startup_stm32f746xx.o(.text) refers to system_stm32f7xx.o(i.SystemInit) for SystemInit
    startup_stm32f746xx.o(.text) refers to entry.o(.ARM.Collect$$$$00000000) for __main
    system_stm32f7xx.o(i.SystemCoreClockUpdate) refers to system_stm32f7xx.o(.data) for .data
    system_stm32f7xx.o(i.SystemCoreClockUpdate) refers to system_stm32f7xx.o(.constdata) for .constdata
    ov9655.o(i.ov9655_Config) refers to ov9655.o(i.ov9655_ConvertValue) for ov9655_ConvertValue
    ov9655.o(i.ov9655_Config) refers to stm32746g_discovery.o(i.CAMERA_IO_Write) for CAMERA_IO_Write
    ov9655.o(i.ov9655_Init) refers to stm32746g_discovery.o(i.CAMERA_IO_Init) for CAMERA_IO_Init
    ov9655.o(i.ov9655_Init) refers to stm32746g_discovery.o(i.CAMERA_IO_Write) for CAMERA_IO_Write
    ov9655.o(i.ov9655_Init) refers to stm32746g_discovery.o(i.CAMERA_Delay) for CAMERA_Delay
    ov9655.o(i.ov9655_Init) refers to ov9655.o(.constdata) for .constdata
    ov9655.o(i.ov9655_ReadID) refers to stm32746g_discovery.o(i.CAMERA_IO_Init) for CAMERA_IO_Init
    ov9655.o(i.ov9655_ReadID) refers to stm32746g_discovery.o(i.CAMERA_IO_Read) for CAMERA_IO_Read
    ov9655.o(.data) refers to ov9655.o(i.ov9655_Init) for ov9655_Init
    ov9655.o(.data) refers to ov9655.o(i.ov9655_ReadID) for ov9655_ReadID
    ov9655.o(.data) refers to ov9655.o(i.ov9655_Config) for ov9655_Config
    ft5336.o(i.ft5336_I2C_InitializeIfRequired) refers to stm32746g_discovery.o(i.TS_IO_Init) for TS_IO_Init
    ft5336.o(i.ft5336_I2C_InitializeIfRequired) refers to ft5336.o(.data) for .data
    ft5336.o(i.ft5336_Init) refers to stm32746g_discovery.o(i.TS_IO_Delay) for TS_IO_Delay
    ft5336.o(i.ft5336_Init) refers to ft5336.o(i.ft5336_I2C_InitializeIfRequired) for ft5336_I2C_InitializeIfRequired
    ft5336.o(i.ft5336_ReadID) refers to ft5336.o(i.ft5336_I2C_InitializeIfRequired) for ft5336_I2C_InitializeIfRequired
    ft5336.o(i.ft5336_ReadID) refers to stm32746g_discovery.o(i.TS_IO_Read) for TS_IO_Read
    ft5336.o(i.ft5336_TS_DetectTouch) refers to stm32746g_discovery.o(i.TS_IO_Read) for TS_IO_Read
    ft5336.o(i.ft5336_TS_DetectTouch) refers to ft5336.o(.data) for .data
    ft5336.o(i.ft5336_TS_DisableIT) refers to stm32746g_discovery.o(i.TS_IO_Write) for TS_IO_Write
    ft5336.o(i.ft5336_TS_EnableIT) refers to stm32746g_discovery.o(i.TS_IO_Write) for TS_IO_Write
    ft5336.o(i.ft5336_TS_GetGestureID) refers to stm32746g_discovery.o(i.TS_IO_Read) for TS_IO_Read
    ft5336.o(i.ft5336_TS_GetTouchInfo) refers to stm32746g_discovery.o(i.TS_IO_Read) for TS_IO_Read
    ft5336.o(i.ft5336_TS_GetTouchInfo) refers to ft5336.o(.data) for .data
    ft5336.o(i.ft5336_TS_GetXY) refers to stm32746g_discovery.o(i.TS_IO_Read) for TS_IO_Read
    ft5336.o(i.ft5336_TS_GetXY) refers to ft5336.o(.data) for .data
[...]
    HAL_DMAEx_ChangeMemory                   0x0800509b   Thumb Code    14  stm32f7xx_hal_dma_ex.o(i.HAL_DMAEx_ChangeMemory)
    HAL_DMAEx_MultiBufferStart_IT            0x080050a9   Thumb Code  2436  stm32f7xx_hal_dma_ex.o(i.HAL_DMAEx_MultiBufferStart_IT)
    HAL_DMA_Abort                            0x08005a39   Thumb Code   146  stm32f7xx_hal_dma.o(i.HAL_DMA_Abort)
    HAL_DMA_DeInit                           0x08005acb   Thumb Code    86  stm32f7xx_hal_dma.o(i.HAL_DMA_DeInit)
    HAL_DMA_IRQHandler                       0x08005b21   Thumb Code   414  stm32f7xx_hal_dma.o(i.HAL_DMA_IRQHandler)
    HAL_DMA_Init                             0x08005cc9   Thumb Code   222  stm32f7xx_hal_dma.o(i.HAL_DMA_Init)
    HAL_DMA_Start_IT                         0x08005dad   Thumb Code   122  stm32f7xx_hal_dma.o(i.HAL_DMA_Start_IT)
    HAL_Delay                                0x08005e27   Thumb Code    22  stm32f7xx_hal.o(i.HAL_Delay)
    HAL_GPIO_DeInit                          0x08005e3d   Thumb Code   292  stm32f7xx_hal_gpio.o(i.HAL_GPIO_DeInit)
    HAL_GPIO_EXTI_Callback                   0x08005f91   Thumb Code    30  main.o(i.HAL_GPIO_EXTI_Callback)
    HAL_GPIO_EXTI_IRQHandler                 0x08005fb5   Thumb Code    18  stm32f7xx_hal_gpio.o(i.HAL_GPIO_EXTI_IRQHandler)
    HAL_GPIO_Init                            0x08005fcd   Thumb Code   418  stm32f7xx_hal_gpio.o(i.HAL_GPIO_Init)
    HAL_GPIO_ReadPin                         0x080061a5   Thumb Code    10  stm32f7xx_hal_gpio.o(i.HAL_GPIO_ReadPin)
    HAL_GPIO_WritePin                        0x080061af   Thumb Code    10  stm32f7xx_hal_gpio.o(i.HAL_GPIO_WritePin)
    HAL_GetTick                              0x080061b9   Thumb Code     6  stm32f7xx_hal.o(i.HAL_GetTick)
    HAL_I2C_DeInit                           0x080061c5   Thumb Code    52  stm32f7xx_hal_i2c.o(i.HAL_I2C_DeInit)
    HAL_I2C_GetState                         0x080061f9   Thumb Code     6  stm32f7xx_hal_i2c.o(i.HAL_I2C_GetState)
    HAL_I2C_Init                             0x08006201   Thumb Code   180  stm32f7xx_hal_i2c.o(i.HAL_I2C_Init)
    HAL_I2C_IsDeviceReady                    0x080062b9   Thumb Code   278  stm32f7xx_hal_i2c.o(i.HAL_I2C_IsDeviceReady)
    HAL_I2C_Mem_Read                         0x080063d9   Thumb Code   360  stm32f7xx_hal_i2c.o(i.HAL_I2C_Mem_Read)
    HAL_I2C_Mem_Write                        0x08006545   Thumb Code   354  stm32f7xx_hal_i2c.o(i.HAL_I2C_Mem_Write)
    HAL_I2C_MspDeInit                        0x080066ad   Thumb Code     2  stm32f7xx_hal_i2c.o(i.HAL_I2C_MspDeInit)
    HAL_I2C_MspInit                          0x080066af   Thumb Code     2  stm32f7xx_hal_i2c.o(i.HAL_I2C_MspInit)
    HAL_IncTick                              0x080066b1   Thumb Code    10  stm32f7xx_hal.o(i.HAL_IncTick)
    HAL_Init                                 0x080066c1   Thumb Code    32  stm32f7xx_hal.o(i.HAL_Init)
    HAL_InitTick                             0x080066e5   Thumb Code    34  stm32f7xx_hal.o(i.HAL_InitTick)
    HAL_LTDC_ConfigLayer                     0x0800670d   Thumb Code    82  stm32f7xx_hal_ltdc.o(i.HAL_LTDC_ConfigLayer)
    HAL_LTDC_GetState                        0x0800675f   Thumb Code     6  stm32f7xx_hal_ltdc.o(i.HAL_LTDC_GetState)
    HAL_LTDC_Init                            0x08006765   Thumb Code   252  stm32f7xx_hal_ltdc.o(i.HAL_LTDC_Init)
    HAL_LTDC_MspInit                         0x08006865   Thumb Code     2  stm32f7xx_hal_ltdc.o(i.HAL_LTDC_MspInit)
    HAL_MPU_ConfigRegion                     0x08006869   Thumb Code    86  stm32f7xx_hal_cortex.o(i.HAL_MPU_ConfigRegion)
    HAL_MPU_Disable                          0x080068c5   Thumb Code    24  stm32f7xx_hal_cortex.o(i.HAL_MPU_Disable)
    HAL_MPU_Enable                           0x080068e1   Thumb Code    30  stm32f7xx_hal_cortex.o(i.HAL_MPU_Enable)
    HAL_MspInit                              0x08006905   Thumb Code     2  stm32f7xx_hal.o(i.HAL_MspInit)
    HAL_NVIC_DisableIRQ                      0x08006907   Thumb Code    22  stm32f7xx_hal_cortex.o(i.HAL_NVIC_DisableIRQ)
    HAL_NVIC_EnableIRQ                       0x0800691d   Thumb Code    22  stm32f7xx_hal_cortex.o(i.HAL_NVIC_EnableIRQ)
    HAL_NVIC_SetPriority                     0x08006935   Thumb Code    60  stm32f7xx_hal_cortex.o(i.HAL_NVIC_SetPriority)
    HAL_NVIC_SetPriorityGrouping             0x08006975   Thumb Code    28  stm32f7xx_hal_cortex.o(i.HAL_NVIC_SetPriorityGrouping)
    HAL_PWREx_EnableOverDrive                0x08006999   Thumb Code   100  stm32f7xx_hal_pwr_ex.o(i.HAL_PWREx_EnableOverDrive)
    HAL_QSPI_Abort                           0x08006a05   Thumb Code   124  stm32f7xx_hal_qspi.o(i.HAL_QSPI_Abort)
    HAL_QSPI_AutoPolling                     0x08006a81   Thumb Code   172  stm32f7xx_hal_qspi.o(i.HAL_QSPI_AutoPolling)
    HAL_QSPI_Command                         0x08006b2d   Thumb Code   134  stm32f7xx_hal_qspi.o(i.HAL_QSPI_Command)
    HAL_QSPI_DeInit                          0x08006bb3   Thumb Code    58  stm32f7xx_hal_qspi.o(i.HAL_QSPI_DeInit)
    HAL_QSPI_Init                            0x08006bed   Thumb Code   184  stm32f7xx_hal_qspi.o(i.HAL_QSPI_Init)
    HAL_QSPI_MspDeInit                       0x08006cad   Thumb Code     2  stm32f7xx_hal_qspi.o(i.HAL_QSPI_MspDeInit)
    HAL_QSPI_MspInit                         0x08006caf   Thumb Code     2  stm32f7xx_hal_qspi.o(i.HAL_QSPI_MspInit)
    HAL_QSPI_Receive                         0x08006cb1   Thumb Code   194  stm32f7xx_hal_qspi.o(i.HAL_QSPI_Receive)
    HAL_QSPI_Transmit                        0x08006d75   Thumb Code   186  stm32f7xx_hal_qspi.o(i.HAL_QSPI_Transmit)
    HAL_RCCEx_GetPeriphCLKConfig             0x08006e31   Thumb Code   298  stm32f7xx_hal_rcc_ex.o(i.HAL_RCCEx_GetPeriphCLKConfig)
    HAL_RCCEx_GetPeriphCLKFreq               0x08006f65   Thumb Code   268  stm32f7xx_hal_rcc_ex.o(i.HAL_RCCEx_GetPeriphCLKFreq)
    HAL_RCCEx_PeriphCLKConfig                0x08007085   Thumb Code  1276  stm32f7xx_hal_rcc_ex.o(i.HAL_RCCEx_PeriphCLKConfig)
    HAL_RCC_ClockConfig                      0x08007581   Thumb Code   258  stm32f7xx_hal_rcc.o(i.HAL_RCC_ClockConfig)
    HAL_RCC_GetSysClockFreq                  0x08007695   Thumb Code    84  stm32f7xx_hal_rcc.o(i.HAL_RCC_GetSysClockFreq)
    HAL_RCC_OscConfig                        0x080076f5   Thumb Code   810  stm32f7xx_hal_rcc.o(i.HAL_RCC_OscConfig)
    HAL_SAI_DMAPause                         0x08007a2d   Thumb Code    38  stm32f7xx_hal_sai.o(i.HAL_SAI_DMAPause)
    HAL_SAI_DMAResume                        0x08007a53   Thumb Code    54  stm32f7xx_hal_sai.o(i.HAL_SAI_DMAResume)
    HAL_SAI_DMAStop                          0x08007a89   Thumb Code    88  stm32f7xx_hal_sai.o(i.HAL_SAI_DMAStop)
    HAL_SAI_DeInit                           0x08007ae1   Thumb Code    66  stm32f7xx_hal_sai.o(i.HAL_SAI_DeInit)
    HAL_SAI_ErrorCallback                    0x08007b25   Thumb Code    46  stm32746g_discovery_audio.o(i.HAL_SAI_ErrorCallback)
    HAL_SAI_GetState                         0x08007b59   Thumb Code     6  stm32f7xx_hal_sai.o(i.HAL_SAI_GetState)
    HAL_SAI_Init                             0x08007b61   Thumb Code   470  stm32f7xx_hal_sai.o(i.HAL_SAI_Init)
    HAL_SAI_MspDeInit                        0x08007d49   Thumb Code     2  stm32f7xx_hal_sai.o(i.HAL_SAI_MspDeInit)
    HAL_SAI_MspInit                          0x08007d4b   Thumb Code     2  stm32f7xx_hal_sai.o(i.HAL_SAI_MspInit)
    HAL_SAI_Receive_DMA                      0x08007d4d   Thumb Code   158  stm32f7xx_hal_sai.o(i.HAL_SAI_Receive_DMA)
    HAL_SAI_RxCpltCallback                   0x08007df9   Thumb Code     8  stm32746g_discovery_audio.o(i.HAL_SAI_RxCpltCallback)
    HAL_SAI_RxHalfCpltCallback               0x08007e01   Thumb Code     8  stm32746g_discovery_audio.o(i.HAL_SAI_RxHalfCpltCallback)
    HAL_SAI_Transmit_DMA                     0x08007e09   Thumb Code   158  stm32f7xx_hal_sai.o(i.HAL_SAI_Transmit_DMA)
    HAL_SAI_TxCpltCallback                   0x08007eb5   Thumb Code     8  stm32746g_discovery_audio.o(i.HAL_SAI_TxCpltCallback)
    HAL_SAI_TxHalfCpltCallback               0x08007ebd   Thumb Code     8  stm32746g_discovery_audio.o(i.HAL_SAI_TxHalfCpltCallback)
    HAL_SDRAM_DMA_XferCpltCallback           0x08007ec5   Thumb Code     8  sdram_dma.o(i.HAL_SDRAM_DMA_XferCpltCallback)
    HAL_SDRAM_DMA_XferErrorCallback          0x08007ed1   Thumb Code    24  sdram_dma.o(i.HAL_SDRAM_DMA_XferErrorCallback)
    HAL_SDRAM_Init                           0x08007ef9   Thumb Code    66  stm32f7xx_hal_sdram.o(i.HAL_SDRAM_Init)
    HAL_SDRAM_MspInit                        0x08007f3b   Thumb Code     2  stm32f7xx_hal_sdram.o(i.HAL_SDRAM_MspInit)
    HAL_SDRAM_ProgramRefreshRate             0x08007f3d   Thumb Code    34  stm32f7xx_hal_sdram.o(i.HAL_SDRAM_ProgramRefreshRate)
    HAL_SDRAM_Read_32b                       0x08007f5f   Thumb Code    60  stm32f7xx_hal_sdram.o(i.HAL_SDRAM_Read_32b)
    HAL_SDRAM_Read_DMA                       0x08007f9d   Thumb Code    64  stm32f7xx_hal_sdram.o(i.HAL_SDRAM_Read_DMA)
    HAL_SDRAM_SendCommand                    0x08007fe5   Thumb Code    48  stm32f7xx_hal_sdram.o(i.HAL_SDRAM_SendCommand)
    HAL_SDRAM_Write_32b                      0x08008015   Thumb Code    60  stm32f7xx_hal_sdram.o(i.HAL_SDRAM_Write_32b)
    HAL_SDRAM_Write_DMA                      0x08008051   Thumb Code    74  stm32f7xx_hal_sdram.o(i.HAL_SDRAM_Write_DMA)
    HAL_SD_ConfigWideBusOperation            0x080080a5   Thumb Code   120  stm32f7xx_hal_sd.o(i.HAL_SD_ConfigWideBusOperation)
    HAL_SD_Erase                             0x0800811d   Thumb Code   182  stm32f7xx_hal_sd.o(i.HAL_SD_Erase)
    HAL_SD_GetCardCSD                        0x080081d3   Thumb Code   506  stm32f7xx_hal_sd.o(i.HAL_SD_GetCardCSD)
    HAL_SD_GetCardState                      0x080083cd   Thumb Code    44  stm32f7xx_hal_sd.o(i.HAL_SD_GetCardState)
    HAL_SD_Init                              0x080083f9   Thumb Code    54  stm32f7xx_hal_sd.o(i.HAL_SD_Init)
    HAL_SD_InitCard                          0x0800842f   Thumb Code    92  stm32f7xx_hal_sd.o(i.HAL_SD_InitCard)
    HAL_SD_MspInit                           0x0800848b   Thumb Code     2  stm32f7xx_hal_sd.o(i.HAL_SD_MspInit)
    HAL_SD_ReadBlocks                        0x0800848d   Thumb Code   432  stm32f7xx_hal_sd.o(i.HAL_SD_ReadBlocks)
    HAL_SD_WriteBlocks                       0x0800863d   Thumb Code   418  stm32f7xx_hal_sd.o(i.HAL_SD_WriteBlocks)
    HAL_SYSTICK_Config                       0x080087df   Thumb Code    38  stm32f7xx_hal_cortex.o(i.HAL_SYSTICK_Config)
    HardFault_Handler                        0x08008805   Thumb Code     2  stm32f7xx_it.o(i.HardFault_Handler)
    LCD_LOG_ClearTextZone                    0x08008c75   Thumb Code    26  lcd_log.o(i.LCD_LOG_ClearTextZone)
    LCD_LOG_DeInit                           0x08008c91   Thumb Code    32  lcd_log.o(i.LCD_LOG_DeInit)
    LCD_LOG_Init                             0x08008cb9   Thumb Code    18  lcd_log.o(i.LCD_LOG_Init)
    LCD_LOG_ScrollBack                       0x08008ccd   Thumb Code   124  lcd_log.o(i.LCD_LOG_ScrollBack)
    LCD_LOG_ScrollForward                    0x08008d4d   Thumb Code    92  lcd_log.o(i.LCD_LOG_ScrollForward)
    LCD_LOG_SetHeader                        0x08008dad   Thumb Code    94  lcd_log.o(i.LCD_LOG_SetHeader)
    LCD_LOG_UpdateDisplay                    0x08008e19   Thumb Code   124  lcd_log.o(i.LCD_LOG_UpdateDisplay)
    LCD_demo                                 0x08009275   Thumb Code    48  lcd.o(i.LCD_demo)
    Log_demo                                 0x08009561   Thumb Code   138  log.o(i.Log_demo)
    MemManage_Handler                        0x08009615   Thumb Code     2  stm32f7xx_it.o(i.MemManage_Handler)
    NMI_Handler                              0x08009617   Thumb Code     2  stm32f7xx_it.o(i.NMI_Handler)
    PendSV_Handler                           0x0800963b   Thumb Code     2  stm32f7xx_it.o(i.PendSV_Handler)
    QSPI_demo                                0x08009ae1   Thumb Code   434  qspi.o(i.QSPI_demo)
    SDMMC_CmdAppCommand                      0x0800a111   Thumb Code    50  stm32f7xx_ll_sdmmc.o(i.SDMMC_CmdAppCommand)
    SDMMC_CmdAppOperCommand                  0x0800a145   Thumb Code    48  stm32f7xx_ll_sdmmc.o(i.SDMMC_CmdAppOperCommand)
    SDMMC_CmdBlockLength                     0x0800a179   Thumb Code    50  stm32f7xx_ll_sdmmc.o(i.SDMMC_CmdBlockLength)
    SDMMC_CmdBusWidth                        0x0800a1ab   Thumb Code    50  stm32f7xx_ll_sdmmc.o(i.SDMMC_CmdBusWidth)
    SDMMC_CmdErase                           0x0800a1dd   Thumb Code    48  stm32f7xx_ll_sdmmc.o(i.SDMMC_CmdErase)
    SDMMC_CmdGoIdleState                     0x0800a20d   Thumb Code    76  stm32f7xx_ll_sdmmc.o(i.SDMMC_CmdGoIdleState)
    SDMMC_CmdOperCond                        0x0800a25d   Thumb Code    94  stm32f7xx_ll_sdmmc.o(i.SDMMC_CmdOperCond)
    SDMMC_CmdReadMultiBlock                  0x0800a2c1   Thumb Code    50  stm32f7xx_ll_sdmmc.o(i.SDMMC_CmdReadMultiBlock)
    SDMMC_CmdReadSingleBlock                 0x0800a2f3   Thumb Code    50  stm32f7xx_ll_sdmmc.o(i.SDMMC_CmdReadSingleBlock)
    SDMMC_CmdSDEraseEndAdd                   0x0800a325   Thumb Code    50  stm32f7xx_ll_sdmmc.o(i.SDMMC_CmdSDEraseEndAdd)
    SDMMC_CmdSDEraseStartAdd                 0x0800a357   Thumb Code    50  stm32f7xx_ll_sdmmc.o(i.SDMMC_CmdSDEraseStartAdd)
    SDMMC_CmdSelDesel                        0x0800a389   Thumb Code    48  stm32f7xx_ll_sdmmc.o(i.SDMMC_CmdSelDesel)
    SDMMC_CmdSendCID                         0x0800a3b9   Thumb Code    42  stm32f7xx_ll_sdmmc.o(i.SDMMC_CmdSendCID)
    SDMMC_CmdSendCSD                         0x0800a3e3   Thumb Code    46  stm32f7xx_ll_sdmmc.o(i.SDMMC_CmdSendCSD)
    SDMMC_CmdSendSCR                         0x0800a411   Thumb Code    48  stm32f7xx_ll_sdmmc.o(i.SDMMC_CmdSendSCR)
    SDMMC_CmdSendStatus                      0x0800a441   Thumb Code    50  stm32f7xx_ll_sdmmc.o(i.SDMMC_CmdSendStatus)
    SDMMC_CmdSetRelAdd                       0x0800a473   Thumb Code    48  stm32f7xx_ll_sdmmc.o(i.SDMMC_CmdSetRelAdd)
    SDMMC_CmdStopTransfer                    0x0800a4a5   Thumb Code    46  stm32f7xx_ll_sdmmc.o(i.SDMMC_CmdStopTransfer)
    SDMMC_CmdWriteMultiBlock                 0x0800a4d9   Thumb Code    50  stm32f7xx_ll_sdmmc.o(i.SDMMC_CmdWriteMultiBlock)
    SDMMC_CmdWriteSingleBlock                0x0800a50b   Thumb Code    50  stm32f7xx_ll_sdmmc.o(i.SDMMC_CmdWriteSingleBlock)
    SDMMC_ConfigData                         0x0800a53d   Thumb Code    38  stm32f7xx_ll_sdmmc.o(i.SDMMC_ConfigData)
    SDMMC_GetPowerState                      0x0800a795   Thumb Code     8  stm32f7xx_ll_sdmmc.o(i.SDMMC_GetPowerState)
    SDMMC_GetResponse                        0x0800a79d   Thumb Code    12  stm32f7xx_ll_sdmmc.o(i.SDMMC_GetResponse)
    SDMMC_Init                               0x0800a7a9   Thumb Code    34  stm32f7xx_ll_sdmmc.o(i.SDMMC_Init)
    SDMMC_PowerState_ON                      0x0800a7cb   Thumb Code     8  stm32f7xx_ll_sdmmc.o(i.SDMMC_PowerState_ON)
    SDMMC_ReadFIFO                           0x0800a7d3   Thumb Code     6  stm32f7xx_ll_sdmmc.o(i.SDMMC_ReadFIFO)
    SDMMC_SendCommand                        0x0800a7d9   Thumb Code    34  stm32f7xx_ll_sdmmc.o(i.SDMMC_SendCommand)
    SDMMC_WriteFIFO                          0x0800a7fb   Thumb Code    10  stm32f7xx_ll_sdmmc.o(i.SDMMC_WriteFIFO)
    SDRAM_DMA_demo                           0x0800a901   Thumb Code   276  sdram_dma.o(i.SDRAM_DMA_demo)
    SDRAM_demo                               0x0800ac65   Thumb Code   230  sdram.o(i.SDRAM_demo)
    SD_demo                                  0x0800b269   Thumb Code   412  sd.o(i.SD_demo)
    SVC_Handler                              0x0800b555   Thumb Code     2  stm32f7xx_it.o(i.SVC_Handler)
    SysTick_Handler                          0x0800b557   Thumb Code     4  stm32f7xx_it.o(i.SysTick_Handler)
    SystemInit                               0x0800b5f5   Thumb Code    68  system_stm32f7xx.o(i.SystemInit)
    TS_IO_Delay                              0x0800b649   Thumb Code     4  stm32746g_discovery.o(i.TS_IO_Delay)
    TS_IO_Init                               0x0800b64d   Thumb Code     6  stm32746g_discovery.o(i.TS_IO_Init)
    TS_IO_Read                               0x0800b659   Thumb Code    34  stm32746g_discovery.o(i.TS_IO_Read)
    TS_IO_Write                              0x0800b681   Thumb Code    26  stm32746g_discovery.o(i.TS_IO_Write)
    Touchscreen_demo                         0x0800b9f1   Thumb Code   884  touchscreen.o(i.Touchscreen_demo)
    UsageFault_Handler                       0x0800be15   Thumb Code     2  stm32f7xx_it.o(i.UsageFault_Handler)
    __0printf$6                              0x0800be19   Thumb Code    22  printf6.o(i.__0printf$6)
    __1printf$6                              0x0800be19   Thumb Code     0  printf6.o(i.__0printf$6)
    __2printf                                0x0800be19   Thumb Code     0  printf6.o(i.__0printf$6)
    __0snprintf$6                            0x0800be39   Thumb Code    44  printf6.o(i.__0snprintf$6)
    __1snprintf$6                            0x0800be39   Thumb Code     0  printf6.o(i.__0snprintf$6)
    __2snprintf                              0x0800be39   Thumb Code     0  printf6.o(i.__0snprintf$6)
    __0sprintf$6                             0x0800be69   Thumb Code    34  printf6.o(i.__0sprintf$6)
    __1sprintf$6                             0x0800be69   Thumb Code     0  printf6.o(i.__0sprintf$6)
    __2sprintf                               0x0800be69   Thumb Code     0  printf6.o(i.__0sprintf$6)
    __scatterload_copy                       0x0800be91   Thumb Code    14  handlers.o(i.__scatterload_copy)
    __scatterload_null                       0x0800be9f   Thumb Code     2  handlers.o(i.__scatterload_null)
    __scatterload_zeroinit                   0x0800bea1   Thumb Code    14  handlers.o(i.__scatterload_zeroinit)
    arm_convolve_HWC_q7_RGB                  0x0800c213   Thumb Code   258  arm_convolve_hwc_q7_rgb.o(i.arm_convolve_HWC_q7_RGB)
    arm_convolve_HWC_q7_fast                 0x0800c315   Thumb Code   276  arm_convolve_hwc_q7_fast.o(i.arm_convolve_HWC_q7_fast)
    arm_fully_connected_q7_opt               0x0800c429   Thumb Code   530  arm_fully_connected_q7_opt.o(i.arm_fully_connected_q7_opt)
    arm_maxpool_q7_HWC                       0x0800c63b   Thumb Code   178  arm_pool_q7_hwc.o(i.arm_maxpool_q7_HWC)
    arm_relu_q7                              0x0800c6ed   Thumb Code    26  arm_relu_q7.o(i.arm_relu_q7)
    arm_softmax_q7                           0x0800c707   Thumb Code   116  arm_softmax_q7.o(i.arm_softmax_q7)
    fputc                                    0x0800c77d   Thumb Code   258  lcd_log.o(i.fputc)
    ft5336_Init                              0x0800c8a1   Thumb Code    16  ft5336.o(i.ft5336_Init)
    ft5336_ReadID                            0x0800c8b1   Thumb Code    58  ft5336.o(i.ft5336_ReadID)
    ft5336_Reset                             0x0800c8eb   Thumb Code     2  ft5336.o(i.ft5336_Reset)
    ft5336_TS_ClearIT                        0x0800c8ed   Thumb Code     2  ft5336.o(i.ft5336_TS_ClearIT)
    ft5336_TS_DetectTouch                    0x0800c8f1   Thumb Code    60  ft5336.o(i.ft5336_TS_DetectTouch)
    ft5336_TS_DisableIT                      0x0800c931   Thumb Code    10  ft5336.o(i.ft5336_TS_DisableIT)
    ft5336_TS_EnableIT                       0x0800c93b   Thumb Code    10  ft5336.o(i.ft5336_TS_EnableIT)
    ft5336_TS_GetGestureID                   0x0800c945   Thumb Code    30  ft5336.o(i.ft5336_TS_GetGestureID)
    ft5336_TS_GetTouchInfo                   0x0800c965   Thumb Code   200  ft5336.o(i.ft5336_TS_GetTouchInfo)
    ft5336_TS_GetXY                          0x0800ca31   Thumb Code   282  ft5336.o(i.ft5336_TS_GetXY)
    ft5336_TS_ITStatus                       0x0800cb51   Thumb Code     4  ft5336.o(i.ft5336_TS_ITStatus)
    ft5336_TS_Start                          0x0800cb55   Thumb Code     4  ft5336.o(i.ft5336_TS_Start)
    main                                     0x0800cb59   Thumb Code   134  main.o(i.main)
    ov9655_Config                            0x0800cbe9   Thumb Code   174  ov9655.o(i.ov9655_Config)
    ov9655_Init                              0x0800cd45   Thumb Code   146  ov9655.o(i.ov9655_Init)
    ov9655_ReadID                            0x0800cde5   Thumb Code    20  ov9655.o(i.ov9655_ReadID)
    run_nn                                   0x0800cdf9   Thumb Code   466  main.o(i.run_nn)
    wm8994_DeInit                            0x0800cff9   Thumb Code     4  wm8994.o(i.wm8994_DeInit)
    wm8994_Init                              0x0800cffd   Thumb Code  1546  wm8994.o(i.wm8994_Init)
    wm8994_Pause                             0x0800d60d   Thumb Code    26  wm8994.o(i.wm8994_Pause)
    wm8994_Play                              0x0800d627   Thumb Code     6  wm8994.o(i.wm8994_Play)
    wm8994_ReadID                            0x0800d62d   Thumb Code    20  wm8994.o(i.wm8994_ReadID)
    wm8994_Reset                             0x0800d641   Thumb Code    22  wm8994.o(i.wm8994_Reset)
    wm8994_Resume                            0x0800d65d   Thumb Code     6  wm8994.o(i.wm8994_Resume)
    wm8994_SetFrequency                      0x0800d663   Thumb Code   130  wm8994.o(i.wm8994_SetFrequency)
    wm8994_SetMute                           0x0800d6e5   Thumb Code    82  wm8994.o(i.wm8994_SetMute)
    wm8994_SetOutputMode                     0x0800d73d   Thumb Code   188  wm8994.o(i.wm8994_SetOutputMode)
    wm8994_SetVolume                         0x0800d7f9   Thumb Code   280  wm8994.o(i.wm8994_SetVolume)
    wm8994_Stop                              0x0800d915   Thumb Code   120  wm8994.o(i.wm8994_Stop)
    AHBPrescTable                            0x0800d990   Data          16  system_stm32f7xx.o(.constdata)
    OV9655_VGA                               0x0800d9a0   Data         294  ov9655.o(.constdata)
    OV9655_QVGA                              0x0800dac6   Data         300  ov9655.o(.constdata)
    OV9655_QQVGA                             0x0800dbf2   Data         300  ov9655.o(.constdata)
    stlogo                                   0x0800dd38   Data        9174  main.o(.constdata)
    COM_TX_PIN                               0x08010128   Data           2  stm32746g_discovery.o(.constdata)
    COM_RX_PIN                               0x0801012a   Data           2  stm32746g_discovery.o(.constdata)
    COM_TX_AF                                0x0801012c   Data           2  stm32746g_discovery.o(.constdata)
    COM_RX_AF                                0x0801012e   Data           2  stm32746g_discovery.o(.constdata)
    GPIO_PIN                                 0x08010130   Data           4  stm32746g_discovery.o(.constdata)
    BUTTON_PIN                               0x08010134   Data           6  stm32746g_discovery.o(.constdata)
    BUTTON_IRQn                              0x0801013a   Data           6  stm32746g_discovery.o(.constdata)
    Font24_Table                             0x08010140   Data        6840  stm32746g_discovery_lcd.o(.constdata)
    Font20_Table                             0x08011bf8   Data        3800  stm32746g_discovery_lcd.o(.constdata)
    Font16_Table                             0x08012ad0   Data        3040  stm32746g_discovery_lcd.o(.constdata)
    Font12_Table                             0x080136b0   Data        1140  stm32746g_discovery_lcd.o(.constdata)
    Region$$Table$$Base                      0x08013b7c   Number         0  anon$$obj.o(Region$$Table)
    Region$$Table$$Limit                     0x08013b9c   Number         0  anon$$obj.o(Region$$Table)
    SystemCoreClock                          0x20000000   Data           4  system_stm32f7xx.o(.data)
    ov9655_drv                               0x20000004   Data          12  ov9655.o(.data)
    ft5336_ts_drv                            0x20000010   Data          40  ft5336.o(.data)
    wm8994_drv                               0x20000040   Data          48  wm8994.o(.data)
    EEPROMConnected                          0x2000007d   Data           1  eeprom.o(.data)
    Tx1Buffer                                0x2000007e   Data         520  eeprom.o(.data)
    uwDMA_Transfer_Complete                  0x20000288   Data           4  sdram_dma.o(.data)
    uwVolume                                 0x20000290   Data           4  audio_play.o(.data)
    uwPauseEnabledStatus                     0x20000294   Data           4  audio_play.o(.data)
    audio_rec_buffer_state                   0x200002c4   Data           4  audio_rec.o(.data)
    ErrorCounter                             0x200002cc   Data           4  main.o(.data)
    classes                                  0x20008490   Data          40  main.o(.data)
    BSP_examples                             0x200084b8   Data         660  main.o(.data)
    NbLoop                                   0x2000874c   Data           1  main.o(.data)
    COM_USART                                0x20008784   Data           4  stm32746g_discovery.o(.data)
    COM_TX_PORT                              0x20008788   Data           4  stm32746g_discovery.o(.data)
    COM_RX_PORT                              0x2000878c   Data           4  stm32746g_discovery.o(.data)
    BUTTON_PORT                              0x20008790   Data          12  stm32746g_discovery.o(.data)
    Font24                                   0x200087a0   Data           8  stm32746g_discovery_lcd.o(.data)
    Font20                                   0x200087a8   Data           8  stm32746g_discovery_lcd.o(.data)
    Font16                                   0x200087b0   Data           8  stm32746g_discovery_lcd.o(.data)
    Font12                                   0x200087b8   Data           8  stm32746g_discovery_lcd.o(.data)
    EEPROMDataWrite                          0x200087cc   Data           1  stm32746g_discovery_eeprom.o(.data)
    EEPROMAddress                            0x200087ce   Data           2  stm32746g_discovery_eeprom.o(.data)
    EEPROMDataRead                           0x200087d0   Data           2  stm32746g_discovery_eeprom.o(.data)
    AudioInVolume                            0x200087d4   Data           2  stm32746g_discovery_audio.o(.data)
    audio_drv                                0x200087d8   Data           4  stm32746g_discovery_audio.o(.data)
    camera_drv                               0x200087dc   Data           4  stm32746g_discovery_camera.o(.data)
    uwTick                                   0x200087ec   Data           4  stm32f7xx_hal.o(.data)
    LCD_CacheBuffer_yptr_invert              0x200087f0   Data           1  lcd_log.o(.data)
    LCD_ScrollActive                         0x200087f1   Data           1  lcd_log.o(.data)
    LCD_Lock                                 0x200087f2   Data           1  lcd_log.o(.data)
    LCD_Scrolled                             0x200087f3   Data           1  lcd_log.o(.data)
    LCD_CacheBuffer_xptr                     0x200087f4   Data           2  lcd_log.o(.data)
    LCD_CacheBuffer_yptr_top                 0x200087f6   Data           2  lcd_log.o(.data)
    LCD_CacheBuffer_yptr_bottom              0x200087f8   Data           2  lcd_log.o(.data)
    LCD_CacheBuffer_yptr_top_bak             0x200087fa   Data           2  lcd_log.o(.data)
    LCD_CacheBuffer_yptr_bottom_bak          0x200087fc   Data           2  lcd_log.o(.data)
    LCD_ScrollBackStep                       0x200087fe   Data           2  lcd_log.o(.data)
    LCD_LineColor                            0x20008800   Data           4  lcd_log.o(.data)
    __stdout                                 0x20008804   Data           4  stdout.o(.data)
    Rx1Buffer                                0x20009008   Data         527  eeprom.o(.bss)
    Tx2Buffer                                0x20009217   Data         527  eeprom.o(.bss)
    output_data                              0x2002a458   Data          10  main.o(.bss)
    col_buffer                               0x2002a462   Data        3200  main.o(.bss)
    scratch_buffer                           0x2002b0e2   Data       40960  main.o(.bss)
    qspi_aTxBuffer                           0x200350f8   Data         512  qspi.o(.bss)
    qspi_aRxBuffer                           0x200352f8   Data         512  qspi.o(.bss)
    image_data_cam                           0x20035538   Data        3072  camera.o(.bss)
    aTxBuffer                                0x20036138   Data        2560  sd.o(.bss)
    aRxBuffer                                0x20036b38   Data        2560  sd.o(.bss)
    QSPIHandle                               0x200375d0   Data          76  stm32746g_discovery_qspi.o(.bss)
    hLtdcHandler                             0x200376a0   Data         168  stm32746g_discovery_lcd.o(.bss)
    haudio_out_sai                           0x200377c8   Data         132  stm32746g_discovery_audio.o(.bss)
    haudio_in_sai                            0x2003784c   Data         132  stm32746g_discovery_audio.o(.bss)
    hDcmiHandler                             0x20037a50   Data          80  stm32746g_discovery_camera.o(.bss)
    sdramHandle                              0x20037b60   Data          52  stm32746g_discovery_sdram.o(.bss)
    uSdHandle                                0x20037d40   Data         132  stm32746g_discovery_sd.o(.bss)
    LCD_CacheBuffer                          0x20037dc4   Data       15444  lcd_log.o(.bss)
    __initial_sp                             0x2003be18   Data           0  startup_stm32f746xx.o(STACK)



==============================================================================

Memory Map of the image

  Image Entry point : 0x080001c9

  Load Region LR_IROM1 (Base: 0x08000000, Size: 0x0001c3a4, Max: 0x00100000, ABSOLUTE)

    Execution Region ER_IROM1 (Exec base: 0x08000000, Load base: 0x08000000, Size: 0x00013b9c, Max: 0x00100000, ABSOLUTE)

    Exec Addr    Load Addr    Size         Type   Attr      Idx    E Section Name        Object

    0x08000000   0x08000000   0x000001c8   Data   RO            3    RESET               startup_stm32f746xx.o
    0x080001c8   0x080001c8   0x00000000   Code   RO         8556  * .ARM.Collect$$$$00000000  mc_w.l(entry.o)
    0x080001c8   0x080001c8   0x00000004   Code   RO         8828    .ARM.Collect$$$$00000001  mc_w.l(entry2.o)
    0x080001cc   0x080001cc   0x00000004   Code   RO         8831    .ARM.Collect$$$$00000004  mc_w.l(entry5.o)
    0x080001d0   0x080001d0   0x00000000   Code   RO         8833    .ARM.Collect$$$$00000008  mc_w.l(entry7b.o)
    0x080001d0   0x080001d0   0x00000000   Code   RO         8835    .ARM.Collect$$$$0000000A  mc_w.l(entry8b.o)
    0x080001d0   0x080001d0   0x00000008   Code   RO         8836    .ARM.Collect$$$$0000000B  mc_w.l(entry9a.o)
    0x080001d8   0x080001d8   0x00000000   Code   RO         8838    .ARM.Collect$$$$0000000D  mc_w.l(entry10a.o)
    0x080001d8   0x080001d8   0x00000000   Code   RO         8840    .ARM.Collect$$$$0000000F  mc_w.l(entry11a.o)
    0x080001d8   0x080001d8   0x00000004   Code   RO         8829    .ARM.Collect$$$$00002712  mc_w.l(entry2.o)
    0x080001dc   0x080001dc   0x00000024   Code   RO            4    .text               startup_stm32f746xx.o
    0x08000200   0x08000200   0x00000024   Code   RO         8561    .text               mc_w.l(memcpya.o)
    0x08000224   0x08000224   0x00000024   Code   RO         8563    .text               mc_w.l(memseta.o)
    0x08000248   0x08000248   0x0000002c   Code   RO         8843    .text               mc_w.l(uidiv.o)
    0x08000274   0x08000274   0x00000024   Code   RO         8858    .text               mc_w.l(init.o)
    0x08000298   0x08000298   0x00000002   Code   RO         1222    i.AUDIO_IO_DeInit   stm32746g_discovery.o
    0x0800029a   0x0800029a   0x00000004   Code   RO         1223    i.AUDIO_IO_Delay    stm32746g_discovery.o
    0x0800029e   0x0800029e   0x00000002   PAD
    0x080002a0   0x080002a0   0x0000000c   Code   RO         1224    i.AUDIO_IO_Init     stm32746g_discovery.o
    0x080002ac   0x080002ac   0x00000034   Code   RO         1225    i.AUDIO_IO_Read     stm32746g_discovery.o
    0x080002e0   0x080002e0   0x00000034   Code   RO         1226    i.AUDIO_IO_Write    stm32746g_discovery.o
    0x08000314   0x08000314   0x00000080   Code   RO          664    i.AUDIO_Process     audio_play.o
    0x08000394   0x08000394   0x00000048   Code   RO          665    i.AUDIO_Start       audio_play.o
    0x080003dc   0x080003dc   0x000000d8   Code   RO          585    i.AudioLoopback_SetHint  audio_loopback.o
    0x080004b4   0x080004b4   0x000001bc   Code   RO          586    i.AudioLoopback_demo  audio_loopback.o
    0x08000670   0x08000670   0x00000364   Code   RO          666    i.AudioPlay_demo    audio_play.o
    0x080009d4   0x080009d4   0x000000d8   Code   RO          768    i.AudioRec_SetHint  audio_rec.o
    0x08000aac   0x08000aac   0x00000210   Code   RO          769    i.AudioRec_demo     audio_rec.o
    0x08000cbc   0x08000cbc   0x00000178   Code   RO          667    i.Audio_SetHint     audio_play.o
    0x08000e34   0x08000e34   0x0000004c   Code   RO          770    i.BSP_AUDIO_IN_Error_CallBack  audio_rec.o
    0x08000e80   0x08000e80   0x0000000c   Code   RO          771    i.BSP_AUDIO_IN_HalfTransfer_CallBack  audio_rec.o
    0x08000e8c   0x08000e8c   0x0000000e   Code   RO         2060    i.BSP_AUDIO_IN_Init  stm32746g_discovery_audio.o
    0x08000e9a   0x08000e9a   0x00000002   PAD
    0x08000e9c   0x08000e9c   0x00000098   Code   RO         2061    i.BSP_AUDIO_IN_InitEx  stm32746g_discovery_audio.o
    0x08000f34   0x08000f34   0x00000100   Code   RO         2063    i.BSP_AUDIO_IN_MspInit  stm32746g_discovery_audio.o
    0x08001034   0x08001034   0x000000a0   Code   RO         2064    i.BSP_AUDIO_IN_OUT_Init  stm32746g_discovery_audio.o
    0x080010d4   0x080010d4   0x00000014   Code   RO         2066    i.BSP_AUDIO_IN_Record  stm32746g_discovery_audio.o
    0x080010e8   0x080010e8   0x00000034   Code   RO         2069    i.BSP_AUDIO_IN_Stop  stm32746g_discovery_audio.o
    0x0800111c   0x0800111c   0x0000000c   Code   RO          772    i.BSP_AUDIO_IN_TransferComplete_CallBack  audio_rec.o
    0x08001128   0x08001128   0x00000052   Code   RO         2072    i.BSP_AUDIO_OUT_ClockConfig  stm32746g_discovery_audio.o
    0x0800117a   0x0800117a   0x00000002   PAD
    0x0800117c   0x0800117c   0x00000014   Code   RO         2073    i.BSP_AUDIO_OUT_DeInit  stm32746g_discovery_audio.o
    0x08001190   0x08001190   0x00000038   Code   RO          668    i.BSP_AUDIO_OUT_Error_CallBack  audio_play.o
    0x080011c8   0x080011c8   0x0000001c   Code   RO          669    i.BSP_AUDIO_OUT_HalfTransfer_CallBack  audio_play.o
    0x080011e4   0x080011e4   0x00000074   Code   RO         2076    i.BSP_AUDIO_OUT_Init  stm32746g_discovery_audio.o
    0x08001258   0x08001258   0x0000005c   Code   RO         2077    i.BSP_AUDIO_OUT_MspDeInit  stm32746g_discovery_audio.o
    0x080012b4   0x080012b4   0x00000138   Code   RO         2078    i.BSP_AUDIO_OUT_MspInit  stm32746g_discovery_audio.o
    0x080013ec   0x080013ec   0x00000024   Code   RO         2079    i.BSP_AUDIO_OUT_Pause  stm32746g_discovery_audio.o
    0x08001410   0x08001410   0x00000040   Code   RO         2080    i.BSP_AUDIO_OUT_Play  stm32746g_discovery_audio.o
    0x08001450   0x08001450   0x00000024   Code   RO         2081    i.BSP_AUDIO_OUT_Resume  stm32746g_discovery_audio.o
    0x08001474   0x08001474   0x00000028   Code   RO         2082    i.BSP_AUDIO_OUT_SetAudioFrameSlot  stm32746g_discovery_audio.o
    0x0800149c   0x0800149c   0x00000034   Code   RO         2083    i.BSP_AUDIO_OUT_SetFrequency  stm32746g_discovery_audio.o
    0x080014d0   0x080014d0   0x0000001c   Code   RO         2086    i.BSP_AUDIO_OUT_SetVolume  stm32746g_discovery_audio.o
    0x080014ec   0x080014ec   0x00000034   Code   RO         2087    i.BSP_AUDIO_OUT_Stop  stm32746g_discovery_audio.o
    0x08001520   0x08001520   0x00000018   Code   RO          670    i.BSP_AUDIO_OUT_TransferComplete_CallBack  audio_play.o
    0x08001538   0x08001538   0x00000024   Code   RO         2325    i.BSP_CAMERA_BlackWhiteConfig  stm32746g_discovery_camera.o
    0x0800155c   0x0800155c   0x00000024   Code   RO         2326    i.BSP_CAMERA_ColorEffectConfig  stm32746g_discovery_camera.o
    0x08001580   0x08001580   0x00000024   Code   RO         2327    i.BSP_CAMERA_ContinuousStart  stm32746g_discovery_camera.o
    0x080015a4   0x080015a4   0x00000024   Code   RO         2328    i.BSP_CAMERA_ContrastBrightnessConfig  stm32746g_discovery_camera.o
    0x080015c8   0x080015c8   0x00000002   Code   RO         2330    i.BSP_CAMERA_ErrorCallback  stm32746g_discovery_camera.o
    0x080015ca   0x080015ca   0x00000002   PAD
    0x080015cc   0x080015cc   0x00000094   Code   RO         2332    i.BSP_CAMERA_Init   stm32746g_discovery_camera.o
    0x08001660   0x08001660   0x00000108   Code   RO          958    i.BSP_CAMERA_LineEventCallback  camera.o
    0x08001768   0x08001768   0x00000168   Code   RO         2335    i.BSP_CAMERA_MspInit  stm32746g_discovery_camera.o
    0x080018d0   0x080018d0   0x00000048   Code   RO         2336    i.BSP_CAMERA_PwrDown  stm32746g_discovery_camera.o
    0x08001918   0x08001918   0x00000050   Code   RO         2337    i.BSP_CAMERA_PwrUp  stm32746g_discovery_camera.o
    0x08001968   0x08001968   0x0000001c   Code   RO         2340    i.BSP_CAMERA_Stop   stm32746g_discovery_camera.o
    0x08001984   0x08001984   0x00000034   Code   RO         1995    i.BSP_EEPROM_Init   stm32746g_discovery_eeprom.o
    0x080019b8   0x080019b8   0x00000020   Code   RO         1996    i.BSP_EEPROM_ReadBuffer  stm32746g_discovery_eeprom.o
    0x080019d8   0x080019d8   0x0000000c   Code   RO          504    i.BSP_EEPROM_TIMEOUT_UserCallback  eeprom.o
    0x080019e4   0x080019e4   0x00000020   Code   RO         1998    i.BSP_EEPROM_WaitEepromStandbyState  stm32746g_discovery_eeprom.o
    0x08001a04   0x08001a04   0x000000f0   Code   RO         1999    i.BSP_EEPROM_WriteBuffer  stm32746g_discovery_eeprom.o
    0x08001af4   0x08001af4   0x00000030   Code   RO         2000    i.BSP_EEPROM_WritePage  stm32746g_discovery_eeprom.o
    0x08001b24   0x08001b24   0x00000038   Code   RO         1545    i.BSP_LCD_Clear     stm32746g_discovery_lcd.o
    0x08001b5c   0x08001b5c   0x0000005c   Code   RO         1546    i.BSP_LCD_ClearStringLine  stm32746g_discovery_lcd.o
    0x08001bb8   0x08001bb8   0x00000020   Code   RO         1547    i.BSP_LCD_ClockConfig  stm32746g_discovery_lcd.o
    0x08001bd8   0x08001bd8   0x0000000c   Code   RO          959    i.BSP_LCD_DMA2D_IRQHandler  camera.o
    0x08001be4   0x08001be4   0x00000034   Code   RO         1549    i.BSP_LCD_DisplayChar  stm32746g_discovery_lcd.o
    0x08001c18   0x08001c18   0x000000c8   Code   RO         1552    i.BSP_LCD_DisplayStringAt  stm32746g_discovery_lcd.o
    0x08001ce0   0x08001ce0   0x0000001c   Code   RO         1553    i.BSP_LCD_DisplayStringAtLine  stm32746g_discovery_lcd.o
    0x08001cfc   0x08001cfc   0x000000d0   Code   RO         1554    i.BSP_LCD_DrawBitmap  stm32746g_discovery_lcd.o
    0x08001dcc   0x08001dcc   0x00000118   Code   RO         1555    i.BSP_LCD_DrawCircle  stm32746g_discovery_lcd.o
    0x08001ee4   0x08001ee4   0x0000011c   Code   RO         1556    i.BSP_LCD_DrawEllipse  stm32746g_discovery_lcd.o
    0x08002000   0x08002000   0x0000007c   Code   RO         1557    i.BSP_LCD_DrawHLine  stm32746g_discovery_lcd.o
    0x0800207c   0x0800207c   0x000000c4   Code   RO         1558    i.BSP_LCD_DrawLine  stm32746g_discovery_lcd.o
    0x08002140   0x08002140   0x00000064   Code   RO         1559    i.BSP_LCD_DrawPixel  stm32746g_discovery_lcd.o
    0x080021a4   0x080021a4   0x00000038   Code   RO         1560    i.BSP_LCD_DrawPolygon  stm32746g_discovery_lcd.o
    0x080021dc   0x080021dc   0x00000036   Code   RO         1561    i.BSP_LCD_DrawRect  stm32746g_discovery_lcd.o
    0x08002212   0x08002212   0x00000002   PAD
    0x08002214   0x08002214   0x00000088   Code   RO         1562    i.BSP_LCD_DrawVLine  stm32746g_discovery_lcd.o
    0x0800229c   0x0800229c   0x000000c4   Code   RO         1563    i.BSP_LCD_FillCircle  stm32746g_discovery_lcd.o
    0x08002360   0x08002360   0x000000d0   Code   RO         1564    i.BSP_LCD_FillEllipse  stm32746g_discovery_lcd.o
    0x08002430   0x08002430   0x00000114   Code   RO         1565    i.BSP_LCD_FillPolygon  stm32746g_discovery_lcd.o
    0x08002544   0x08002544   0x0000009c   Code   RO         1566    i.BSP_LCD_FillRect  stm32746g_discovery_lcd.o
    0x080025e0   0x080025e0   0x0000001c   Code   RO         1568    i.BSP_LCD_GetFont   stm32746g_discovery_lcd.o
    0x080025fc   0x080025fc   0x00000020   Code   RO         1570    i.BSP_LCD_GetXSize  stm32746g_discovery_lcd.o
    0x0800261c   0x0800261c   0x00000020   Code   RO         1571    i.BSP_LCD_GetYSize  stm32746g_discovery_lcd.o
    0x0800263c   0x0800263c   0x000000a4   Code   RO         1572    i.BSP_LCD_Init      stm32746g_discovery_lcd.o
    0x080026e0   0x080026e0   0x00000078   Code   RO         1573    i.BSP_LCD_LayerDefaultInit  stm32746g_discovery_lcd.o
    0x08002758   0x08002758   0x00000138   Code   RO         1576    i.BSP_LCD_MspInit   stm32746g_discovery_lcd.o
    0x08002890   0x08002890   0x0000000c   Code   RO         1581    i.BSP_LCD_SelectLayer  stm32746g_discovery_lcd.o
    0x0800289c   0x0800289c   0x0000001c   Code   RO         1582    i.BSP_LCD_SetBackColor  stm32746g_discovery_lcd.o
    0x080028b8   0x080028b8   0x0000001c   Code   RO         1585    i.BSP_LCD_SetFont   stm32746g_discovery_lcd.o
    0x080028d4   0x080028d4   0x00000018   Code   RO         1592    i.BSP_LCD_SetTextColor  stm32746g_discovery_lcd.o
    0x080028ec   0x080028ec   0x00000050   Code   RO         1231    i.BSP_LED_Init      stm32746g_discovery.o
    0x0800293c   0x0800293c   0x00000018   Code   RO         1236    i.BSP_PB_GetState   stm32746g_discovery.o
    0x08002954   0x08002954   0x00000094   Code   RO         1237    i.BSP_PB_Init       stm32746g_discovery.o
    0x080029e8   0x080029e8   0x00000054   Code   RO         1440    i.BSP_QSPI_Erase_Block  stm32746g_discovery_qspi.o
    0x08002a3c   0x08002a3c   0x0000001a   Code   RO         1442    i.BSP_QSPI_GetInfo  stm32746g_discovery_qspi.o
    0x08002a56   0x08002a56   0x00000002   PAD
    0x08002a58   0x08002a58   0x0000006c   Code   RO         1444    i.BSP_QSPI_Init     stm32746g_discovery_qspi.o
    0x08002ac4   0x08002ac4   0x00000118   Code   RO         1446    i.BSP_QSPI_MspInit  stm32746g_discovery_qspi.o
    0x08002bdc   0x08002bdc   0x0000007c   Code   RO         1447    i.BSP_QSPI_Read     stm32746g_discovery_qspi.o
    0x08002c58   0x08002c58   0x0000009c   Code   RO         1448    i.BSP_QSPI_Write    stm32746g_discovery_qspi.o
    0x08002cf4   0x08002cf4   0x00000078   Code   RO         2485    i.BSP_SDRAM_Init    stm32746g_discovery_sdram.o
    0x08002d6c   0x08002d6c   0x0000008c   Code   RO         2486    i.BSP_SDRAM_Initialization_sequence  stm32746g_discovery_sdram.o
    0x08002df8   0x08002df8   0x00000168   Code   RO         2488    i.BSP_SDRAM_MspInit  stm32746g_discovery_sdram.o
    0x08002f60   0x08002f60   0x0000001c   Code   RO         2489    i.BSP_SDRAM_ReadData  stm32746g_discovery_sdram.o
    0x08002f7c   0x08002f7c   0x0000001c   Code   RO         2490    i.BSP_SDRAM_ReadData_DMA  stm32746g_discovery_sdram.o
    0x08002f98   0x08002f98   0x0000001c   Code   RO         2492    i.BSP_SDRAM_WriteData  stm32746g_discovery_sdram.o
    0x08002fb4   0x08002fb4   0x0000001c   Code   RO         2493    i.BSP_SDRAM_WriteData_DMA  stm32746g_discovery_sdram.o
    0x08002fd0   0x08002fd0   0x00000038   Code   RO         2568    i.BSP_SD_Detect_MspInit  stm32746g_discovery_sd.o
    0x08003008   0x08003008   0x00000018   Code   RO         2569    i.BSP_SD_Erase      stm32746g_discovery_sd.o
    0x08003020   0x08003020   0x00000018   Code   RO         2571    i.BSP_SD_GetCardState  stm32746g_discovery_sd.o
    0x08003038   0x08003038   0x00000058   Code   RO         2573    i.BSP_SD_Init       stm32746g_discovery_sd.o
    0x08003090   0x08003090   0x00000024   Code   RO         2574    i.BSP_SD_IsDetected  stm32746g_discovery_sd.o
    0x080030b4   0x080030b4   0x0000014c   Code   RO         2576    i.BSP_SD_MspInit    stm32746g_discovery_sd.o
    0x08003200   0x08003200   0x0000001c   Code   RO         2577    i.BSP_SD_ReadBlocks  stm32746g_discovery_sd.o
    0x0800321c   0x0800321c   0x0000001c   Code   RO         2580    i.BSP_SD_WriteBlocks  stm32746g_discovery_sd.o
    0x08003238   0x08003238   0x00000170   Code   RO         1926    i.BSP_TS_GetState   stm32746g_discovery_ts.o
    0x080033a8   0x080033a8   0x0000005c   Code   RO         1927    i.BSP_TS_Get_GestureId  stm32746g_discovery_ts.o
    0x08003404   0x08003404   0x0000003c   Code   RO         1931    i.BSP_TS_Init       stm32746g_discovery_ts.o
    0x08003440   0x08003440   0x00000002   Code   RO         1029    i.BusFault_Handler  stm32f7xx_it.o
    0x08003442   0x08003442   0x00000004   Code   RO         1238    i.CAMERA_Delay      stm32746g_discovery.o
    0x08003446   0x08003446   0x00000002   PAD
    0x08003448   0x08003448   0x0000000c   Code   RO         1239    i.CAMERA_IO_Init    stm32746g_discovery.o
    0x08003454   0x08003454   0x00000028   Code   RO         1240    i.CAMERA_IO_Read    stm32746g_discovery.o
    0x0800347c   0x0800347c   0x00000020   Code   RO         1241    i.CAMERA_IO_Write   stm32746g_discovery.o
    0x0800349c   0x0800349c   0x0000000a   Code   RO          309    i.CODEC_IO_Write    wm8994.o
    0x080034a6   0x080034a6   0x00000002   PAD
    0x080034a8   0x080034a8   0x00000074   Code   RO          819    i.CPU_CACHE_Enable  main.o
    0x0800351c   0x0800351c   0x00000078   Code   RO          960    i.CameraFrameBufferRgb565_Init  camera.o
    0x08003594   0x08003594   0x0000000c   Code   RO          961    i.Camera_FrameBuffer_Init_TransferComplete  camera.o
    0x080035a0   0x080035a0   0x0000000c   Code   RO          962    i.Camera_FrameBuffer_Init_TransferError  camera.o
    0x080035ac   0x080035ac   0x000000b0   Code   RO          963    i.Camera_SetHint    camera.o
    0x0800365c   0x0800365c   0x00000678   Code   RO          964    i.Camera_demo       camera.o
    0x08003cd4   0x08003cd4   0x00000020   Code   RO          820    i.CheckForUserInput  main.o
    0x08003cf4   0x08003cf4   0x00000074   Code   RO          965    i.ConvertCameraLineRgb565ToLcdLineARGB8888  camera.o
    0x08003d68   0x08003d68   0x00000020   Code   RO         5439    i.DCMI_DMAError     stm32f7xx_hal_dcmi.o
    0x08003d88   0x08003d88   0x00000084   Code   RO         5440    i.DCMI_DMAXferCplt  stm32f7xx_hal_dcmi.o
    0x08003e0c   0x08003e0c   0x00000004   Code   RO         1030    i.DCMI_IRQHandler   stm32f7xx_it.o
    0x08003e10   0x08003e10   0x00000004   Code   RO         1031    i.DMA2D_IRQHandler  stm32f7xx_it.o
    0x08003e14   0x08003e14   0x00000092   Code   RO         4155    i.DMA2D_SetConfig   stm32f7xx_hal_dma2d.o
    0x08003ea6   0x08003ea6   0x00000002   PAD
    0x08003ea8   0x08003ea8   0x0000000c   Code   RO         1032    i.DMA2_Stream0_IRQHandler  stm32f7xx_it.o
    0x08003eb4   0x08003eb4   0x00000004   Code   RO         1033    i.DMA2_Stream1_IRQHandler  stm32f7xx_it.o
    0x08003eb8   0x08003eb8   0x0000000c   Code   RO         1034    i.DMA2_Stream4_IRQHandler  stm32f7xx_it.o
    0x08003ec4   0x08003ec4   0x0000000c   Code   RO         1035    i.DMA2_Stream7_IRQHandler  stm32f7xx_it.o
    0x08003ed0   0x08003ed0   0x00000028   Code   RO         3875    i.DMA_CalcBaseAndBitshift  stm32f7xx_hal_dma.o
    0x08003ef8   0x08003ef8   0x00000054   Code   RO         3876    i.DMA_CheckFifoParam  stm32f7xx_hal_dma.o
    0x08003f4c   0x08003f4c   0x0000001e   Code   RO         6535    i.DMA_MultiBufferSetConfig  stm32f7xx_hal_dma_ex.o
    0x08003f6a   0x08003f6a   0x00000028   Code   RO         3877    i.DMA_SetConfig     stm32f7xx_hal_dma.o
    0x08003f92   0x08003f92   0x00000002   Code   RO         1036    i.DebugMon_Handler  stm32f7xx_it.o
    0x08003f94   0x08003f94   0x0000017c   Code   RO          821    i.Display_DemoDescription  main.o
    0x08004110   0x08004110   0x000000b0   Code   RO         1597    i.DrawChar          stm32746g_discovery_lcd.o
    0x080041c0   0x080041c0   0x0000000c   Code   RO         1242    i.EEPROM_IO_Init    stm32746g_discovery.o
    0x080041cc   0x080041cc   0x00000014   Code   RO         1243    i.EEPROM_IO_IsDeviceReady  stm32746g_discovery.o
    0x080041e0   0x080041e0   0x0000001c   Code   RO         1244    i.EEPROM_IO_ReadData  stm32746g_discovery.o
    0x080041fc   0x080041fc   0x0000001c   Code   RO         1245    i.EEPROM_IO_WriteData  stm32746g_discovery.o
    0x08004218   0x08004218   0x00000120   Code   RO          505    i.EEPROM_SetHint    eeprom.o
    0x08004338   0x08004338   0x0000048c   Code   RO          506    i.EEPROM_Show_Feature  eeprom.o
    0x080047c4   0x080047c4   0x00000034   Code   RO          507    i.EEPROM_demo       eeprom.o
    0x080047f8   0x080047f8   0x00000008   Code   RO         1037    i.EXTI0_IRQHandler  stm32f7xx_it.o
    0x08004800   0x08004800   0x0000001c   Code   RO         1038    i.EXTI15_10_IRQHandler  stm32f7xx_it.o
    0x0800481c   0x0800481c   0x00000006   Code   RO         1039    i.EXTI2_IRQHandler  stm32f7xx_it.o
    0x08004822   0x08004822   0x0000005e   Code   RO         4385    i.FMC_SDRAM_Init    stm32f7xx_ll_fmc.o
    0x08004880   0x08004880   0x0000000c   Code   RO         4386    i.FMC_SDRAM_ProgramRefreshRate  stm32f7xx_ll_fmc.o
    0x0800488c   0x0800488c   0x00000048   Code   RO         4387    i.FMC_SDRAM_SendCommand  stm32f7xx_ll_fmc.o
    0x080048d4   0x080048d4   0x0000008c   Code   RO         4389    i.FMC_SDRAM_Timing_Init  stm32f7xx_ll_fmc.o
    0x08004960   0x08004960   0x000000be   Code   RO         1598    i.FillTriangle      stm32746g_discovery_lcd.o
    0x08004a1e   0x08004a1e   0x00000002   PAD
    0x08004a20   0x08004a20   0x00000024   Code   RO          671    i.GetData           audio_play.o
    0x08004a44   0x08004a44   0x0000002c   Code   RO         2343    i.GetSize           stm32746g_discovery_camera.o
    0x08004a70   0x08004a70   0x00000036   Code   RO         5441    i.HAL_DCMI_ConfigCrop  stm32f7xx_hal_dcmi.o
    0x08004aa6   0x08004aa6   0x00000030   Code   RO         5443    i.HAL_DCMI_DisableCrop  stm32f7xx_hal_dcmi.o
    0x08004ad6   0x08004ad6   0x00000030   Code   RO         5444    i.HAL_DCMI_EnableCrop  stm32f7xx_hal_dcmi.o
    0x08004b06   0x08004b06   0x00000008   Code   RO         2344    i.HAL_DCMI_ErrorCallback  stm32746g_discovery_camera.o
    0x08004b0e   0x08004b0e   0x00000002   PAD
    0x08004b10   0x08004b10   0x0000008c   Code   RO         5450    i.HAL_DCMI_Init     stm32f7xx_hal_dcmi.o
    0x08004b9c   0x08004b9c   0x00000002   Code   RO         5453    i.HAL_DCMI_MspInit  stm32f7xx_hal_dcmi.o
    0x08004b9e   0x08004b9e   0x00000002   PAD
    0x08004ba0   0x08004ba0   0x000000bc   Code   RO         5455    i.HAL_DCMI_Start_DMA  stm32f7xx_hal_dcmi.o
    0x08004c5c   0x08004c5c   0x00000074   Code   RO         5456    i.HAL_DCMI_Stop     stm32f7xx_hal_dcmi.o
    0x08004cd0   0x08004cd0   0x00000002   Code   RO         4161    i.HAL_DMA2D_CLUTLoadingCpltCallback  stm32f7xx_hal_dma2d.o
    0x08004cd2   0x08004cd2   0x00000002   PAD
    0x08004cd4   0x08004cd4   0x000000a4   Code   RO         4167    i.HAL_DMA2D_ConfigLayer  stm32f7xx_hal_dma2d.o
    0x08004d78   0x08004d78   0x0000011c   Code   RO         4174    i.HAL_DMA2D_IRQHandler  stm32f7xx_hal_dma2d.o
    0x08004e94   0x08004e94   0x0000005a   Code   RO         4175    i.HAL_DMA2D_Init    stm32f7xx_hal_dma2d.o
    0x08004eee   0x08004eee   0x00000002   Code   RO         4176    i.HAL_DMA2D_LineEventCallback  stm32f7xx_hal_dma2d.o
    0x08004ef0   0x08004ef0   0x0000002c   Code   RO          966    i.HAL_DMA2D_MspInit  camera.o
    0x08004f1c   0x08004f1c   0x0000010c   Code   RO         4179    i.HAL_DMA2D_PollForTransfer  stm32f7xx_hal_dma2d.o
    0x08005028   0x08005028   0x00000034   Code   RO         4182    i.HAL_DMA2D_Start   stm32f7xx_hal_dma2d.o
    0x0800505c   0x0800505c   0x0000003e   Code   RO         4183    i.HAL_DMA2D_Start_IT  stm32f7xx_hal_dma2d.o
    0x0800509a   0x0800509a   0x0000000e   Code   RO         6536    i.HAL_DMAEx_ChangeMemory  stm32f7xx_hal_dma_ex.o
    0x080050a8   0x080050a8   0x00000990   Code   RO         6538    i.HAL_DMAEx_MultiBufferStart_IT  stm32f7xx_hal_dma_ex.o
    0x08005a38   0x08005a38   0x00000092   Code   RO         3878    i.HAL_DMA_Abort     stm32f7xx_hal_dma.o
    0x08005aca   0x08005aca   0x00000056   Code   RO         3880    i.HAL_DMA_DeInit    stm32f7xx_hal_dma.o
    0x08005b20   0x08005b20   0x000001a8   Code   RO         3883    i.HAL_DMA_IRQHandler  stm32f7xx_hal_dma.o
    0x08005cc8   0x08005cc8   0x000000e4   Code   RO         3884    i.HAL_DMA_Init      stm32f7xx_hal_dma.o
    0x08005dac   0x08005dac   0x0000007a   Code   RO         3888    i.HAL_DMA_Start_IT  stm32f7xx_hal_dma.o
    0x08005e26   0x08005e26   0x00000016   Code   RO         3705    i.HAL_Delay         stm32f7xx_hal.o
    0x08005e3c   0x08005e3c   0x00000154   Code   RO         6696    i.HAL_GPIO_DeInit   stm32f7xx_hal_gpio.o
    0x08005f90   0x08005f90   0x00000024   Code   RO          822    i.HAL_GPIO_EXTI_Callback  main.o
    0x08005fb4   0x08005fb4   0x00000018   Code   RO         6698    i.HAL_GPIO_EXTI_IRQHandler  stm32f7xx_hal_gpio.o
    0x08005fcc   0x08005fcc   0x000001d8   Code   RO         6699    i.HAL_GPIO_Init     stm32f7xx_hal_gpio.o
    0x080061a4   0x080061a4   0x0000000a   Code   RO         6701    i.HAL_GPIO_ReadPin  stm32f7xx_hal_gpio.o
    0x080061ae   0x080061ae   0x0000000a   Code   RO         6703    i.HAL_GPIO_WritePin  stm32f7xx_hal_gpio.o
    0x080061b8   0x080061b8   0x0000000c   Code   RO         3713    i.HAL_GetTick       stm32f7xx_hal.o
    0x080061c4   0x080061c4   0x00000034   Code   RO         7083    i.HAL_I2C_DeInit    stm32f7xx_hal_i2c.o
    0x080061f8   0x080061f8   0x00000006   Code   RO         7091    i.HAL_I2C_GetState  stm32f7xx_hal_i2c.o
    0x080061fe   0x080061fe   0x00000002   PAD
    0x08006200   0x08006200   0x000000b8   Code   RO         7092    i.HAL_I2C_Init      stm32f7xx_hal_i2c.o
    0x080062b8   0x080062b8   0x00000120   Code   RO         7093    i.HAL_I2C_IsDeviceReady  stm32f7xx_hal_i2c.o
    0x080063d8   0x080063d8   0x0000016c   Code   RO         7108    i.HAL_I2C_Mem_Read  stm32f7xx_hal_i2c.o
    0x08006544   0x08006544   0x00000168   Code   RO         7111    i.HAL_I2C_Mem_Write  stm32f7xx_hal_i2c.o
    0x080066ac   0x080066ac   0x00000002   Code   RO         7114    i.HAL_I2C_MspDeInit  stm32f7xx_hal_i2c.o
    0x080066ae   0x080066ae   0x00000002   Code   RO         7115    i.HAL_I2C_MspInit   stm32f7xx_hal_i2c.o
    0x080066b0   0x080066b0   0x00000010   Code   RO         3717    i.HAL_IncTick       stm32f7xx_hal.o
    0x080066c0   0x080066c0   0x00000024   Code   RO         3718    i.HAL_Init          stm32f7xx_hal.o
    0x080066e4   0x080066e4   0x00000028   Code   RO         3719    i.HAL_InitTick      stm32f7xx_hal.o
    0x0800670c   0x0800670c   0x00000052   Code   RO         4523    i.HAL_LTDC_ConfigLayer  stm32f7xx_hal_ltdc.o
    0x0800675e   0x0800675e   0x00000006   Code   RO         4538    i.HAL_LTDC_GetState  stm32f7xx_hal_ltdc.o
    0x08006764   0x08006764   0x00000100   Code   RO         4540    i.HAL_LTDC_Init     stm32f7xx_hal_ltdc.o
    0x08006864   0x08006864   0x00000002   Code   RO         4543    i.HAL_LTDC_MspInit  stm32f7xx_hal_ltdc.o
    0x08006866   0x08006866   0x00000002   PAD
    0x08006868   0x08006868   0x0000005c   Code   RO         6946    i.HAL_MPU_ConfigRegion  stm32f7xx_hal_cortex.o
    0x080068c4   0x080068c4   0x0000001c   Code   RO         6947    i.HAL_MPU_Disable   stm32f7xx_hal_cortex.o
    0x080068e0   0x080068e0   0x00000024   Code   RO         6948    i.HAL_MPU_Enable    stm32f7xx_hal_cortex.o
    0x08006904   0x08006904   0x00000002   Code   RO         3721    i.HAL_MspInit       stm32f7xx_hal.o
    0x08006906   0x08006906   0x00000016   Code   RO         6950    i.HAL_NVIC_DisableIRQ  stm32f7xx_hal_cortex.o
    0x0800691c   0x0800691c   0x00000016   Code   RO         6951    i.HAL_NVIC_EnableIRQ  stm32f7xx_hal_cortex.o
    0x08006932   0x08006932   0x00000002   PAD
    0x08006934   0x08006934   0x00000040   Code   RO         6957    i.HAL_NVIC_SetPriority  stm32f7xx_hal_cortex.o
    0x08006974   0x08006974   0x00000024   Code   RO         6958    i.HAL_NVIC_SetPriorityGrouping  stm32f7xx_hal_cortex.o
    0x08006998   0x08006998   0x0000006c   Code   RO         6321    i.HAL_PWREx_EnableOverDrive  stm32f7xx_hal_pwr_ex.o
    0x08006a04   0x08006a04   0x0000007c   Code   RO         3250    i.HAL_QSPI_Abort    stm32f7xx_hal_qspi.o
    0x08006a80   0x08006a80   0x000000ac   Code   RO         3253    i.HAL_QSPI_AutoPolling  stm32f7xx_hal_qspi.o
    0x08006b2c   0x08006b2c   0x00000086   Code   RO         3256    i.HAL_QSPI_Command  stm32f7xx_hal_qspi.o
    0x08006bb2   0x08006bb2   0x0000003a   Code   RO         3258    i.HAL_QSPI_DeInit   stm32f7xx_hal_qspi.o
    0x08006bec   0x08006bec   0x000000c0   Code   RO         3265    i.HAL_QSPI_Init     stm32f7xx_hal_qspi.o
    0x08006cac   0x08006cac   0x00000002   Code   RO         3267    i.HAL_QSPI_MspDeInit  stm32f7xx_hal_qspi.o
    0x08006cae   0x08006cae   0x00000002   Code   RO         3268    i.HAL_QSPI_MspInit  stm32f7xx_hal_qspi.o
    0x08006cb0   0x08006cb0   0x000000c2   Code   RO         3269    i.HAL_QSPI_Receive  stm32f7xx_hal_qspi.o
    0x08006d72   0x08006d72   0x00000002   PAD
    0x08006d74   0x08006d74   0x000000ba   Code   RO         3278    i.HAL_QSPI_Transmit  stm32f7xx_hal_qspi.o
    0x08006e2e   0x08006e2e   0x00000002   PAD
    0x08006e30   0x08006e30   0x00000134   Code   RO         3506    i.HAL_RCCEx_GetPeriphCLKConfig  stm32f7xx_hal_rcc_ex.o
    0x08006f64   0x08006f64   0x00000120   Code   RO         3507    i.HAL_RCCEx_GetPeriphCLKFreq  stm32f7xx_hal_rcc_ex.o
    0x08007084   0x08007084   0x000004fc   Code   RO         3508    i.HAL_RCCEx_PeriphCLKConfig  stm32f7xx_hal_rcc_ex.o
    0x08007580   0x08007580   0x00000114   Code   RO         6210    i.HAL_RCC_ClockConfig  stm32f7xx_hal_rcc.o
    0x08007694   0x08007694   0x00000060   Code   RO         6219    i.HAL_RCC_GetSysClockFreq  stm32f7xx_hal_rcc.o
    0x080076f4   0x080076f4   0x00000338   Code   RO         6222    i.HAL_RCC_OscConfig  stm32f7xx_hal_rcc.o
    0x08007a2c   0x08007a2c   0x00000026   Code   RO         4896    i.HAL_SAI_DMAPause  stm32f7xx_hal_sai.o
    0x08007a52   0x08007a52   0x00000036   Code   RO         4897    i.HAL_SAI_DMAResume  stm32f7xx_hal_sai.o
    0x08007a88   0x08007a88   0x00000058   Code   RO         4898    i.HAL_SAI_DMAStop   stm32f7xx_hal_sai.o
    0x08007ae0   0x08007ae0   0x00000042   Code   RO         4899    i.HAL_SAI_DeInit    stm32f7xx_hal_sai.o
    0x08007b22   0x08007b22   0x00000002   PAD
    0x08007b24   0x08007b24   0x00000034   Code   RO         2089    i.HAL_SAI_ErrorCallback  stm32746g_discovery_audio.o
    0x08007b58   0x08007b58   0x00000006   Code   RO         4906    i.HAL_SAI_GetState  stm32f7xx_hal_sai.o
    0x08007b5e   0x08007b5e   0x00000002   PAD
    0x08007b60   0x08007b60   0x000001e8   Code   RO         4908    i.HAL_SAI_Init      stm32f7xx_hal_sai.o
    0x08007d48   0x08007d48   0x00000002   Code   RO         4910    i.HAL_SAI_MspDeInit  stm32f7xx_hal_sai.o
    0x08007d4a   0x08007d4a   0x00000002   Code   RO         4911    i.HAL_SAI_MspInit   stm32f7xx_hal_sai.o
    0x08007d4c   0x08007d4c   0x000000ac   Code   RO         4913    i.HAL_SAI_Receive_DMA  stm32f7xx_hal_sai.o
    0x08007df8   0x08007df8   0x00000008   Code   RO         2090    i.HAL_SAI_RxCpltCallback  stm32746g_discovery_audio.o
    0x08007e00   0x08007e00   0x00000008   Code   RO         2091    i.HAL_SAI_RxHalfCpltCallback  stm32746g_discovery_audio.o
    0x08007e08   0x08007e08   0x000000ac   Code   RO         4918    i.HAL_SAI_Transmit_DMA  stm32f7xx_hal_sai.o
    0x08007eb4   0x08007eb4   0x00000008   Code   RO         2092    i.HAL_SAI_TxCpltCallback  stm32746g_discovery_audio.o
    0x08007ebc   0x08007ebc   0x00000008   Code   RO         2093    i.HAL_SAI_TxHalfCpltCallback  stm32746g_discovery_audio.o
    0x08007ec4   0x08007ec4   0x0000000c   Code   RO          618    i.HAL_SDRAM_DMA_XferCpltCallback  sdram_dma.o
    0x08007ed0   0x08007ed0   0x00000028   Code   RO          619    i.HAL_SDRAM_DMA_XferErrorCallback  sdram_dma.o
    0x08007ef8   0x08007ef8   0x00000042   Code   RO         3548    i.HAL_SDRAM_Init    stm32f7xx_hal_sdram.o
    0x08007f3a   0x08007f3a   0x00000002   Code   RO         3550    i.HAL_SDRAM_MspInit  stm32f7xx_hal_sdram.o
    0x08007f3c   0x08007f3c   0x00000022   Code   RO         3551    i.HAL_SDRAM_ProgramRefreshRate  stm32f7xx_hal_sdram.o
    0x08007f5e   0x08007f5e   0x0000003c   Code   RO         3553    i.HAL_SDRAM_Read_32b  stm32f7xx_hal_sdram.o
    0x08007f9a   0x08007f9a   0x00000002   PAD
    0x08007f9c   0x08007f9c   0x00000048   Code   RO         3555    i.HAL_SDRAM_Read_DMA  stm32f7xx_hal_sdram.o
    0x08007fe4   0x08007fe4   0x00000030   Code   RO         3557    i.HAL_SDRAM_SendCommand  stm32f7xx_hal_sdram.o
    0x08008014   0x08008014   0x0000003c   Code   RO         3562    i.HAL_SDRAM_Write_32b  stm32f7xx_hal_sdram.o
    0x08008050   0x08008050   0x00000054   Code   RO         3564    i.HAL_SDRAM_Write_DMA  stm32f7xx_hal_sdram.o
    0x080080a4   0x080080a4   0x00000078   Code   RO         7512    i.HAL_SD_ConfigWideBusOperation  stm32f7xx_hal_sd.o
    0x0800811c   0x0800811c   0x000000b6   Code   RO         7514    i.HAL_SD_Erase      stm32f7xx_hal_sd.o
    0x080081d2   0x080081d2   0x000001fa   Code   RO         7517    i.HAL_SD_GetCardCSD  stm32f7xx_hal_sd.o
    0x080083cc   0x080083cc   0x0000002c   Code   RO         7519    i.HAL_SD_GetCardState  stm32f7xx_hal_sd.o
    0x080083f8   0x080083f8   0x00000036   Code   RO         7524    i.HAL_SD_Init       stm32f7xx_hal_sd.o
    0x0800842e   0x0800842e   0x0000005c   Code   RO         7525    i.HAL_SD_InitCard   stm32f7xx_hal_sd.o
    0x0800848a   0x0800848a   0x00000002   Code   RO         7527    i.HAL_SD_MspInit    stm32f7xx_hal_sd.o
    0x0800848c   0x0800848c   0x000001b0   Code   RO         7528    i.HAL_SD_ReadBlocks  stm32f7xx_hal_sd.o
    0x0800863c   0x0800863c   0x000001a2   Code   RO         7533    i.HAL_SD_WriteBlocks  stm32f7xx_hal_sd.o
    0x080087de   0x080087de   0x00000026   Code   RO         6962    i.HAL_SYSTICK_Config  stm32f7xx_hal_cortex.o
    0x08008804   0x08008804   0x00000002   Code   RO         1040    i.HardFault_Handler  stm32f7xx_it.o
    0x08008806   0x08008806   0x00000022   Code   RO         7134    i.I2C_Flush_TXDR    stm32f7xx_hal_i2c.o
    0x08008828   0x08008828   0x0000007c   Code   RO         7142    i.I2C_IsAcknowledgeFailed  stm32f7xx_hal_i2c.o
    0x080088a4   0x080088a4   0x0000006e   Code   RO         7145    i.I2C_RequestMemoryRead  stm32f7xx_hal_i2c.o
    0x08008912   0x08008912   0x0000006e   Code   RO         7146    i.I2C_RequestMemoryWrite  stm32f7xx_hal_i2c.o
    0x08008980   0x08008980   0x00000024   Code   RO         7149    i.I2C_TransferConfig  stm32f7xx_hal_i2c.o
    0x080089a4   0x080089a4   0x00000052   Code   RO         7150    i.I2C_WaitOnFlagUntilTimeout  stm32f7xx_hal_i2c.o
    0x080089f6   0x080089f6   0x00000050   Code   RO         7152    i.I2C_WaitOnSTOPFlagUntilTimeout  stm32f7xx_hal_i2c.o
    0x08008a46   0x08008a46   0x00000054   Code   RO         7153    i.I2C_WaitOnTXISFlagUntilTimeout  stm32f7xx_hal_i2c.o
    0x08008a9a   0x08008a9a   0x00000012   Code   RO         1246    i.I2Cx_Error        stm32746g_discovery.o
    0x08008aac   0x08008aac   0x00000050   Code   RO         1247    i.I2Cx_Init         stm32746g_discovery.o
    0x08008afc   0x08008afc   0x00000124   Code   RO         1248    i.I2Cx_MspInit      stm32746g_discovery.o
    0x08008c20   0x08008c20   0x0000002a   Code   RO         1249    i.I2Cx_ReadMultiple  stm32746g_discovery.o
    0x08008c4a   0x08008c4a   0x0000002a   Code   RO         1250    i.I2Cx_WriteMultiple  stm32746g_discovery.o
    0x08008c74   0x08008c74   0x0000001a   Code   RO         7744    i.LCD_LOG_ClearTextZone  lcd_log.o
    0x08008c8e   0x08008c8e   0x00000002   PAD
    0x08008c90   0x08008c90   0x00000028   Code   RO         7745    i.LCD_LOG_DeInit    lcd_log.o
    0x08008cb8   0x08008cb8   0x00000012   Code   RO         7746    i.LCD_LOG_Init      lcd_log.o
    0x08008cca   0x08008cca   0x00000002   PAD
    0x08008ccc   0x08008ccc   0x00000080   Code   RO         7747    i.LCD_LOG_ScrollBack  lcd_log.o
    0x08008d4c   0x08008d4c   0x00000060   Code   RO         7748    i.LCD_LOG_ScrollForward  lcd_log.o
    0x08008dac   0x08008dac   0x0000006c   Code   RO         7750    i.LCD_LOG_SetHeader  lcd_log.o
    0x08008e18   0x08008e18   0x00000084   Code   RO         7751    i.LCD_LOG_UpdateDisplay  lcd_log.o
    0x08008e9c   0x08008e9c   0x00000110   Code   RO          548    i.LCD_SetHint       lcd.o
    0x08008fac   0x08008fac   0x000002c8   Code   RO          549    i.LCD_Show_Feature  lcd.o
    0x08009274   0x08009274   0x00000034   Code   RO          550    i.LCD_demo          lcd.o
    0x080092a8   0x080092a8   0x00000068   Code   RO         1599    i.LL_ConvertLineToARGB8888  stm32746g_discovery_lcd.o
    0x08009310   0x08009310   0x00000080   Code   RO         1600    i.LL_FillBuffer     stm32746g_discovery_lcd.o
    0x08009390   0x08009390   0x000001d0   Code   RO         4559    i.LTDC_SetConfig    stm32f7xx_hal_ltdc.o
    0x08009560   0x08009560   0x000000b4   Code   RO         1159    i.Log_demo          log.o
    0x08009614   0x08009614   0x00000002   Code   RO         1041    i.MemManage_Handler  stm32f7xx_it.o
    0x08009616   0x08009616   0x00000002   Code   RO         1042    i.NMI_Handler       stm32f7xx_it.o
    0x08009618   0x08009618   0x00000022   Code   RO         6964    i.NVIC_SetPriority  stm32f7xx_hal_cortex.o
    0x0800963a   0x0800963a   0x00000002   Code   RO         1043    i.PendSV_Handler    stm32f7xx_it.o
    0x0800963c   0x0800963c   0x00000044   Code   RO         1449    i.QSPI_AutoPollingMemReady  stm32746g_discovery_qspi.o
    0x08009680   0x08009680   0x000001a8   Code   RO         3283    i.QSPI_Config       stm32f7xx_hal_qspi.o
    0x08009828   0x08009828   0x0000008a   Code   RO         1450    i.QSPI_DummyCyclesCfg  stm32746g_discovery_qspi.o
    0x080098b2   0x080098b2   0x00000052   Code   RO         1451    i.QSPI_ResetMemory  stm32746g_discovery_qspi.o
    0x08009904   0x08009904   0x0000012c   Code   RO          926    i.QSPI_SetHint      qspi.o
    0x08009a30   0x08009a30   0x00000048   Code   RO         3290    i.QSPI_WaitFlagStateUntilTimeout  stm32f7xx_hal_qspi.o
    0x08009a78   0x08009a78   0x00000066   Code   RO         1452    i.QSPI_WriteEnable  stm32746g_discovery_qspi.o
    0x08009ade   0x08009ade   0x00000002   PAD
    0x08009ae0   0x08009ae0   0x0000037c   Code   RO          927    i.QSPI_demo         qspi.o
    0x08009e5c   0x08009e5c   0x00000044   Code   RO         4923    i.SAI_DMAError      stm32f7xx_hal_sai.o
    0x08009ea0   0x08009ea0   0x0000003a   Code   RO         4924    i.SAI_DMARxCplt     stm32f7xx_hal_sai.o
    0x08009eda   0x08009eda   0x0000000a   Code   RO         4925    i.SAI_DMARxHalfCplt  stm32f7xx_hal_sai.o
    0x08009ee4   0x08009ee4   0x0000003c   Code   RO         4926    i.SAI_DMATxCplt     stm32f7xx_hal_sai.o
    0x08009f20   0x08009f20   0x0000000a   Code   RO         4927    i.SAI_DMATxHalfCplt  stm32f7xx_hal_sai.o
    0x08009f2a   0x08009f2a   0x00000002   PAD
    0x08009f2c   0x08009f2c   0x00000040   Code   RO         4928    i.SAI_Disable       stm32f7xx_hal_sai.o
    0x08009f6c   0x08009f6c   0x00000032   Code   RO         4932    i.SAI_InterruptFlag  stm32f7xx_hal_sai.o
    0x08009f9e   0x08009f9e   0x00000002   PAD
    0x08009fa0   0x08009fa0   0x0000001c   Code   RO         2094    i.SAIx_In_DeInit    stm32746g_discovery_audio.o
    0x08009fbc   0x08009fbc   0x000000d0   Code   RO         2095    i.SAIx_In_Init      stm32746g_discovery_audio.o
    0x0800a08c   0x0800a08c   0x0000001c   Code   RO         2096    i.SAIx_Out_DeInit   stm32746g_discovery_audio.o
    0x0800a0a8   0x0800a0a8   0x00000068   Code   RO         2097    i.SAIx_Out_Init     stm32746g_discovery_audio.o
    0x0800a110   0x0800a110   0x00000032   Code   RO         2713    i.SDMMC_CmdAppCommand  stm32f7xx_ll_sdmmc.o
    0x0800a142   0x0800a142   0x00000002   PAD
    0x0800a144   0x0800a144   0x00000034   Code   RO         2714    i.SDMMC_CmdAppOperCommand  stm32f7xx_ll_sdmmc.o
    0x0800a178   0x0800a178   0x00000032   Code   RO         2715    i.SDMMC_CmdBlockLength  stm32f7xx_ll_sdmmc.o
    0x0800a1aa   0x0800a1aa   0x00000032   Code   RO         2716    i.SDMMC_CmdBusWidth  stm32f7xx_ll_sdmmc.o
    0x0800a1dc   0x0800a1dc   0x00000030   Code   RO         2717    i.SDMMC_CmdErase    stm32f7xx_ll_sdmmc.o
    0x0800a20c   0x0800a20c   0x00000050   Code   RO         2720    i.SDMMC_CmdGoIdleState  stm32f7xx_ll_sdmmc.o
    0x0800a25c   0x0800a25c   0x00000064   Code   RO         2722    i.SDMMC_CmdOperCond  stm32f7xx_ll_sdmmc.o
    0x0800a2c0   0x0800a2c0   0x00000032   Code   RO         2723    i.SDMMC_CmdReadMultiBlock  stm32f7xx_ll_sdmmc.o
    0x0800a2f2   0x0800a2f2   0x00000032   Code   RO         2724    i.SDMMC_CmdReadSingleBlock  stm32f7xx_ll_sdmmc.o
    0x0800a324   0x0800a324   0x00000032   Code   RO         2725    i.SDMMC_CmdSDEraseEndAdd  stm32f7xx_ll_sdmmc.o
    0x0800a356   0x0800a356   0x00000032   Code   RO         2726    i.SDMMC_CmdSDEraseStartAdd  stm32f7xx_ll_sdmmc.o
    0x0800a388   0x0800a388   0x00000030   Code   RO         2727    i.SDMMC_CmdSelDesel  stm32f7xx_ll_sdmmc.o
    0x0800a3b8   0x0800a3b8   0x0000002a   Code   RO         2728    i.SDMMC_CmdSendCID  stm32f7xx_ll_sdmmc.o
    0x0800a3e2   0x0800a3e2   0x0000002e   Code   RO         2729    i.SDMMC_CmdSendCSD  stm32f7xx_ll_sdmmc.o
    0x0800a410   0x0800a410   0x00000030   Code   RO         2730    i.SDMMC_CmdSendSCR  stm32f7xx_ll_sdmmc.o
    0x0800a440   0x0800a440   0x00000032   Code   RO         2731    i.SDMMC_CmdSendStatus  stm32f7xx_ll_sdmmc.o
    0x0800a472   0x0800a472   0x00000030   Code   RO         2732    i.SDMMC_CmdSetRelAdd  stm32f7xx_ll_sdmmc.o
    0x0800a4a2   0x0800a4a2   0x00000002   PAD
    0x0800a4a4   0x0800a4a4   0x00000034   Code   RO         2734    i.SDMMC_CmdStopTransfer  stm32f7xx_ll_sdmmc.o
    0x0800a4d8   0x0800a4d8   0x00000032   Code   RO         2736    i.SDMMC_CmdWriteMultiBlock  stm32f7xx_ll_sdmmc.o
    0x0800a50a   0x0800a50a   0x00000032   Code   RO         2737    i.SDMMC_CmdWriteSingleBlock  stm32f7xx_ll_sdmmc.o
    0x0800a53c   0x0800a53c   0x00000026   Code   RO         2738    i.SDMMC_ConfigData  stm32f7xx_ll_sdmmc.o
    0x0800a562   0x0800a562   0x00000002   PAD
    0x0800a564   0x0800a564   0x0000011c   Code   RO         2739    i.SDMMC_GetCmdResp1  stm32f7xx_ll_sdmmc.o
    0x0800a680   0x0800a680   0x00000050   Code   RO         2740    i.SDMMC_GetCmdResp2  stm32f7xx_ll_sdmmc.o
    0x0800a6d0   0x0800a6d0   0x00000040   Code   RO         2741    i.SDMMC_GetCmdResp3  stm32f7xx_ll_sdmmc.o
    0x0800a710   0x0800a710   0x00000084   Code   RO         2742    i.SDMMC_GetCmdResp6  stm32f7xx_ll_sdmmc.o
    0x0800a794   0x0800a794   0x00000008   Code   RO         2746    i.SDMMC_GetPowerState  stm32f7xx_ll_sdmmc.o
    0x0800a79c   0x0800a79c   0x0000000c   Code   RO         2747    i.SDMMC_GetResponse  stm32f7xx_ll_sdmmc.o
    0x0800a7a8   0x0800a7a8   0x00000022   Code   RO         2748    i.SDMMC_Init        stm32f7xx_ll_sdmmc.o
    0x0800a7ca   0x0800a7ca   0x00000008   Code   RO         2750    i.SDMMC_PowerState_ON  stm32f7xx_ll_sdmmc.o
    0x0800a7d2   0x0800a7d2   0x00000006   Code   RO         2751    i.SDMMC_ReadFIFO    stm32f7xx_ll_sdmmc.o
    0x0800a7d8   0x0800a7d8   0x00000022   Code   RO         2752    i.SDMMC_SendCommand  stm32f7xx_ll_sdmmc.o
    0x0800a7fa   0x0800a7fa   0x0000000a   Code   RO         2754    i.SDMMC_WriteFIFO   stm32f7xx_ll_sdmmc.o
    0x0800a804   0x0800a804   0x000000fc   Code   RO          620    i.SDRAM_DMA_SetHint  sdram_dma.o
    0x0800a900   0x0800a900   0x0000026c   Code   RO          621    i.SDRAM_DMA_demo    sdram_dma.o
    0x0800ab6c   0x0800ab6c   0x000000f8   Code   RO          405    i.SDRAM_SetHint     sdram.o
    0x0800ac64   0x0800ac64   0x000001cc   Code   RO          406    i.SDRAM_demo        sdram.o
    0x0800ae30   0x0800ae30   0x000000d6   Code   RO         7541    i.SD_FindSCR        stm32f7xx_hal_sd.o
    0x0800af06   0x0800af06   0x000000e6   Code   RO         7542    i.SD_InitCard       stm32f7xx_hal_sd.o
    0x0800afec   0x0800afec   0x000000a6   Code   RO         7543    i.SD_PowerON        stm32f7xx_hal_sd.o
    0x0800b092   0x0800b092   0x00000002   PAD
    0x0800b094   0x0800b094   0x00000138   Code   RO         1190    i.SD_SetHint        sd.o
    0x0800b1cc   0x0800b1cc   0x0000004e   Code   RO         7545    i.SD_WideBus_Disable  stm32f7xx_hal_sd.o
    0x0800b21a   0x0800b21a   0x0000004e   Code   RO         7546    i.SD_WideBus_Enable  stm32f7xx_hal_sd.o
    0x0800b268   0x0800b268   0x000002ec   Code   RO         1191    i.SD_demo           sd.o
    0x0800b554   0x0800b554   0x00000002   Code   RO         1044    i.SVC_Handler       stm32f7xx_it.o
    0x0800b556   0x0800b556   0x00000004   Code   RO         1045    i.SysTick_Handler   stm32f7xx_it.o
    0x0800b55a   0x0800b55a   0x00000002   PAD
    0x0800b55c   0x0800b55c   0x00000098   Code   RO          823    i.SystemClock_Config  main.o
    0x0800b5f4   0x0800b5f4   0x00000054   Code   RO           14    i.SystemInit        system_stm32f7xx.o
    0x0800b648   0x0800b648   0x00000004   Code   RO         1251    i.TS_IO_Delay       stm32746g_discovery.o
    0x0800b64c   0x0800b64c   0x0000000c   Code   RO         1252    i.TS_IO_Init        stm32746g_discovery.o
    0x0800b658   0x0800b658   0x00000028   Code   RO         1253    i.TS_IO_Read        stm32746g_discovery.o
    0x0800b680   0x0800b680   0x00000020   Code   RO         1254    i.TS_IO_Write       stm32746g_discovery.o
    0x0800b6a0   0x0800b6a0   0x00000204   Code   RO          732    i.Touchscreen_DrawBackground  touchscreen.o
    0x0800b8a4   0x0800b8a4   0x0000014c   Code   RO          733    i.Touchscreen_SetHint  touchscreen.o
    0x0800b9f0   0x0800b9f0   0x00000424   Code   RO          734    i.Touchscreen_demo  touchscreen.o
    0x0800be14   0x0800be14   0x00000002   Code   RO         1046    i.UsageFault_Handler  stm32f7xx_it.o
    0x0800be16   0x0800be16   0x00000002   PAD
    0x0800be18   0x0800be18   0x00000020   Code   RO         8722    i.__0printf$6       mc_w.l(printf6.o)
    0x0800be38   0x0800be38   0x00000030   Code   RO         8723    i.__0snprintf$6     mc_w.l(printf6.o)
    0x0800be68   0x0800be68   0x00000028   Code   RO         8724    i.__0sprintf$6      mc_w.l(printf6.o)
    0x0800be90   0x0800be90   0x0000000e   Code   RO         8870    i.__scatterload_copy  mc_w.l(handlers.o)
    0x0800be9e   0x0800be9e   0x00000002   Code   RO         8871    i.__scatterload_null  mc_w.l(handlers.o)
    0x0800bea0   0x0800bea0   0x0000000e   Code   RO         8872    i.__scatterload_zeroinit  mc_w.l(handlers.o)
    0x0800beae   0x0800beae   0x00000002   PAD
    0x0800beb0   0x0800beb0   0x000002f0   Code   RO         8729    i._printf_core      mc_w.l(printf6.o)
    0x0800c1a0   0x0800c1a0   0x00000024   Code   RO         8730    i._printf_post_padding  mc_w.l(printf6.o)
    0x0800c1c4   0x0800c1c4   0x0000002e   Code   RO         8731    i._printf_pre_padding  mc_w.l(printf6.o)
    0x0800c1f2   0x0800c1f2   0x00000016   Code   RO         8732    i._snputc           mc_w.l(printf6.o)
    0x0800c208   0x0800c208   0x0000000a   Code   RO         8733    i._sputc            mc_w.l(printf6.o)
    0x0800c212   0x0800c212   0x00000102   Code   RO         7997    i.arm_convolve_HWC_q7_RGB  arm_convolve_hwc_q7_rgb.o
    0x0800c314   0x0800c314   0x00000114   Code   RO         8069    i.arm_convolve_HWC_q7_fast  arm_convolve_hwc_q7_fast.o
    0x0800c428   0x0800c428   0x00000212   Code   RO         8333    i.arm_fully_connected_q7_opt  arm_fully_connected_q7_opt.o
    0x0800c63a   0x0800c63a   0x000000b2   Code   RO         8482    i.arm_maxpool_q7_HWC  arm_pool_q7_hwc.o
    0x0800c6ec   0x0800c6ec   0x0000001a   Code   RO         7901    i.arm_relu_q7       arm_relu_q7.o
    0x0800c706   0x0800c706   0x00000074   Code   RO         8535    i.arm_softmax_q7    arm_softmax_q7.o
    0x0800c77a   0x0800c77a   0x00000002   PAD
    0x0800c77c   0x0800c77c   0x0000010c   Code   RO         7752    i.fputc             lcd_log.o
    0x0800c888   0x0800c888   0x00000018   Code   RO          216    i.ft5336_I2C_InitializeIfRequired  ft5336.o
    0x0800c8a0   0x0800c8a0   0x00000010   Code   RO          217    i.ft5336_Init       ft5336.o
    0x0800c8b0   0x0800c8b0   0x0000003a   Code   RO          218    i.ft5336_ReadID     ft5336.o
    0x0800c8ea   0x0800c8ea   0x00000002   Code   RO          219    i.ft5336_Reset      ft5336.o
    0x0800c8ec   0x0800c8ec   0x00000002   Code   RO          220    i.ft5336_TS_ClearIT  ft5336.o
    0x0800c8ee   0x0800c8ee   0x00000002   PAD
    0x0800c8f0   0x0800c8f0   0x00000040   Code   RO          221    i.ft5336_TS_DetectTouch  ft5336.o
    0x0800c930   0x0800c930   0x0000000a   Code   RO          222    i.ft5336_TS_DisableIT  ft5336.o
    0x0800c93a   0x0800c93a   0x0000000a   Code   RO          223    i.ft5336_TS_EnableIT  ft5336.o
    0x0800c944   0x0800c944   0x0000001e   Code   RO          224    i.ft5336_TS_GetGestureID  ft5336.o
    0x0800c962   0x0800c962   0x00000002   PAD
    0x0800c964   0x0800c964   0x000000cc   Code   RO          225    i.ft5336_TS_GetTouchInfo  ft5336.o
    0x0800ca30   0x0800ca30   0x00000120   Code   RO          226    i.ft5336_TS_GetXY   ft5336.o
    0x0800cb50   0x0800cb50   0x00000004   Code   RO          227    i.ft5336_TS_ITStatus  ft5336.o
    0x0800cb54   0x0800cb54   0x00000004   Code   RO          228    i.ft5336_TS_Start   ft5336.o
    0x0800cb58   0x0800cb58   0x00000090   Code   RO          824    i.main              main.o
    0x0800cbe8   0x0800cbe8   0x000000ae   Code   RO          177    i.ov9655_Config     ov9655.o
    0x0800cc96   0x0800cc96   0x00000002   PAD
    0x0800cc98   0x0800cc98   0x000000ac   Code   RO          178    i.ov9655_ConvertValue  ov9655.o
    0x0800cd44   0x0800cd44   0x000000a0   Code   RO          179    i.ov9655_Init       ov9655.o
    0x0800cde4   0x0800cde4   0x00000014   Code   RO          180    i.ov9655_ReadID     ov9655.o
    0x0800cdf8   0x0800cdf8   0x00000200   Code   RO          825    i.run_nn            main.o
    0x0800cff8   0x0800cff8   0x00000004   Code   RO          310    i.wm8994_DeInit     wm8994.o
    0x0800cffc   0x0800cffc   0x00000610   Code   RO          311    i.wm8994_Init       wm8994.o
    0x0800d60c   0x0800d60c   0x0000001a   Code   RO          312    i.wm8994_Pause      wm8994.o
    0x0800d626   0x0800d626   0x00000006   Code   RO          313    i.wm8994_Play       wm8994.o
    0x0800d62c   0x0800d62c   0x00000014   Code   RO          314    i.wm8994_ReadID     wm8994.o
    0x0800d640   0x0800d640   0x0000001c   Code   RO          315    i.wm8994_Reset      wm8994.o
    0x0800d65c   0x0800d65c   0x00000006   Code   RO          316    i.wm8994_Resume     wm8994.o
    0x0800d662   0x0800d662   0x00000082   Code   RO          317    i.wm8994_SetFrequency  wm8994.o
    0x0800d6e4   0x0800d6e4   0x00000058   Code   RO          318    i.wm8994_SetMute    wm8994.o
    0x0800d73c   0x0800d73c   0x000000bc   Code   RO          319    i.wm8994_SetOutputMode  wm8994.o
    0x0800d7f8   0x0800d7f8   0x0000011c   Code   RO          320    i.wm8994_SetVolume  wm8994.o
    0x0800d914   0x0800d914   0x0000007c   Code   RO          321    i.wm8994_Stop       wm8994.o
    0x0800d990   0x0800d990   0x00000010   Data   RO           15    .constdata          system_stm32f7xx.o
    0x0800d9a0   0x0800d9a0   0x0000037e   Data   RO          181    .constdata          ov9655.o
    0x0800dd1e   0x0800dd1e   0x00000002   PAD
    0x0800dd20   0x0800dd20   0x00000018   Data   RO          551    .constdata          lcd.o
    0x0800dd38   0x0800dd38   0x000023f0   Data   RO          827    .constdata          main.o
    0x08010128   0x08010128   0x00000018   Data   RO         1256    .constdata          stm32746g_discovery.o
    0x08010140   0x08010140   0x00001ab8   Data   RO         1602    .constdata          stm32746g_discovery_lcd.o
    0x08011bf8   0x08011bf8   0x00000ed8   Data   RO         1603    .constdata          stm32746g_discovery_lcd.o
    0x08012ad0   0x08012ad0   0x00000be0   Data   RO         1604    .constdata          stm32746g_discovery_lcd.o
    0x080136b0   0x080136b0   0x00000474   Data   RO         1605    .constdata          stm32746g_discovery_lcd.o
    0x08013b24   0x08013b24   0x00000008   Data   RO         3890    .constdata          stm32f7xx_hal_dma.o
    0x08013b2c   0x08013b2c   0x00000050   Data   RO          828    .conststring        main.o
    0x08013b7c   0x08013b7c   0x00000020   Data   RO         8868    Region$$Table       anon$$obj.o


    Execution Region RW_IRAM1 (Exec base: 0x20000000, Load base: 0x08013b9c, Size: 0x0003be18, Max: 0x00050000, ABSOLUTE)

    Exec Addr    Load Addr    Size         Type   Attr      Idx    E Section Name        Object

    0x20000000   0x08013b9c   0x00000004   Data   RW           17    .data               system_stm32f7xx.o
    0x20000004   0x08013ba0   0x0000000c   Data   RW          182    .data               ov9655.o
    0x20000010   0x08013bac   0x00000028   Data   RW          229    .data               ft5336.o
    0x20000038   0x08013bd4   0x00000005   Data   RW          230    .data               ft5336.o
    0x2000003d   0x08013bd9   0x00000003   PAD
    0x20000040   0x08013bdc   0x00000030   Data   RW          322    .data               wm8994.o
    0x20000070   0x08013c0c   0x0000000c   Data   RW          323    .data               wm8994.o
    0x2000007c   0x08013c18   0x0000020a   Data   RW          509    .data               eeprom.o
    0x20000286   0x08013e22   0x00000001   Data   RW          552    .data               lcd.o
    0x20000287   0x08013e23   0x00000001   PAD
    0x20000288   0x08013e24   0x00000004   Data   RW          623    .data               sdram_dma.o
    0x2000028c   0x08013e28   0x00000038   Data   RW          673    .data               audio_play.o
    0x200002c4   0x08013e60   0x00000004   Data   RW          774    .data               audio_rec.o
    0x200002c8   0x08013e64   0x00008484   Data   RW          829    .data               main.o
    0x2000874c   0x0801c2e8   0x00000001   Data   RW          830    .data               main.o
    0x2000874d   0x0801c2e9   0x00000003   PAD
    0x20008750   0x0801c2ec   0x00000034   Data   RW          968    .data               camera.o
    0x20008784   0x0801c320   0x00000018   Data   RW         1257    .data               stm32746g_discovery.o
    0x2000879c   0x0801c338   0x0000000c   Data   RW         1607    .data               stm32746g_discovery_lcd.o
    0x200087a8   0x0801c344   0x00000008   Data   RW         1608    .data               stm32746g_discovery_lcd.o
    0x200087b0   0x0801c34c   0x00000008   Data   RW         1609    .data               stm32746g_discovery_lcd.o
    0x200087b8   0x0801c354   0x00000008   Data   RW         1610    .data               stm32746g_discovery_lcd.o
    0x200087c0   0x0801c35c   0x0000000c   Data   RW         1934    .data               stm32746g_discovery_ts.o
    0x200087cc   0x0801c368   0x00000006   Data   RW         2001    .data               stm32746g_discovery_eeprom.o
    0x200087d2   0x0801c36e   0x00000002   PAD
    0x200087d4   0x0801c370   0x00000008   Data   RW         2100    .data               stm32746g_discovery_audio.o
    0x200087dc   0x0801c378   0x0000000c   Data   RW         2349    .data               stm32746g_discovery_camera.o
    0x200087e8   0x0801c384   0x00000002   Data   RW         2495    .data               stm32746g_discovery_sdram.o
    0x200087ea   0x0801c386   0x00000002   PAD
    0x200087ec   0x0801c388   0x00000004   Data   RW         3724    .data               stm32f7xx_hal.o
    0x200087f0   0x0801c38c   0x00000014   Data   RW         7754    .data               lcd_log.o
    0x20008804   0x0801c3a0   0x00000004   Data   RW         8842    .data               mc_w.l(stdout.o)
    0x20008808        -       0x00000800   Zero   RW          407    .bss                sdram.o
    0x20009008        -       0x0000041e   Zero   RW          508    .bss                eeprom.o
    0x20009426   0x0801c3a4   0x00000002   PAD
    0x20009428        -       0x00000800   Zero   RW          622    .bss                sdram_dma.o
    0x20009c28        -       0x00000808   Zero   RW          672    .bss                audio_play.o
    0x2000a430        -       0x0000002c   Zero   RW          735    .bss                touchscreen.o
    0x2000a45c        -       0x0001fffc   Zero   RW          773    .bss                audio_rec.o
    0x2002a458        -       0x0000ac8a   Zero   RW          826    .bss                main.o
    0x200350e2   0x0801c3a4   0x00000002   PAD
    0x200350e4        -       0x00000414   Zero   RW          928    .bss                qspi.o
    0x200354f8        -       0x00000c40   Zero   RW          967    .bss                camera.o
    0x20036138        -       0x00001400   Zero   RW         1192    .bss                sd.o
    0x20037538        -       0x00000098   Zero   RW         1255    .bss                stm32746g_discovery.o
    0x200375d0        -       0x0000004c   Zero   RW         1453    .bss                stm32746g_discovery_qspi.o
    0x2003761c        -       0x00000184   Zero   RW         1601    .bss                stm32746g_discovery_lcd.o
    0x200377a0        -       0x00000028   Zero   RW         1933    .bss                stm32746g_discovery_ts.o
    0x200377c8        -       0x00000228   Zero   RW         2098    .bss                stm32746g_discovery_audio.o
    0x200379f0        -       0x000000b0   Zero   RW         2348    .bss                stm32746g_discovery_camera.o
    0x20037aa0        -       0x00000120   Zero   RW         2494    .bss                stm32746g_discovery_sdram.o
    0x20037bc0        -       0x00000204   Zero   RW         2586    .bss                stm32746g_discovery_sd.o
    0x20037dc4        -       0x00003c54   Zero   RW         7753    .bss                lcd_log.o
    0x2003ba18        -       0x00000400   Zero   RW            1    STACK               startup_stm32f746xx.o


==============================================================================

Image component sizes


      Code (inc. data)   RO Data    RW Data    ZI Data      Debug   Object Name

       276          0          0          0          0       2659   arm_convolve_hwc_q7_fast.o
       258          0          0          0          0       2838   arm_convolve_hwc_q7_rgb.o
       530          0          0          0          0       2437   arm_fully_connected_q7_opt.o
       178          0          0          0          0       1745   arm_pool_q7_hwc.o
        26          0          0          0          0        670   arm_relu_q7.o
       116          0          0          0          0       1321   arm_softmax_q7.o
       660        220          0          0          0       2014   audio_loopback.o
      1588        506          0         56       2056       6822   audio_play.o
       844        294          0          4     131068       3845   audio_rec.o
      2412        774          0         52       3136       8985   camera.o
      1516        636          0        522       1054       3820   eeprom.o
       716         38          0         45          0      16991   ft5336.o
      1036        220         24          1          0       2099   lcd.o
       816         48          0         20      15444       7846   lcd_log.o
       180         42          0          0          0        731   log.o
      1372        232       9280      33925      44170      53554   main.o
       526         42        894         12          0       5947   ov9655.o
      1192        576          0          0       1044       2564   qspi.o
      1060        466          0          0       5120       2580   sd.o
       708        308          0          0       2048      19373   sdram.o
       924        446          0          4       2048       3688   sdram_dma.o
        36          8        456          0       1024        876   startup_stm32f746xx.o
      1112        156         24         24        152      19736   stm32746g_discovery.o
      2036        220          0          8        552      22764   stm32746g_discovery_audio.o
       886         96          0         12        176      10631   stm32746g_discovery_camera.o
       404         20          0          6          0       5357   stm32746g_discovery_eeprom.o
      4112        272      14820         36        388      37393   stm32746g_discovery_lcd.o
      1168         38          0          0         76       9531   stm32746g_discovery_qspi.o
       616         60          0          0        516       7896   stm32746g_discovery_sd.o
       732         80          0          2        288       8022   stm32746g_discovery_sdram.o
       520         22          0         12         40       3851   stm32746g_discovery_ts.o
       128         22          0          4          0       4805   stm32f7xx_hal.o
       372         28          0          0          0      39127   stm32f7xx_hal_cortex.o
       760         20          0          0          0       7759   stm32f7xx_hal_dcmi.o
      1170         22          8          0          0       8092   stm32f7xx_hal_dma.o
      1070          6          0          0          0       8793   stm32f7xx_hal_dma2d.o
      2492         20          0          0          0       3661   stm32f7xx_hal_dma_ex.o
       856        108          0          0          0       5252   stm32f7xx_hal_gpio.o
      1918         34          0          0          0      16772   stm32f7xx_hal_i2c.o
       810          4          0          0          0       4602   stm32f7xx_hal_ltdc.o
       108          8          0          0          0       1408   stm32f7xx_hal_pwr_ex.o
      1560          8          0          0          0      11506   stm32f7xx_hal_qspi.o
      1196         44          0          0          0       4174   stm32f7xx_hal_rcc.o
      1872         46          0          0          0       4480   stm32f7xx_hal_rcc_ex.o
      1408         50          0          0          0      13579   stm32f7xx_hal_sai.o
      2616          0          0          0          0      15151   stm32f7xx_hal_sd.o
       426         18          0          0          0       7674   stm32f7xx_hal_sdram.o
       110         18          0          0          0       9008   stm32f7xx_it.o
       318          6          0          0          0       3876   stm32f7xx_ll_fmc.o
      1774         42          0          0          0      27281   stm32f7xx_ll_sdmmc.o
        84         16         16          4          0     888967   system_stm32f7xx.o
      1908        352          0          0         44       2859   touchscreen.o
      2466         26          0         60          0      12426   wm8994.o

    ----------------------------------------------------------------------
     54050       6718      25556      34820     210448    1379838   Object Totals
         0          0         32          0          0          0   (incl. Generated)
        72          0          2         11          4          0   (incl. Padding)

    ----------------------------------------------------------------------

      Code (inc. data)   RO Data    RW Data    ZI Data      Debug   Library Member Name

         0          0          0          0          0          0   entry.o
         0          0          0          0          0          0   entry10a.o
         0          0          0          0          0          0   entry11a.o
         8          4          0          0          0          0   entry2.o
         4          0          0          0          0          0   entry5.o
         0          0          0          0          0          0   entry7b.o
         0          0          0          0          0          0   entry8b.o
         8          4          0          0          0          0   entry9a.o
        30          0          0          0          0          0   handlers.o
        36          8          0          0          0         68   init.o
        36          0          0          0          0         68   memcpya.o
        36          0          0          0          0        108   memseta.o
       986         24          0          0          0        656   printf6.o
         0          0          0          4          0          0   stdout.o
        44          0          0          0          0         80   uidiv.o

    ----------------------------------------------------------------------
      1190         40          0          4          0        980   Library Totals
         2          0          0          0          0          0   (incl. Padding)

    ----------------------------------------------------------------------

      Code (inc. data)   RO Data    RW Data    ZI Data      Debug   Library Name

      1188         40          0          4          0        980   mc_w.l

    ----------------------------------------------------------------------
      1190         40          0          4          0        980   Library Totals

    ----------------------------------------------------------------------

==============================================================================


      Code (inc. data)   RO Data    RW Data    ZI Data      Debug   

     55240       6758      25556      34824     210448    1340654   Grand Totals
     55240       6758      25556      34824     210448    1340654   ELF Image Totals
     55240       6758      25556      34824          0          0   ROM Totals

==============================================================================

    Total RO  Size (Code + RO Data)                80796 (  78.90kB)
    Total RW  Size (RW Data + ZI Data)            245272 ( 239.52kB)
    Total ROM Size (Code + RO Data + RW Data)     115620 ( 112.91kB)

==============================================================================

