Component: ARM Compiler 5.06 update 5 (build 528) Tool: armlink [4d35e2]

==============================================================================

Section Cross References

    arm_nnexamples_nn_test.o(.text) refers to _printf_percent.o(.ARM.Collect$$_printf_percent$$00000000) for _printf_percent
    arm_nnexamples_nn_test.o(.text) refers to _printf_d.o(.ARM.Collect$$_printf_percent$$00000009) for _printf_d
    arm_nnexamples_nn_test.o(.text) refers to _printf_dec.o(.text) for _printf_int_dec
    arm_nnexamples_nn_test.o(.text) refers to arm_fill_q7.o(.text) for arm_fill_q7
    arm_nnexamples_nn_test.o(.text) refers to arm_fill_q15.o(.text) for arm_fill_q15
    arm_nnexamples_nn_test.o(.text) refers to noretval__2printf.o(.text) for __2printf
    arm_nnexamples_nn_test.o(.text) refers to rand.o(.text) for srand
    arm_nnexamples_nn_test.o(.text) refers to array_new.o(i._Znaj) for operator new[] (unsigned)
    arm_nnexamples_nn_test.o(.text) refers to rand.o(.emb_text) for rand
    arm_nnexamples_nn_test.o(.text) refers to arm_nn_mult_q7.o(.text) for arm_nn_mult_q7
    arm_nnexamples_nn_test.o(.text) refers to arm_nn_mult_ref.o(.text) for arm_nn_mult_q7_ref
    arm_nnexamples_nn_test.o(.text) refers to arm_nn_mult_q15.o(.text) for arm_nn_mult_q15
    arm_nnexamples_nn_test.o(.text) refers to arm_pool_ref.o(.text) for arm_maxpool_q7_HWC_ref
    arm_nnexamples_nn_test.o(.text) refers to arm_pool_q7_hwc.o(.text) for arm_maxpool_q7_HWC
    arm_nnexamples_nn_test.o(.text) refers to array_del.o(i._ZdaPv) for operator delete[] (void*)
    arm_nnexamples_nn_test.o(.text) refers to arm_relu_ref.o(.text) for arm_relu_q7_ref
    arm_nnexamples_nn_test.o(.text) refers to arm_nnexamples_nn_test.o(.bss) for .bss
    arm_nnexamples_nn_test.o(.text) refers to arm_nnexamples_nn_test.o(.data) for .data
    arm_nnexamples_nn_test.o(.text) refers to arm_relu_q7.o(.text) for arm_relu_q7
    arm_nnexamples_nn_test.o(.text) refers to arm_relu_q15.o(.text) for arm_relu_q15
    arm_nnexamples_nn_test.o(.text) refers to rt_memcpy_w.o(.text) for __aeabi_memcpy4
    arm_nnexamples_nn_test.o(.text) refers to arm_fully_connected_q7_ref.o(.text) for arm_fully_connected_q7_ref
    arm_nnexamples_nn_test.o(.text) refers to arm_fully_connected_q7.o(.text) for arm_fully_connected_q7
    arm_nnexamples_nn_test.o(.text) refers to arm_fully_connected_q7_opt_ref.o(.text) for arm_fully_connected_q7_opt_ref
    arm_nnexamples_nn_test.o(.text) refers to arm_fully_connected_q7_opt.o(.text) for arm_fully_connected_q7_opt
    arm_nnexamples_nn_test.o(.text) refers to arm_fully_connected_q15_ref.o(.text) for arm_fully_connected_q15_ref
    arm_nnexamples_nn_test.o(.text) refers to arm_fully_connected_q15.o(.text) for arm_fully_connected_q15
    arm_nnexamples_nn_test.o(.text) refers to arm_fully_connected_q15_opt_ref.o(.text) for arm_fully_connected_q15_opt_ref
    arm_nnexamples_nn_test.o(.text) refers to arm_fully_connected_q15_opt.o(.text) for arm_fully_connected_q15_opt
    arm_nnexamples_nn_test.o(.text) refers to arm_fully_connected_mat_q7_vec_q15_ref.o(.text) for arm_fully_connected_mat_q7_vec_q15_ref
    arm_nnexamples_nn_test.o(.text) refers to arm_fully_connected_mat_q7_vec_q15.o(.text) for arm_fully_connected_mat_q7_vec_q15
    arm_nnexamples_nn_test.o(.text) refers to arm_fully_connected_mat_q7_vec_q15_opt_ref.o(.text) for arm_fully_connected_mat_q7_vec_q15_opt_ref
    arm_nnexamples_nn_test.o(.text) refers to arm_fully_connected_mat_q7_vec_q15_opt.o(.text) for arm_fully_connected_mat_q7_vec_q15_opt
    arm_nnexamples_nn_test.o(.text) refers to arm_nnexamples_nn_test.o(.constdata) for .constdata
    arm_nnexamples_nn_test.o(.text) refers to arm_convolve_hwc_q7_ref_nonsquare.o(.text) for arm_convolve_HWC_q7_ref_nonsquare
    arm_nnexamples_nn_test.o(.text) refers to arm_convolve_hwc_q7_fast_nonsquare.o(.text) for arm_convolve_HWC_q7_fast_nonsquare
    arm_nnexamples_nn_test.o(.text) refers to arm_convolve_hwc_q7_basic_nonsquare.o(.text) for arm_convolve_HWC_q7_basic_nonsquare
    arm_nnexamples_nn_test.o(.text) refers to arm_convolve_1x1_hwc_q7_fast_nonsquare.o(.text) for arm_convolve_1x1_HWC_q7_fast_nonsquare
    arm_nnexamples_nn_test.o(.text) refers to arm_depthwise_separable_conv_hwc_q7_ref_nonsquare.o(.text) for arm_depthwise_separable_conv_HWC_q7_ref_nonsquare
    arm_nnexamples_nn_test.o(.text) refers to arm_depthwise_separable_conv_hwc_q7_nonsquare.o(.text) for arm_depthwise_separable_conv_HWC_q7_nonsquare
    arm_nnexamples_nn_test.o(.text) refers to arm_convolve_hwc_q15_ref_nonsquare.o(.text) for arm_convolve_HWC_q15_nonsquare_ref
    arm_nnexamples_nn_test.o(.text) refers to arm_convolve_hwc_q15_fast_nonsquare.o(.text) for arm_convolve_HWC_q15_fast_nonsquare
    arm_nnexamples_nn_test.o(.text) refers to arm_convolve_hwc_q7_ref.o(.text) for arm_convolve_HWC_q7_ref
    arm_nnexamples_nn_test.o(.text) refers to arm_convolve_hwc_q7_basic.o(.text) for arm_convolve_HWC_q7_basic
[...]
    ..\\..\\Source\\FullyConnectedFunctions\\arm_fully_connected_q7_opt.c 0x00000000   Number         0  arm_fully_connected_q7_opt.o ABSOLUTE
    ..\\..\\Source\\NNSupportFunctions\\arm_nn_mult_q15.c 0x00000000   Number         0  arm_nn_mult_q15.o ABSOLUTE
    ..\\..\\Source\\NNSupportFunctions\\arm_nn_mult_q7.c 0x00000000   Number         0  arm_nn_mult_q7.o ABSOLUTE
    ..\\..\\Source\\NNSupportFunctions\\arm_nntables.c 0x00000000   Number         0  arm_nntables.o ABSOLUTE
    ..\\..\\Source\\NNSupportFunctions\\arm_q7_to_q15_no_shift.c 0x00000000   Number         0  arm_q7_to_q15_no_shift.o ABSOLUTE
    ..\\..\\Source\\NNSupportFunctions\\arm_q7_to_q15_reordered_no_shift.c 0x00000000   Number         0  arm_q7_to_q15_reordered_no_shift.o ABSOLUTE
    ..\\..\\Source\\PoolingFunctions\\arm_pool_q7_HWC.c 0x00000000   Number         0  arm_pool_q7_hwc.o ABSOLUTE
    ..\\..\\Source\\SoftmaxFunctions\\arm_softmax_q15.c 0x00000000   Number         0  arm_softmax_q15.o ABSOLUTE
    ..\\..\\Source\\SoftmaxFunctions\\arm_softmax_q7.c 0x00000000   Number         0  arm_softmax_q7.o ABSOLUTE
    ..\\..\\Source\\SupportFunctions\\arm_fill_q15.c 0x00000000   Number         0  arm_fill_q15.o ABSOLUTE
    ..\\..\\Source\\SupportFunctions\\arm_fill_q7.c 0x00000000   Number         0  arm_fill_q7.o ABSOLUTE
    C:\Keil_v5\ARM\PACK\Keil\ARM_Compiler\1.3.1\Source\retarget_io.c 0x00000000   Number         0  retarget_io.o ABSOLUTE
    RTE\Device\ARMCM4_FP\startup_ARMCM4.s    0x00000000   Number         0  startup_armcm4.o ABSOLUTE
    RTE\Device\ARMCM4_FP\system_ARMCM4.c     0x00000000   Number         0  system_armcm4.o ABSOLUTE
    RTE\\Device\\ARMCM4_FP\\system_ARMCM4.c  0x00000000   Number         0  system_armcm4.o ABSOLUTE
    Ref_Implementations\\arm_convolve_HWC_q15_ref.c 0x00000000   Number         0  arm_convolve_hwc_q15_ref.o ABSOLUTE
    Ref_Implementations\\arm_convolve_HWC_q15_ref_nonsquare.c 0x00000000   Number         0  arm_convolve_hwc_q15_ref_nonsquare.o ABSOLUTE
    Ref_Implementations\\arm_convolve_HWC_q7_ref.c 0x00000000   Number         0  arm_convolve_hwc_q7_ref.o ABSOLUTE
    Ref_Implementations\\arm_convolve_HWC_q7_ref_nonsquare.c 0x00000000   Number         0  arm_convolve_hwc_q7_ref_nonsquare.o ABSOLUTE
    Ref_Implementations\\arm_depthwise_separable_conv_HWC_q7_ref.c 0x00000000   Number         0  arm_depthwise_separable_conv_hwc_q7_ref.o ABSOLUTE
    Ref_Implementations\\arm_depthwise_separable_conv_HWC_q7_ref_nonsquare.c 0x00000000   Number         0  arm_depthwise_separable_conv_hwc_q7_ref_nonsquare.o ABSOLUTE
    Ref_Implementations\\arm_fully_connected_mat_q7_vec_q15_opt_ref.c 0x00000000   Number         0  arm_fully_connected_mat_q7_vec_q15_opt_ref.o ABSOLUTE
    Ref_Implementations\\arm_fully_connected_mat_q7_vec_q15_ref.c 0x00000000   Number         0  arm_fully_connected_mat_q7_vec_q15_ref.o ABSOLUTE
    Ref_Implementations\\arm_fully_connected_q15_opt_ref.c 0x00000000   Number         0  arm_fully_connected_q15_opt_ref.o ABSOLUTE
    Ref_Implementations\\arm_fully_connected_q15_ref.c 0x00000000   Number         0  arm_fully_connected_q15_ref.o ABSOLUTE
    Ref_Implementations\\arm_fully_connected_q7_opt_ref.c 0x00000000   Number         0  arm_fully_connected_q7_opt_ref.o ABSOLUTE
    Ref_Implementations\\arm_fully_connected_q7_ref.c 0x00000000   Number         0  arm_fully_connected_q7_ref.o ABSOLUTE
    Ref_Implementations\\arm_nn_mult_ref.c   0x00000000   Number         0  arm_nn_mult_ref.o ABSOLUTE
    Ref_Implementations\\arm_pool_ref.c      0x00000000   Number         0  arm_pool_ref.o ABSOLUTE
    Ref_Implementations\\arm_relu_ref.c      0x00000000   Number         0  arm_relu_ref.o ABSOLUTE
    Ref_Implementations\arm_convolve_HWC_q15_ref.c 0x00000000   Number         0  arm_convolve_hwc_q15_ref.o ABSOLUTE
    Ref_Implementations\arm_convolve_HWC_q15_ref_nonsquare.c 0x00000000   Number         0  arm_convolve_hwc_q15_ref_nonsquare.o ABSOLUTE
    Ref_Implementations\arm_convolve_HWC_q7_ref.c 0x00000000   Number         0  arm_convolve_hwc_q7_ref.o ABSOLUTE
    Ref_Implementations\arm_convolve_HWC_q7_ref_nonsquare.c 0x00000000   Number         0  arm_convolve_hwc_q7_ref_nonsquare.o ABSOLUTE
    Ref_Implementations\arm_depthwise_separable_conv_HWC_q7_ref.c 0x00000000   Number         0  arm_depthwise_separable_conv_hwc_q7_ref.o ABSOLUTE
    Ref_Implementations\arm_depthwise_separable_conv_HWC_q7_ref_nonsquare.c 0x00000000   Number         0  arm_depthwise_separable_conv_hwc_q7_ref_nonsquare.o ABSOLUTE
    Ref_Implementations\arm_fully_connected_mat_q7_vec_q15_opt_ref.c 0x00000000   Number         0  arm_fully_connected_mat_q7_vec_q15_opt_ref.o ABSOLUTE
    Ref_Implementations\arm_fully_connected_mat_q7_vec_q15_ref.c 0x00000000   Number         0  arm_fully_connected_mat_q7_vec_q15_ref.o ABSOLUTE
    Ref_Implementations\arm_fully_connected_q15_opt_ref.c 0x00000000   Number         0  arm_fully_connected_q15_opt_ref.o ABSOLUTE
    Ref_Implementations\arm_fully_connected_q15_ref.c 0x00000000   Number         0  arm_fully_connected_q15_ref.o ABSOLUTE
    Ref_Implementations\arm_fully_connected_q7_opt_ref.c 0x00000000   Number         0  arm_fully_connected_q7_opt_ref.o ABSOLUTE
    Ref_Implementations\arm_fully_connected_q7_ref.c 0x00000000   Number         0  arm_fully_connected_q7_ref.o ABSOLUTE
    Ref_Implementations\arm_nn_mult_ref.c    0x00000000   Number         0  arm_nn_mult_ref.o ABSOLUTE
    Ref_Implementations\arm_pool_ref.c       0x00000000   Number         0  arm_pool_ref.o ABSOLUTE
    Ref_Implementations\arm_relu_ref.c       0x00000000   Number         0  arm_relu_ref.o ABSOLUTE
    arm_nnexamples_nn_test.cpp               0x00000000   Number         0  arm_nnexamples_nn_test.o ABSOLUTE
    arm_nnexamples_nn_test.cpp               0x00000000   Number         0  arm_nnexamples_nn_test.o ABSOLUTE
    dc.s                                     0x00000000   Number         0  dc.o ABSOLUTE
    !!!main                                  0x000000c0   Section        8  __main.o(!!!main)
    !!!scatter                               0x000000c8   Section       52  __scatter.o(!!!scatter)
    !!handler_copy                           0x000000fc   Section       26  __scatter_copy.o(!!handler_copy)
    !!handler_zi                             0x00000118   Section       28  __scatter_zi.o(!!handler_zi)
    .ARM.Collect$$_printf_percent$$00000000  0x00000134   Section        0  _printf_percent.o(.ARM.Collect$$_printf_percent$$00000000)
    .ARM.Collect$$_printf_percent$$00000009  0x00000134   Section        6  _printf_d.o(.ARM.Collect$$_printf_percent$$00000009)
    .ARM.Collect$$_printf_percent$$00000017  0x0000013a   Section        4  _printf_percent_end.o(.ARM.Collect$$_printf_percent$$00000017)
    .ARM.Collect$$libinit$$00000000          0x0000013e   Section        2  libinit.o(.ARM.Collect$$libinit$$00000000)
    .ARM.Collect$$libinit$$00000001          0x00000140   Section        4  libinit2.o(.ARM.Collect$$libinit$$00000001)
    .ARM.Collect$$libinit$$00000004          0x00000144   Section        0  libinit2.o(.ARM.Collect$$libinit$$00000004)
    .ARM.Collect$$libinit$$00000005          0x00000144   Section        8  libinit2.o(.ARM.Collect$$libinit$$00000005)
    .ARM.Collect$$libinit$$0000000A          0x0000014c   Section        0  libinit2.o(.ARM.Collect$$libinit$$0000000A)
    .ARM.Collect$$libinit$$0000000C          0x0000014c   Section        0  libinit2.o(.ARM.Collect$$libinit$$0000000C)
    .ARM.Collect$$libinit$$0000000D          0x0000014c   Section        4  libinit2.o(.ARM.Collect$$libinit$$0000000D)
    .ARM.Collect$$libinit$$0000000E          0x00000150   Section        0  libinit2.o(.ARM.Collect$$libinit$$0000000E)
    .ARM.Collect$$libinit$$00000011          0x00000150   Section        0  libinit2.o(.ARM.Collect$$libinit$$00000011)
    .ARM.Collect$$libinit$$00000013          0x00000150   Section        0  libinit2.o(.ARM.Collect$$libinit$$00000013)
    .ARM.Collect$$libinit$$00000015          0x00000150   Section        0  libinit2.o(.ARM.Collect$$libinit$$00000015)
    .ARM.Collect$$libinit$$00000017          0x00000150   Section        0  libinit2.o(.ARM.Collect$$libinit$$00000017)
    .ARM.Collect$$libinit$$00000019          0x00000150   Section        0  libinit2.o(.ARM.Collect$$libinit$$00000019)
    .ARM.Collect$$libinit$$0000001B          0x00000150   Section        0  libinit2.o(.ARM.Collect$$libinit$$0000001B)
    .ARM.Collect$$libinit$$0000001D          0x00000150   Section        0  libinit2.o(.ARM.Collect$$libinit$$0000001D)
    .ARM.Collect$$libinit$$0000001F          0x00000150   Section        0  libinit2.o(.ARM.Collect$$libinit$$0000001F)
    .ARM.Collect$$libinit$$00000021          0x00000150   Section        0  libinit2.o(.ARM.Collect$$libinit$$00000021)
    .ARM.Collect$$libinit$$00000023          0x00000150   Section        0  libinit2.o(.ARM.Collect$$libinit$$00000023)
    .ARM.Collect$$libinit$$00000024          0x00000150   Section        4  libinit2.o(.ARM.Collect$$libinit$$00000024)
    .ARM.Collect$$libinit$$00000025          0x00000154   Section        0  libinit2.o(.ARM.Collect$$libinit$$00000025)
    .ARM.Collect$$libinit$$0000002C          0x00000154   Section        0  libinit2.o(.ARM.Collect$$libinit$$0000002C)
    .ARM.Collect$$libinit$$0000002E          0x00000154   Section        0  libinit2.o(.ARM.Collect$$libinit$$0000002E)
    .ARM.Collect$$libinit$$00000030          0x00000154   Section        0  libinit2.o(.ARM.Collect$$libinit$$00000030)
    .ARM.Collect$$libinit$$00000032          0x00000154   Section        0  libinit2.o(.ARM.Collect$$libinit$$00000032)
    .ARM.Collect$$libinit$$00000033          0x00000154   Section        2  libinit2.o(.ARM.Collect$$libinit$$00000033)
    .ARM.Collect$$libshutdown$$00000000      0x00000156   Section        2  libshutdown.o(.ARM.Collect$$libshutdown$$00000000)
    .ARM.Collect$$libshutdown$$00000002      0x00000158   Section        0  libshutdown2.o(.ARM.Collect$$libshutdown$$00000002)
    .ARM.Collect$$libshutdown$$00000003      0x00000158   Section        4  libshutdown2.o(.ARM.Collect$$libshutdown$$00000003)
    .ARM.Collect$$libshutdown$$00000004      0x0000015c   Section        0  libshutdown2.o(.ARM.Collect$$libshutdown$$00000004)
    .ARM.Collect$$libshutdown$$00000007      0x0000015c   Section        0  libshutdown2.o(.ARM.Collect$$libshutdown$$00000007)
    .ARM.Collect$$libshutdown$$0000000A      0x0000015c   Section        0  libshutdown2.o(.ARM.Collect$$libshutdown$$0000000A)
    .ARM.Collect$$libshutdown$$0000000C      0x0000015c   Section        0  libshutdown2.o(.ARM.Collect$$libshutdown$$0000000C)
    .ARM.Collect$$libshutdown$$0000000F      0x0000015c   Section        0  libshutdown2.o(.ARM.Collect$$libshutdown$$0000000F)
    .ARM.Collect$$libshutdown$$00000010      0x0000015c   Section        2  libshutdown2.o(.ARM.Collect$$libshutdown$$00000010)
    .ARM.Collect$$rtentry$$00000000          0x0000015e   Section        0  __rtentry.o(.ARM.Collect$$rtentry$$00000000)
    .ARM.Collect$$rtentry$$00000002          0x0000015e   Section        0  __rtentry2.o(.ARM.Collect$$rtentry$$00000002)
    .ARM.Collect$$rtentry$$00000004          0x0000015e   Section        6  __rtentry4.o(.ARM.Collect$$rtentry$$00000004)
    .ARM.Collect$$rtentry$$00000009          0x00000164   Section        0  __rtentry2.o(.ARM.Collect$$rtentry$$00000009)
    .ARM.Collect$$rtentry$$0000000A          0x00000164   Section        4  __rtentry2.o(.ARM.Collect$$rtentry$$0000000A)
    .ARM.Collect$$rtentry$$0000000C          0x00000168   Section        0  __rtentry2.o(.ARM.Collect$$rtentry$$0000000C)
    .ARM.Collect$$rtentry$$0000000D          0x00000168   Section        8  __rtentry2.o(.ARM.Collect$$rtentry$$0000000D)
    .ARM.Collect$$rtexit$$00000000           0x00000170   Section        2  rtexit.o(.ARM.Collect$$rtexit$$00000000)
    .ARM.Collect$$rtexit$$00000002           0x00000172   Section        0  rtexit2.o(.ARM.Collect$$rtexit$$00000002)
    .ARM.Collect$$rtexit$$00000003           0x00000172   Section        4  rtexit2.o(.ARM.Collect$$rtexit$$00000003)
    .ARM.Collect$$rtexit$$00000004           0x00000176   Section        6  rtexit2.o(.ARM.Collect$$rtexit$$00000004)
    .emb_text                                0x0000017c   Section       52  rand.o(.emb_text)
    .emb_text                                0x000001b0   Section        0  maybetermalloc1.o(.emb_text)
    .text                                    0x000001b0   Section        0  arm_convolve_hwc_q7_ref.o(.text)
    .text                                    0x00000334   Section        0  arm_convolve_hwc_q7_ref_nonsquare.o(.text)
    .text                                    0x000004c2   Section        0  arm_convolve_hwc_q15_ref.o(.text)
    .text                                    0x00000648   Section        0  arm_depthwise_separable_conv_hwc_q7_ref.o(.text)
    .text                                    0x000007a0   Section        0  arm_depthwise_separable_conv_hwc_q7_ref_nonsquare.o(.text)
    .text                                    0x000008d8   Section        0  arm_fully_connected_mat_q7_vec_q15_opt_ref.o(.text)
    .text                                    0x00000a7c   Section        0  arm_fully_connected_mat_q7_vec_q15_ref.o(.text)
    .text                                    0x00000b34   Section        0  arm_fully_connected_q7_opt_ref.o(.text)
    .text                                    0x00000d50   Section        0  arm_fully_connected_q7_ref.o(.text)
    .text                                    0x00000e08   Section        0  arm_fully_connected_q15_opt_ref.o(.text)
    .text                                    0x00000f94   Section        0  arm_fully_connected_q15_ref.o(.text)
    .text                                    0x00001048   Section        0  arm_pool_ref.o(.text)
    .text                                    0x00001218   Section        0  arm_relu_ref.o(.text)
    .text                                    0x00001250   Section        0  arm_nnexamples_nn_test.o(.text)
    .text                                    0x00002944   Section        0  arm_relu_q7.o(.text)
    .text                                    0x00002990   Section        0  arm_relu_q15.o(.text)
    .text                                    0x000029d4   Section        0  arm_convolve_1x1_hwc_q7_fast_nonsquare.o(.text)
    .text                                    0x00002b60   Section        0  arm_convolve_hwc_q7_basic.o(.text)
    .text                                    0x00002d18   Section        0  arm_convolve_hwc_q7_fast.o(.text)
    .text                                    0x000031b8   Section        0  arm_convolve_hwc_q7_fast_nonsquare.o(.text)
    .text                                    0x00003678   Section        0  arm_convolve_hwc_q7_rgb.o(.text)
    .text                                    0x00003848   Section        0  arm_convolve_hwc_q15_basic.o(.text)
    .text                                    0x000039e8   Section        0  arm_convolve_hwc_q15_fast.o(.text)
    .text                                    0x00003bf6   Section        0  arm_depthwise_separable_conv_hwc_q7.o(.text)
    .text                                    0x00003edc   Section        0  arm_depthwise_separable_conv_hwc_q7_nonsquare.o(.text)
    .text                                    0x000041cc   Section        0  arm_nn_mat_mult_kernel_q7_q15.o(.text)
    .text                                    0x000043d6   Section        0  arm_nn_mat_mult_kernel_q7_q15_reordered.o(.text)
    .text                                    0x00004518   Section        0  arm_fully_connected_mat_q7_vec_q15.o(.text)
    .text                                    0x000046a8   Section        0  arm_fully_connected_mat_q7_vec_q15_opt.o(.text)
    .text                                    0x00004848   Section        0  arm_fully_connected_q7.o(.text)
    .text                                    0x00004a3c   Section        0  arm_fully_connected_q7_opt.o(.text)
    .text                                    0x00004c30   Section        0  arm_fully_connected_q15.o(.text)
    .text                                    0x00004df0   Section        0  arm_fully_connected_q15_opt.o(.text)
    .text                                    0x00004f7c   Section        0  arm_q7_to_q15_no_shift.o(.text)
    .text                                    0x00005000   Section        0  arm_q7_to_q15_reordered_no_shift.o(.text)
    .text                                    0x0000507c   Section        0  arm_pool_q7_hwc.o(.text)
    .text                                    0x00005598   Section        0  arm_convolve_hwc_q15_ref_nonsquare.o(.text)
    .text                                    0x00005736   Section        0  arm_convolve_hwc_q15_fast_nonsquare.o(.text)
    .text                                    0x00005944   Section        0  arm_convolve_hwc_q7_basic_nonsquare.o(.text)
    .text                                    0x00005afc   Section        0  arm_nn_mult_q7.o(.text)
    .text                                    0x00005c1e   Section        0  arm_nn_mult_q15.o(.text)
    .text                                    0x00005d1e   Section        0  arm_nn_mult_ref.o(.text)
    .text                                    0x00005e14   Section        0  retarget_io.o(.text)
    .text                                    0x00005fb8   Section       64  startup_armcm4.o(.text)
    $v0                                      0x00005fb8   Number         0  startup_armcm4.o(.text)
    .text                                    0x00005ff8   Section        0  system_armcm4.o(.text)
    .text                                    0x0000602c   Section        0  arm_fill_q7.o(.text)
    .text                                    0x000060bc   Section        0  arm_fill_q15.o(.text)
    .text                                    0x00006138   Section        0  noretval__2printf.o(.text)
    .text                                    0x00006150   Section        0  __printf.o(.text)
    .text                                    0x000061b8   Section        0  _printf_dec.o(.text)
    .text                                    0x00006230   Section        0  rand.o(.text)
    .text                                    0x0000626c   Section      138  rt_memcpy_v6.o(.text)
    .text                                    0x000062f6   Section      132  rt_memmove_v6.o(.text)
    .text                                    0x0000637a   Section      100  rt_memcpy_w.o(.text)
    .text                                    0x000063de   Section       68  rt_memclr.o(.text)
    .text                                    0x00006424   Section      128  strcmpv7m.o(.text)
    .text                                    0x000064a4   Section        0  heapauxi.o(.text)
    .text                                    0x000064aa   Section        0  _printf_intcommon.o(.text)
    .text                                    0x0000655c   Section        0  _printf_char_file.o(.text)
    .text                                    0x00006580   Section      122  rt_memmove_w.o(.text)
    .text                                    0x000065fa   Section       78  rt_memclr_w.o(.text)
    .text                                    0x00006648   Section        8  rt_new_handler_addr_intlibspace.o(.text)
    .text                                    0x00006650   Section        0  h1_alloc.o(.text)
    .text                                    0x000066ae   Section        0  h1_free.o(.text)
    .text                                    0x000066fc   Section        0  _printf_char_common.o(.text)
    _printf_input_char                       0x000066fd   Thumb Code    10  _printf_char_common.o(.text)
    .text                                    0x0000672c   Section        0  ferror.o(.text)
    .text                                    0x00006734   Section        0  initio.o(.text)
    .text                                    0x0000686c   Section        0  arm_newhandler_noexceptions.o(.text)
    .text                                    0x00006870   Section        8  libspace.o(.text)
    .text                                    0x00006878   Section       74  sys_stackheap_outer.o(.text)
    .text                                    0x000068c4   Section        8  rt_heap_descriptor_intlibspace.o(.text)
    .text                                    0x000068cc   Section        0  hguard.o(.text)
    .text                                    0x000068d0   Section        0  init_alloc.o(.text)
    .text                                    0x0000695a   Section        0  h1_init.o(.text)
    .text                                    0x00006968   Section        0  flsbuf.o(.text)
    .text                                    0x00006b3e   Section        0  setvbuf.o(.text)
    .text                                    0x00006b84   Section        0  fopen.o(.text)
    _freopen_locked                          0x00006b85   Thumb Code     0  fopen.o(.text)
    .text                                    0x00006c70   Section        0  fclose.o(.text)
    .text                                    0x00006cbc   Section        0  exit.o(.text)
    .text                                    0x00006cce   Section        0  defsig_rtred_outer.o(.text)
    .text                                    0x00006cdc   Section        0  arm_exceptions_terminate.o(.text)
    .text                                    0x00006cf6   Section        0  h1_extend.o(.text)
    .text                                    0x00006d2c   Section        0  fseek.o(.text)
    .text                                    0x00006e24   Section        0  stdio.o(.text)
    .text                                    0x00006f14   Section        0  abort.o(.text)
    .text                                    0x00006f2a   Section        0  defsig_exit.o(.text)
    .text                                    0x00006f34   Section        0  defsig_rtred_inner.o(.text)
    .text                                    0x00006f68   Section        0  defsig_rtmem_outer.o(.text)
    .text                                    0x00006f78   Section        0  arm_exceptions_globs.o(.text)
    [local to arm_exceptions_c]::__default_terminate_handler() 0x00006f79   Thumb Code     6  arm_exceptions_globs.o(.text)
    .text                                    0x00006fc8   Section        0  sys_exit.o(.text)
    .text                                    0x00006fd4   Section        2  use_no_semi.o(.text)
    .text                                    0x00006fd6   Section        0  indicate_semi.o(.text)
    .text                                    0x00006fd8   Section        8  rt_eh_globals_addr_intlibspace.o(.text)
    .text                                    0x00006fe0   Section        0  ftell.o(.text)
    .text                                    0x00007022   Section        0  defsig_general.o(.text)
    .text                                    0x00007054   Section        0  defsig_abrt_outer.o(.text)
    .text                                    0x00007064   Section        0  defsig_rtmem_inner.o(.text)
    .text                                    0x000070b4   Section        0  arm_exceptions_mem.o(.text)
    .text                                    0x000070f0   Section        8  rt_errno_addr_intlibspace.o(.text)
    .text                                    0x000070f8   Section        0  defsig_abrt_inner.o(.text)
    i._ZdaPv                                 0x00007128   Section        0  array_del.o(i._ZdaPv)
    i._ZdlPv                                 0x00007130   Section        0  delete.o(i._ZdlPv)
    i._Znaj                                  0x00007138   Section        0  array_new.o(i._Znaj)
    i._Znwj                                  0x00007140   Section        0  new.o(i._Znwj)
    i.fputc                                  0x00007168   Section        0  fputc.o(i.fputc)
    x$fpl$fpinit                             0x00007182   Section       10  fpinit.o(x$fpl$fpinit)
    $v0                                      0x00007182   Number         0  fpinit.o(x$fpl$fpinit)
    .constdata                               0x0000718c   Section    112913  arm_nnexamples_nn_test.o(.constdata)
    .constdata                               0x00022a9d   Section        7  retarget_io.o(.constdata)
    .constdata                               0x00022aa4   Section        8  retarget_io.o(.constdata)
    .constdata                               0x00022aac   Section        8  retarget_io.o(.constdata)
    .data                                    0x20000000   Section        8  arm_nnexamples_nn_test.o(.data)
    .data                                    0x20000008   Section        4  retarget_io.o(.data)
    .data                                    0x2000000c   Section        4  system_armcm4.o(.data)
    .data                                    0x20000010   Section        4  stdio_streams.o(.data)
    .data                                    0x20000014   Section        4  stdio_streams.o(.data)
    .data                                    0x20000018   Section        4  stdio_streams.o(.data)
    .bss                                     0x2000001c   Section       50  arm_nnexamples_nn_test.o(.bss)
    .bss                                     0x20000050   Section      228  rand.o(.bss)
    .bss                                     0x20000134   Section       84  stdio_streams.o(.bss)
    .bss                                     0x20000188   Section       84  stdio_streams.o(.bss)
    .bss                                     0x200001dc   Section       84  stdio_streams.o(.bss)
    .bss                                     0x20000230   Section       96  libspace.o(.bss)
    HEAP                                     0x20000290   Section    1048576  startup_armcm4.o(HEAP)
    Heap_Mem                                 0x20000290   Data       1048576  startup_armcm4.o(HEAP)
    STACK                                    0x20100290   Section    16384  startup_armcm4.o(STACK)
    Stack_Mem                                0x20100290   Data       16384  startup_armcm4.o(STACK)
    __initial_sp                             0x20104290   Data           0  startup_armcm4.o(STACK)

    Global Symbols

    Symbol Name                              Value     Ov Type        Size  Object(Section)

    BuildAttributes$$THM_ISAv4$E$P$D$K$B$S$7EM$VFPi3$EXTD16$VFPS$VFMA$PE$A:L22UL41UL21$X:L11$S22US41US21$IEEE1$IW$USESV6$~STKCKD$USESV7$~SHL$OTIME$ROPI$IEEEX$EBA8$UX$STANDARDLIB$REQ8$PRES8$EABIv2 0x00000000   Number         0  anon$$obj.o ABSOLUTE
    __ARM_use_no_argv                        0x00000000   Number         0  arm_nnexamples_nn_test.o ABSOLUTE
    __Vectors                                0x00000000   Data           4  startup_armcm4.o(RESET)
    SHT$$ARM_EXIDX$$Base                      - Undefined Reference
    SHT$$ARM_EXIDX$$Limit                     - Undefined Reference
    __ARM::default_unexpected_handler()       - Undefined Weak Reference
    __ARM_exceptions_buffer_required          - Undefined Weak Reference
    __ARM_exceptions_init                     - Undefined Weak Reference
    __aeabi_unwind_cpp_pr1                    - Undefined Weak Reference
    __aeabi_unwind_cpp_pr2                    - Undefined Weak Reference
    __alloca_initialize                       - Undefined Weak Reference
    __arm_preinit_                            - Undefined Weak Reference
    __cpp_initialize__aeabi_                  - Undefined Weak Reference
    __cxa_begin_cleanup                       - Undefined Weak Reference
    __cxa_finalize                            - Undefined Weak Reference
    __cxa_type_match                          - Undefined Weak Reference
    __rt_locale                               - Undefined Weak Reference
    __sigvec_lookup                           - Undefined Weak Reference
    __user_heap_extent                        - Undefined Weak Reference
    _atexit_init                              - Undefined Weak Reference
    _call_atexit_fns                          - Undefined Weak Reference
    _clock_init                               - Undefined Weak Reference
    _fp_trap_init                             - Undefined Weak Reference
    _fp_trap_shutdown                         - Undefined Weak Reference
    _get_lc_collate                           - Undefined Weak Reference
    _get_lc_ctype                             - Undefined Weak Reference
    _get_lc_monetary                          - Undefined Weak Reference
    _get_lc_numeric                           - Undefined Weak Reference
    _get_lc_time                              - Undefined Weak Reference
    _getenv_init                              - Undefined Weak Reference
    _handle_redirection                       - Undefined Weak Reference
    _mutex_acquire                            - Undefined Weak Reference
    _mutex_free                               - Undefined Weak Reference
    _mutex_release                            - Undefined Weak Reference
    _printf_post_padding                      - Undefined Weak Reference
    _printf_pre_padding                       - Undefined Weak Reference
    _printf_truncate_signed                   - Undefined Weak Reference
    _printf_truncate_unsigned                 - Undefined Weak Reference
    _signal_finish                            - Undefined Weak Reference
    _signal_init                              - Undefined Weak Reference
    __Vectors_End                            0x000000c0   Data           0  startup_armcm4.o(RESET)
    __Vectors_Size                           0x000000c0   Number         0  startup_armcm4.o ABSOLUTE
    __main                                   0x000000c1   Thumb Code     8  __main.o(!!!main)
    __scatterload                            0x000000c9   Thumb Code     0  __scatter.o(!!!scatter)
    __scatterload_rt2                        0x000000c9   Thumb Code    44  __scatter.o(!!!scatter)
    __scatterload_rt2_thumb_only             0x000000c9   Thumb Code     0  __scatter.o(!!!scatter)
    __scatterload_null                       0x000000d7   Thumb Code     0  __scatter.o(!!!scatter)
    __scatterload_copy                       0x000000fd   Thumb Code    26  __scatter_copy.o(!!handler_copy)
    __scatterload_zeroinit                   0x00000119   Thumb Code    28  __scatter_zi.o(!!handler_zi)
    _printf_d                                0x00000135   Thumb Code     0  _printf_d.o(.ARM.Collect$$_printf_percent$$00000009)
    _printf_percent                          0x00000135   Thumb Code     0  _printf_percent.o(.ARM.Collect$$_printf_percent$$00000000)
    _printf_percent_end                      0x0000013b   Thumb Code     0  _printf_percent_end.o(.ARM.Collect$$_printf_percent$$00000017)
    __rt_lib_init                            0x0000013f   Thumb Code     0  libinit.o(.ARM.Collect$$libinit$$00000000)
    __rt_lib_init_fp_1                       0x00000141   Thumb Code     0  libinit2.o(.ARM.Collect$$libinit$$00000001)
    __rt_lib_init_heap_2                     0x00000145   Thumb Code     0  libinit2.o(.ARM.Collect$$libinit$$00000005)
    __rt_lib_init_preinit_1                  0x00000145   Thumb Code     0  libinit2.o(.ARM.Collect$$libinit$$00000004)
    __rt_lib_init_heap_1                     0x0000014d   Thumb Code     0  libinit2.o(.ARM.Collect$$libinit$$0000000A)
    __rt_lib_init_rand_2                     0x0000014d   Thumb Code     0  libinit2.o(.ARM.Collect$$libinit$$0000000D)
    __rt_lib_init_user_alloc_1               0x0000014d   Thumb Code     0  libinit2.o(.ARM.Collect$$libinit$$0000000C)
    __rt_lib_init_atexit_1                   0x00000151   Thumb Code     0  libinit2.o(.ARM.Collect$$libinit$$0000001B)
    __rt_lib_init_clock_1                    0x00000151   Thumb Code     0  libinit2.o(.ARM.Collect$$libinit$$00000021)
    __rt_lib_init_fp_trap_1                  0x00000151   Thumb Code     0  libinit2.o(.ARM.Collect$$libinit$$0000001F)
    __rt_lib_init_getenv_1                   0x00000151   Thumb Code     0  libinit2.o(.ARM.Collect$$libinit$$00000023)
    __rt_lib_init_lc_collate_1               0x00000151   Thumb Code     0  libinit2.o(.ARM.Collect$$libinit$$00000011)
    __rt_lib_init_lc_ctype_1                 0x00000151   Thumb Code     0  libinit2.o(.ARM.Collect$$libinit$$00000013)
    __rt_lib_init_lc_monetary_1              0x00000151   Thumb Code     0  libinit2.o(.ARM.Collect$$libinit$$00000015)
    __rt_lib_init_lc_numeric_1               0x00000151   Thumb Code     0  libinit2.o(.ARM.Collect$$libinit$$00000017)
    __rt_lib_init_lc_time_1                  0x00000151   Thumb Code     0  libinit2.o(.ARM.Collect$$libinit$$00000019)
    __rt_lib_init_rand_1                     0x00000151   Thumb Code     0  libinit2.o(.ARM.Collect$$libinit$$0000000E)
    __rt_lib_init_signal_1                   0x00000151   Thumb Code     0  libinit2.o(.ARM.Collect$$libinit$$0000001D)
    __rt_lib_init_stdio_2                    0x00000151   Thumb Code     0  libinit2.o(.ARM.Collect$$libinit$$00000024)
    __rt_lib_init_alloca_1                   0x00000155   Thumb Code     0  libinit2.o(.ARM.Collect$$libinit$$0000002E)
    __rt_lib_init_argv_1                     0x00000155   Thumb Code     0  libinit2.o(.ARM.Collect$$libinit$$0000002C)
    __rt_lib_init_cpp_1                      0x00000155   Thumb Code     0  libinit2.o(.ARM.Collect$$libinit$$00000032)
    __rt_lib_init_exceptions_1               0x00000155   Thumb Code     0  libinit2.o(.ARM.Collect$$libinit$$00000030)
    __rt_lib_init_return                     0x00000155   Thumb Code     0  libinit2.o(.ARM.Collect$$libinit$$00000033)
    __rt_lib_init_stdio_1                    0x00000155   Thumb Code     0  libinit2.o(.ARM.Collect$$libinit$$00000025)
    __rt_lib_shutdown                        0x00000157   Thumb Code     0  libshutdown.o(.ARM.Collect$$libshutdown$$00000000)
    __rt_lib_shutdown_cpp_1                  0x00000159   Thumb Code     0  libshutdown2.o(.ARM.Collect$$libshutdown$$00000002)
    __rt_lib_shutdown_stdio_2                0x00000159   Thumb Code     0  libshutdown2.o(.ARM.Collect$$libshutdown$$00000003)
    __rt_lib_shutdown_fp_trap_1              0x0000015d   Thumb Code     0  libshutdown2.o(.ARM.Collect$$libshutdown$$00000007)
    __rt_lib_shutdown_heap_1                 0x0000015d   Thumb Code     0  libshutdown2.o(.ARM.Collect$$libshutdown$$0000000F)
    __rt_lib_shutdown_return                 0x0000015d   Thumb Code     0  libshutdown2.o(.ARM.Collect$$libshutdown$$00000010)
    __rt_lib_shutdown_signal_1               0x0000015d   Thumb Code     0  libshutdown2.o(.ARM.Collect$$libshutdown$$0000000A)
    __rt_lib_shutdown_stdio_1                0x0000015d   Thumb Code     0  libshutdown2.o(.ARM.Collect$$libshutdown$$00000004)
    __rt_lib_shutdown_user_alloc_1           0x0000015d   Thumb Code     0  libshutdown2.o(.ARM.Collect$$libshutdown$$0000000C)
    __rt_entry                               0x0000015f   Thumb Code     0  __rtentry.o(.ARM.Collect$$rtentry$$00000000)
    __rt_entry_presh_1                       0x0000015f   Thumb Code     0  __rtentry2.o(.ARM.Collect$$rtentry$$00000002)
    __rt_entry_sh                            0x0000015f   Thumb Code     0  __rtentry4.o(.ARM.Collect$$rtentry$$00000004)
    __rt_entry_li                            0x00000165   Thumb Code     0  __rtentry2.o(.ARM.Collect$$rtentry$$0000000A)
    __rt_entry_postsh_1                      0x00000165   Thumb Code     0  __rtentry2.o(.ARM.Collect$$rtentry$$00000009)
    __rt_entry_main                          0x00000169   Thumb Code     0  __rtentry2.o(.ARM.Collect$$rtentry$$0000000D)
    __rt_entry_postli_1                      0x00000169   Thumb Code     0  __rtentry2.o(.ARM.Collect$$rtentry$$0000000C)
    __rt_exit                                0x00000171   Thumb Code     0  rtexit.o(.ARM.Collect$$rtexit$$00000000)
    __rt_exit_ls                             0x00000173   Thumb Code     0  rtexit2.o(.ARM.Collect$$rtexit$$00000003)
    __rt_exit_prels_1                        0x00000173   Thumb Code     0  rtexit2.o(.ARM.Collect$$rtexit$$00000002)
    __rt_exit_exit                           0x00000177   Thumb Code     0  rtexit2.o(.ARM.Collect$$rtexit$$00000004)
    rand                                     0x0000017d   Thumb Code    48  rand.o(.emb_text)
    _maybe_terminate_alloc                   0x000001b1   Thumb Code     0  maybetermalloc1.o(.emb_text)
    arm_convolve_HWC_q7_ref                  0x000001b1   Thumb Code   388  arm_convolve_hwc_q7_ref.o(.text)
    arm_convolve_HWC_q7_ref_nonsquare        0x00000335   Thumb Code   398  arm_convolve_hwc_q7_ref_nonsquare.o(.text)
    arm_convolve_HWC_q15_ref                 0x000004c3   Thumb Code   388  arm_convolve_hwc_q15_ref.o(.text)
    arm_depthwise_separable_conv_HWC_q7_ref  0x00000649   Thumb Code   344  arm_depthwise_separable_conv_hwc_q7_ref.o(.text)
    arm_depthwise_separable_conv_HWC_q7_ref_nonsquare 0x000007a1   Thumb Code   312  arm_depthwise_separable_conv_hwc_q7_ref_nonsquare.o(.text)
    arm_fully_connected_mat_q7_vec_q15_opt_ref 0x000008d9   Thumb Code   420  arm_fully_connected_mat_q7_vec_q15_opt_ref.o(.text)
    arm_fully_connected_mat_q7_vec_q15_ref   0x00000a7d   Thumb Code   184  arm_fully_connected_mat_q7_vec_q15_ref.o(.text)
    arm_fully_connected_q7_opt_ref           0x00000b35   Thumb Code   538  arm_fully_connected_q7_opt_ref.o(.text)
    arm_fully_connected_q7_ref               0x00000d51   Thumb Code   184  arm_fully_connected_q7_ref.o(.text)
    arm_fully_connected_q15_opt_ref          0x00000e09   Thumb Code   396  arm_fully_connected_q15_opt_ref.o(.text)
    arm_fully_connected_q15_ref              0x00000f95   Thumb Code   178  arm_fully_connected_q15_ref.o(.text)
    arm_avepool_q7_HWC_ref                   0x00001049   Thumb Code   240  arm_pool_ref.o(.text)
    arm_maxpool_q7_HWC_ref                   0x00001139   Thumb Code   224  arm_pool_ref.o(.text)
    arm_relu_q7_ref                          0x00001219   Thumb Code    26  arm_relu_ref.o(.text)
    arm_relu_q15_ref                         0x00001233   Thumb Code    28  arm_relu_ref.o(.text)
    initialize_results_q7(signed char*, signed char*, int) 0x00001251   Thumb Code    28  arm_nnexamples_nn_test.o(.text)
    initialize_results_q15(short*, short*, int) 0x0000126d   Thumb Code    30  arm_nnexamples_nn_test.o(.text)
    verify_results_q7(signed char*, signed char*, int) 0x0000128b   Thumb Code   100  arm_nnexamples_nn_test.o(.text)
    verify_results_q15(short*, short*, int)  0x000012ef   Thumb Code   106  arm_nnexamples_nn_test.o(.text)
    main                                     0x00001359   Thumb Code  5142  arm_nnexamples_nn_test.o(.text)
    arm_relu_q7                              0x00002945   Thumb Code    76  arm_relu_q7.o(.text)
    arm_relu_q15                             0x00002991   Thumb Code    68  arm_relu_q15.o(.text)
    arm_convolve_1x1_HWC_q7_fast_nonsquare   0x000029d5   Thumb Code   396  arm_convolve_1x1_hwc_q7_fast_nonsquare.o(.text)
    arm_convolve_HWC_q7_basic                0x00002b61   Thumb Code   440  arm_convolve_hwc_q7_basic.o(.text)
    arm_convolve_HWC_q7_fast                 0x00002d19   Thumb Code  1182  arm_convolve_hwc_q7_fast.o(.text)
    arm_convolve_HWC_q7_fast_nonsquare       0x000031b9   Thumb Code  1216  arm_convolve_hwc_q7_fast_nonsquare.o(.text)
    arm_convolve_HWC_q7_RGB                  0x00003679   Thumb Code   464  arm_convolve_hwc_q7_rgb.o(.text)
    arm_convolve_HWC_q15_basic               0x00003849   Thumb Code   414  arm_convolve_hwc_q15_basic.o(.text)
    arm_convolve_HWC_q15_fast                0x000039e9   Thumb Code   526  arm_convolve_hwc_q15_fast.o(.text)
    arm_depthwise_separable_conv_HWC_q7      0x00003bf7   Thumb Code   740  arm_depthwise_separable_conv_hwc_q7.o(.text)
    arm_depthwise_separable_conv_HWC_q7_nonsquare 0x00003edd   Thumb Code   752  arm_depthwise_separable_conv_hwc_q7_nonsquare.o(.text)
    arm_nn_mat_mult_kernel_q7_q15            0x000041cd   Thumb Code   522  arm_nn_mat_mult_kernel_q7_q15.o(.text)
    arm_nn_mat_mult_kernel_q7_q15_reordered  0x000043d7   Thumb Code   320  arm_nn_mat_mult_kernel_q7_q15_reordered.o(.text)
    arm_fully_connected_mat_q7_vec_q15       0x00004519   Thumb Code   400  arm_fully_connected_mat_q7_vec_q15.o(.text)
    arm_fully_connected_mat_q7_vec_q15_opt   0x000046a9   Thumb Code   416  arm_fully_connected_mat_q7_vec_q15_opt.o(.text)
    arm_fully_connected_q7                   0x00004849   Thumb Code   498  arm_fully_connected_q7.o(.text)
    arm_fully_connected_q7_opt               0x00004a3d   Thumb Code   498  arm_fully_connected_q7_opt.o(.text)
    arm_fully_connected_q15                  0x00004c31   Thumb Code   446  arm_fully_connected_q15.o(.text)
    arm_fully_connected_q15_opt              0x00004df1   Thumb Code   394  arm_fully_connected_q15_opt.o(.text)
    arm_q7_to_q15_no_shift                   0x00004f7d   Thumb Code   130  arm_q7_to_q15_no_shift.o(.text)
    arm_q7_to_q15_reordered_no_shift         0x00005001   Thumb Code   122  arm_q7_to_q15_reordered_no_shift.o(.text)
    arm_maxpool_q7_HWC                       0x0000507d   Thumb Code   538  arm_pool_q7_hwc.o(.text)
    arm_avepool_q7_HWC                       0x00005297   Thumb Code   770  arm_pool_q7_hwc.o(.text)
    arm_convolve_HWC_q15_nonsquare_ref       0x00005599   Thumb Code   414  arm_convolve_hwc_q15_ref_nonsquare.o(.text)
    arm_convolve_HWC_q15_fast_nonsquare      0x00005737   Thumb Code   526  arm_convolve_hwc_q15_fast_nonsquare.o(.text)
    arm_convolve_HWC_q7_basic_nonsquare      0x00005945   Thumb Code   440  arm_convolve_hwc_q7_basic_nonsquare.o(.text)
    arm_nn_mult_q7                           0x00005afd   Thumb Code   290  arm_nn_mult_q7.o(.text)
    arm_nn_mult_q15                          0x00005c1f   Thumb Code   256  arm_nn_mult_q15.o(.text)
    arm_nn_mult_q7_ref                       0x00005d1f   Thumb Code   124  arm_nn_mult_ref.o(.text)
    arm_nn_mult_q15_ref                      0x00005d9b   Thumb Code   120  arm_nn_mult_ref.o(.text)
    ITM_SendChar                             0x00005e15   Thumb Code    38  retarget_io.o(.text)
    ITM_ReceiveChar                          0x00005e3b   Thumb Code    20  retarget_io.o(.text)
    _sys_open                                0x00005e4f   Thumb Code    80  retarget_io.o(.text)
    _sys_close                               0x00005e9f   Thumb Code    24  retarget_io.o(.text)
    _sys_write                               0x00005eb7   Thumb Code   114  retarget_io.o(.text)
    _sys_read                                0x00005f29   Thumb Code    18  retarget_io.o(.text)
    _ttywrch                                 0x00005f3b   Thumb Code    38  retarget_io.o(.text)
    _sys_istty                               0x00005f61   Thumb Code    26  retarget_io.o(.text)
    _sys_seek                                0x00005f7b   Thumb Code     8  retarget_io.o(.text)
    _sys_flen                                0x00005f83   Thumb Code    12  retarget_io.o(.text)
    Reset_Handler                            0x00005fb9   Thumb Code     8  startup_armcm4.o(.text)
    NMI_Handler                              0x00005fc1   Thumb Code     2  startup_armcm4.o(.text)
    HardFault_Handler                        0x00005fc3   Thumb Code     2  startup_armcm4.o(.text)
    MemManage_Handler                        0x00005fc5   Thumb Code     2  startup_armcm4.o(.text)
    BusFault_Handler                         0x00005fc7   Thumb Code     2  startup_armcm4.o(.text)
    UsageFault_Handler                       0x00005fc9   Thumb Code     2  startup_armcm4.o(.text)
    SVC_Handler                              0x00005fcb   Thumb Code     2  startup_armcm4.o(.text)
    DebugMon_Handler                         0x00005fcd   Thumb Code     2  startup_armcm4.o(.text)
    PendSV_Handler                           0x00005fcf   Thumb Code     2  startup_armcm4.o(.text)
    SysTick_Handler                          0x00005fd1   Thumb Code     2  startup_armcm4.o(.text)
    AACI_IRQHandler                          0x00005fd3   Thumb Code     0  startup_armcm4.o(.text)
    CAN_IRQHandler                           0x00005fd3   Thumb Code     0  startup_armcm4.o(.text)
    CHLCD_IRQHandler                         0x00005fd3   Thumb Code     0  startup_armcm4.o(.text)
    CLCD_IRQHandler                          0x00005fd3   Thumb Code     0  startup_armcm4.o(.text)
    CPU_CLCD_IRQHandler                      0x00005fd3   Thumb Code     0  startup_armcm4.o(.text)
    ENET_IRQHandler                          0x00005fd3   Thumb Code     0  startup_armcm4.o(.text)
    FLEXRAY_IRQHandler                       0x00005fd3   Thumb Code     0  startup_armcm4.o(.text)
    I2C_IRQHandler                           0x00005fd3   Thumb Code     0  startup_armcm4.o(.text)
    LIN_IRQHandler                           0x00005fd3   Thumb Code     0  startup_armcm4.o(.text)
    MCIA_IRQHandler                          0x00005fd3   Thumb Code     0  startup_armcm4.o(.text)
    MCIB_IRQHandler                          0x00005fd3   Thumb Code     0  startup_armcm4.o(.text)
    RTC_IRQHandler                           0x00005fd3   Thumb Code     0  startup_armcm4.o(.text)
    SPI_IRQHandler                           0x00005fd3   Thumb Code     0  startup_armcm4.o(.text)
    TIM0_IRQHandler                          0x00005fd3   Thumb Code     0  startup_armcm4.o(.text)
    TIM2_IRQHandler                          0x00005fd3   Thumb Code     0  startup_armcm4.o(.text)
    UART0_IRQHandler                         0x00005fd3   Thumb Code     0  startup_armcm4.o(.text)
    UART1_IRQHandler                         0x00005fd3   Thumb Code     0  startup_armcm4.o(.text)
    UART2_IRQHandler                         0x00005fd3   Thumb Code     0  startup_armcm4.o(.text)
    UART3_IRQHandler                         0x00005fd3   Thumb Code     0  startup_armcm4.o(.text)
    UART4_IRQHandler                         0x00005fd3   Thumb Code     0  startup_armcm4.o(.text)
    USBDC_IRQHandler                         0x00005fd3   Thumb Code     0  startup_armcm4.o(.text)
    USBHC_IRQHandler                         0x00005fd3   Thumb Code     0  startup_armcm4.o(.text)
    WDT_IRQHandler                           0x00005fd3   Thumb Code     0  startup_armcm4.o(.text)
    __user_initial_stackheap                 0x00005fd5   Thumb Code    10  startup_armcm4.o(.text)
    SystemCoreClockUpdate                    0x00005ff9   Thumb Code     8  system_armcm4.o(.text)
    SystemInit                               0x00006001   Thumb Code    24  system_armcm4.o(.text)
    arm_fill_q7                              0x0000602d   Thumb Code   144  arm_fill_q7.o(.text)
    arm_fill_q15                             0x000060bd   Thumb Code   122  arm_fill_q15.o(.text)
    __2printf                                0x00006139   Thumb Code    20  noretval__2printf.o(.text)
    __printf                                 0x00006151   Thumb Code   104  __printf.o(.text)
    _printf_int_dec                          0x000061b9   Thumb Code   104  _printf_dec.o(.text)
    srand                                    0x00006231   Thumb Code    42  rand.o(.text)
    _rand_init                               0x0000625b   Thumb Code     4  rand.o(.text)
    __aeabi_memcpy                           0x0000626d   Thumb Code     0  rt_memcpy_v6.o(.text)
    __rt_memcpy                              0x0000626d   Thumb Code   138  rt_memcpy_v6.o(.text)
    _memcpy_lastbytes                        0x000062d3   Thumb Code     0  rt_memcpy_v6.o(.text)
    __aeabi_memmove                          0x000062f7   Thumb Code     0  rt_memmove_v6.o(.text)
    __rt_memmove                             0x000062f7   Thumb Code   132  rt_memmove_v6.o(.text)
    __memmove_lastfew                        0x00006357   Thumb Code     0  rt_memmove_v6.o(.text)
    __aeabi_memcpy4                          0x0000637b   Thumb Code     0  rt_memcpy_w.o(.text)
    __aeabi_memcpy8                          0x0000637b   Thumb Code     0  rt_memcpy_w.o(.text)
    __rt_memcpy_w                            0x0000637b   Thumb Code   100  rt_memcpy_w.o(.text)
    _memcpy_lastbytes_aligned                0x000063c3   Thumb Code     0  rt_memcpy_w.o(.text)
    __aeabi_memclr                           0x000063df   Thumb Code     0  rt_memclr.o(.text)
    __rt_memclr                              0x000063df   Thumb Code    68  rt_memclr.o(.text)
    _memset                                  0x000063e3   Thumb Code     0  rt_memclr.o(.text)
    strcmp                                   0x00006425   Thumb Code   128  strcmpv7m.o(.text)
    __use_two_region_memory                  0x000064a5   Thumb Code     2  heapauxi.o(.text)
    __rt_heap_escrow                         0x000064a7   Thumb Code     2  heapauxi.o(.text)
    __rt_heap_expand                         0x000064a9   Thumb Code     2  heapauxi.o(.text)
    _printf_int_common                       0x000064ab   Thumb Code   178  _printf_intcommon.o(.text)
    _printf_char_file                        0x0000655d   Thumb Code    32  _printf_char_file.o(.text)
    __aeabi_memmove4                         0x00006581   Thumb Code     0  rt_memmove_w.o(.text)
    __aeabi_memmove8                         0x00006581   Thumb Code     0  rt_memmove_w.o(.text)
    __rt_memmove_w                           0x00006581   Thumb Code   122  rt_memmove_w.o(.text)
    __memmove_aligned                        0x000065a7   Thumb Code     0  rt_memmove_w.o(.text)
    __memmove_lastfew_aligned                0x000065df   Thumb Code     0  rt_memmove_w.o(.text)
    __aeabi_memclr4                          0x000065fb   Thumb Code     0  rt_memclr_w.o(.text)
    __aeabi_memclr8                          0x000065fb   Thumb Code     0  rt_memclr_w.o(.text)
    __rt_memclr_w                            0x000065fb   Thumb Code    78  rt_memclr_w.o(.text)
    _memset_w                                0x000065ff   Thumb Code     0  rt_memclr_w.o(.text)
    __rt_new_handler_addr                    0x00006649   Thumb Code     8  rt_new_handler_addr_intlibspace.o(.text)
    malloc                                   0x00006651   Thumb Code    94  h1_alloc.o(.text)
    free                                     0x000066af   Thumb Code    78  h1_free.o(.text)
    _printf_char_common                      0x00006707   Thumb Code    32  _printf_char_common.o(.text)
    ferror                                   0x0000672d   Thumb Code     8  ferror.o(.text)
    _initio                                  0x00006735   Thumb Code   210  initio.o(.text)
    _terminateio                             0x00006807   Thumb Code    56  initio.o(.text)
    __default_new_handler()                  0x0000686d   Thumb Code     4  arm_newhandler_noexceptions.o(.text)
    __user_libspace                          0x00006871   Thumb Code     8  libspace.o(.text)
    __user_perproc_libspace                  0x00006871   Thumb Code     0  libspace.o(.text)
    __user_perthread_libspace                0x00006871   Thumb Code     0  libspace.o(.text)
    __user_setup_stackheap                   0x00006879   Thumb Code    74  sys_stackheap_outer.o(.text)
    __rt_heap_descriptor                     0x000068c5   Thumb Code     8  rt_heap_descriptor_intlibspace.o(.text)
    __use_no_heap                            0x000068cd   Thumb Code     2  hguard.o(.text)
    __heap$guard                             0x000068cf   Thumb Code     2  hguard.o(.text)
    _terminate_user_alloc                    0x000068d1   Thumb Code     2  init_alloc.o(.text)
    _init_user_alloc                         0x000068d3   Thumb Code     2  init_alloc.o(.text)
    __Heap_Full                              0x000068d5   Thumb Code    34  init_alloc.o(.text)
    __Heap_Broken                            0x000068f7   Thumb Code     6  init_alloc.o(.text)
    _init_alloc                              0x000068fd   Thumb Code    94  init_alloc.o(.text)
    __Heap_Initialize                        0x0000695b   Thumb Code    10  h1_init.o(.text)
    __Heap_DescSize                          0x00006965   Thumb Code     4  h1_init.o(.text)
    __flsbuf                                 0x00006969   Thumb Code   470  flsbuf.o(.text)
    __flsbuf_byte                            0x00006969   Thumb Code     0  flsbuf.o(.text)
    __flsbuf_wide                            0x00006969   Thumb Code     0  flsbuf.o(.text)
    setvbuf                                  0x00006b3f   Thumb Code    70  setvbuf.o(.text)
    freopen                                  0x00006b85   Thumb Code   158  fopen.o(.text)
    fopen                                    0x00006c23   Thumb Code    74  fopen.o(.text)
    _fclose_internal                         0x00006c71   Thumb Code    76  fclose.o(.text)
    fclose                                   0x00006c71   Thumb Code     0  fclose.o(.text)
    exit                                     0x00006cbd   Thumb Code    18  exit.o(.text)
    __rt_SIGRTRED                            0x00006ccf   Thumb Code    14  defsig_rtred_outer.o(.text)
    std::terminate()                         0x00006cdd   Thumb Code    26  arm_exceptions_terminate.o(.text)
    __Heap_ProvideMemory                     0x00006cf7   Thumb Code    52  h1_extend.o(.text)
    _fseek                                   0x00006d2d   Thumb Code   242  fseek.o(.text)
    fseek                                    0x00006d2d   Thumb Code     0  fseek.o(.text)
    _seterr                                  0x00006e25   Thumb Code    20  stdio.o(.text)
    _writebuf                                0x00006e39   Thumb Code    84  stdio.o(.text)
    _fflush                                  0x00006e8d   Thumb Code    70  stdio.o(.text)
    _deferredlazyseek                        0x00006ed3   Thumb Code    60  stdio.o(.text)
    abort                                    0x00006f15   Thumb Code    22  abort.o(.text)
    __sig_exit                               0x00006f2b   Thumb Code    10  defsig_exit.o(.text)
    __rt_SIGRTRED_inner                      0x00006f35   Thumb Code    14  defsig_rtred_inner.o(.text)
    __rt_SIGRTMEM                            0x00006f69   Thumb Code    14  defsig_rtmem_outer.o(.text)
    __cxa_get_globals                        0x00006f7f   Thumb Code    62  arm_exceptions_globs.o(.text)
    _sys_exit                                0x00006fc9   Thumb Code     8  sys_exit.o(.text)
    __I$use$semihosting                      0x00006fd5   Thumb Code     0  use_no_semi.o(.text)
    __use_no_semihosting_swi                 0x00006fd5   Thumb Code     2  use_no_semi.o(.text)
    __semihosting_library_function           0x00006fd7   Thumb Code     0  indicate_semi.o(.text)
    __rt_eh_globals_addr                     0x00006fd9   Thumb Code     8  rt_eh_globals_addr_intlibspace.o(.text)
    _ftell_internal                          0x00006fe1   Thumb Code    66  ftell.o(.text)
    ftell                                    0x00006fe1   Thumb Code     0  ftell.o(.text)
    __default_signal_display                 0x00007023   Thumb Code    50  defsig_general.o(.text)
    __rt_SIGABRT                             0x00007055   Thumb Code    14  defsig_abrt_outer.o(.text)
    __rt_SIGRTMEM_inner                      0x00007065   Thumb Code    22  defsig_rtmem_inner.o(.text)
    __ARM_exceptions_buffer_init             0x000070b5   Thumb Code    18  arm_exceptions_mem.o(.text)
    __ARM_exceptions_buffer_allocate         0x000070c7   Thumb Code    22  arm_exceptions_mem.o(.text)
    __ARM_exceptions_buffer_free             0x000070dd   Thumb Code    20  arm_exceptions_mem.o(.text)
    __aeabi_errno_addr                       0x000070f1   Thumb Code     8  rt_errno_addr_intlibspace.o(.text)
    __errno$intlibspace                      0x000070f1   Thumb Code     0  rt_errno_addr_intlibspace.o(.text)
    __rt_errno_addr$intlibspace              0x000070f1   Thumb Code     0  rt_errno_addr_intlibspace.o(.text)
    __rt_SIGABRT_inner                       0x000070f9   Thumb Code    14  defsig_abrt_inner.o(.text)
    operator delete[] (void*)                0x00007129   Thumb Code     8  array_del.o(i._ZdaPv)
    operator delete (void*)                  0x00007131   Thumb Code     8  delete.o(i._ZdlPv)
    operator new[] (unsigned)                0x00007139   Thumb Code     8  array_new.o(i._Znaj)
    operator new(unsigned)                   0x00007141   Thumb Code    34  new.o(i._Znwj)
    fputc                                    0x00007169   Thumb Code    26  fputc.o(i.fputc)
    _fp_init                                 0x00007183   Thumb Code    10  fpinit.o(x$fpl$fpinit)
    __fplib_config_fpu_vfp                   0x0000718b   Thumb Code     0  fpinit.o(x$fpl$fpinit)
    __fplib_config_pureend_doubles           0x0000718b   Thumb Code     0  fpinit.o(x$fpl$fpinit)
    __stdin_name                             0x00022a9d   Data           7  retarget_io.o(.constdata)
    __stdout_name                            0x00022aa4   Data           8  retarget_io.o(.constdata)
    __stderr_name                            0x00022aac   Data           8  retarget_io.o(.constdata)
    Region$$Table$$Base                      0x00022ab4   Number         0  anon$$obj.o(Region$$Table)
    Region$$Table$$Limit                     0x00022ad4   Number         0  anon$$obj.o(Region$$Table)
    test_pass                                0x20000000   Data           1  arm_nnexamples_nn_test.o(.data)
    test_index                               0x20000004   Data           4  arm_nnexamples_nn_test.o(.data)
    ITM_RxBuffer                             0x20000008   Data           4  retarget_io.o(.data)
    SystemCoreClock                          0x2000000c   Data           4  system_armcm4.o(.data)
    __aeabi_stdin                            0x20000010   Data           4  stdio_streams.o(.data)
    __aeabi_stdout                           0x20000014   Data           4  stdio_streams.o(.data)
    __aeabi_stderr                           0x20000018   Data           4  stdio_streams.o(.data)
    test_flags                               0x2000001c   Data          50  arm_nnexamples_nn_test.o(.bss)
    _random_number_data                      0x20000050   Data         228  rand.o(.bss)
    __stdin                                  0x20000134   Data          84  stdio_streams.o(.bss)
    __stdout                                 0x20000188   Data          84  stdio_streams.o(.bss)
    __stderr                                 0x200001dc   Data          84  stdio_streams.o(.bss)
    __libspace_start                         0x20000230   Data          96  libspace.o(.bss)
    __temporary_stack_top$libspace           0x20000290   Data           0  libspace.o(.bss)



==============================================================================

Memory Map of the image

  Image Entry point : 0x00005fb9

  Load Region LR_1 (Base: 0x00000000, Size: 0x00022af0, Max: 0xffffffff, ABSOLUTE)

    Execution Region ER_RO (Exec base: 0x00000000, Load base: 0x00000000, Size: 0x00022ad4, Max: 0xffffffff, ABSOLUTE)

    Exec Addr    Load Addr    Size         Type   Attr      Idx    E Section Name        Object

    0x00000000   0x00000000   0x000000c0   Data   RO         1284    RESET               startup_armcm4.o
    0x000000c0   0x000000c0   0x00000008   Code   RO         1451  * !!!main             c_w.l(__main.o)
    0x000000c8   0x000000c8   0x00000034   Code   RO         2015    !!!scatter          c_w.l(__scatter.o)
    0x000000fc   0x000000fc   0x0000001a   Code   RO         2017    !!handler_copy      c_w.l(__scatter_copy.o)
    0x00000116   0x00000116   0x00000002   PAD
    0x00000118   0x00000118   0x0000001c   Code   RO         2019    !!handler_zi        c_w.l(__scatter_zi.o)
    0x00000134   0x00000134   0x00000000   Code   RO         1433    .ARM.Collect$$_printf_percent$$00000000  c_w.l(_printf_percent.o)
    0x00000134   0x00000134   0x00000006   Code   RO         1432    .ARM.Collect$$_printf_percent$$00000009  c_w.l(_printf_d.o)
    0x0000013a   0x0000013a   0x00000004   Code   RO         1467    .ARM.Collect$$_printf_percent$$00000017  c_w.l(_printf_percent_end.o)
    0x0000013e   0x0000013e   0x00000002   Code   RO         1843    .ARM.Collect$$libinit$$00000000  c_w.l(libinit.o)
    0x00000140   0x00000140   0x00000004   Code   RO         1478    .ARM.Collect$$libinit$$00000001  c_w.l(libinit2.o)
    0x00000144   0x00000144   0x00000000   Code   RO         1481    .ARM.Collect$$libinit$$00000004  c_w.l(libinit2.o)
    0x00000144   0x00000144   0x00000008   Code   RO         1482    .ARM.Collect$$libinit$$00000005  c_w.l(libinit2.o)
    0x0000014c   0x0000014c   0x00000000   Code   RO         1484    .ARM.Collect$$libinit$$0000000A  c_w.l(libinit2.o)
    0x0000014c   0x0000014c   0x00000000   Code   RO         1486    .ARM.Collect$$libinit$$0000000C  c_w.l(libinit2.o)
    0x0000014c   0x0000014c   0x00000004   Code   RO         1487    .ARM.Collect$$libinit$$0000000D  c_w.l(libinit2.o)
    0x00000150   0x00000150   0x00000000   Code   RO         1488    .ARM.Collect$$libinit$$0000000E  c_w.l(libinit2.o)
    0x00000150   0x00000150   0x00000000   Code   RO         1491    .ARM.Collect$$libinit$$00000011  c_w.l(libinit2.o)
    0x00000150   0x00000150   0x00000000   Code   RO         1493    .ARM.Collect$$libinit$$00000013  c_w.l(libinit2.o)
    0x00000150   0x00000150   0x00000000   Code   RO         1495    .ARM.Collect$$libinit$$00000015  c_w.l(libinit2.o)
    0x00000150   0x00000150   0x00000000   Code   RO         1497    .ARM.Collect$$libinit$$00000017  c_w.l(libinit2.o)
    0x00000150   0x00000150   0x00000000   Code   RO         1499    .ARM.Collect$$libinit$$00000019  c_w.l(libinit2.o)
    0x00000150   0x00000150   0x00000000   Code   RO         1501    .ARM.Collect$$libinit$$0000001B  c_w.l(libinit2.o)
    0x00000150   0x00000150   0x00000000   Code   RO         1503    .ARM.Collect$$libinit$$0000001D  c_w.l(libinit2.o)
    0x00000150   0x00000150   0x00000000   Code   RO         1505    .ARM.Collect$$libinit$$0000001F  c_w.l(libinit2.o)
    0x00000150   0x00000150   0x00000000   Code   RO         1507    .ARM.Collect$$libinit$$00000021  c_w.l(libinit2.o)
    0x00000150   0x00000150   0x00000000   Code   RO         1509    .ARM.Collect$$libinit$$00000023  c_w.l(libinit2.o)
    0x00000150   0x00000150   0x00000004   Code   RO         1510    .ARM.Collect$$libinit$$00000024  c_w.l(libinit2.o)
    0x00000154   0x00000154   0x00000000   Code   RO         1511    .ARM.Collect$$libinit$$00000025  c_w.l(libinit2.o)
    0x00000154   0x00000154   0x00000000   Code   RO         1515    .ARM.Collect$$libinit$$0000002C  c_w.l(libinit2.o)
    0x00000154   0x00000154   0x00000000   Code   RO         1517    .ARM.Collect$$libinit$$0000002E  c_w.l(libinit2.o)
    0x00000154   0x00000154   0x00000000   Code   RO         1519    .ARM.Collect$$libinit$$00000030  c_w.l(libinit2.o)
    0x00000154   0x00000154   0x00000000   Code   RO         1521    .ARM.Collect$$libinit$$00000032  c_w.l(libinit2.o)
    0x00000154   0x00000154   0x00000002   Code   RO         1522    .ARM.Collect$$libinit$$00000033  c_w.l(libinit2.o)
    0x00000156   0x00000156   0x00000002   Code   RO         2002    .ARM.Collect$$libshutdown$$00000000  c_w.l(libshutdown.o)
    0x00000158   0x00000158   0x00000000   Code   RO         1845    .ARM.Collect$$libshutdown$$00000002  c_w.l(libshutdown2.o)
    0x00000158   0x00000158   0x00000004   Code   RO         1846    .ARM.Collect$$libshutdown$$00000003  c_w.l(libshutdown2.o)
    0x0000015c   0x0000015c   0x00000000   Code   RO         1847    .ARM.Collect$$libshutdown$$00000004  c_w.l(libshutdown2.o)
    0x0000015c   0x0000015c   0x00000000   Code   RO         1850    .ARM.Collect$$libshutdown$$00000007  c_w.l(libshutdown2.o)
    0x0000015c   0x0000015c   0x00000000   Code   RO         1853    .ARM.Collect$$libshutdown$$0000000A  c_w.l(libshutdown2.o)
    0x0000015c   0x0000015c   0x00000000   Code   RO         1855    .ARM.Collect$$libshutdown$$0000000C  c_w.l(libshutdown2.o)
    0x0000015c   0x0000015c   0x00000000   Code   RO         1858    .ARM.Collect$$libshutdown$$0000000F  c_w.l(libshutdown2.o)
    0x0000015c   0x0000015c   0x00000002   Code   RO         1859    .ARM.Collect$$libshutdown$$00000010  c_w.l(libshutdown2.o)
    0x0000015e   0x0000015e   0x00000000   Code   RO         1460    .ARM.Collect$$rtentry$$00000000  c_w.l(__rtentry.o)
    0x0000015e   0x0000015e   0x00000000   Code   RO         1547    .ARM.Collect$$rtentry$$00000002  c_w.l(__rtentry2.o)
    0x0000015e   0x0000015e   0x00000006   Code   RO         1559    .ARM.Collect$$rtentry$$00000004  c_w.l(__rtentry4.o)
    0x00000164   0x00000164   0x00000000   Code   RO         1549    .ARM.Collect$$rtentry$$00000009  c_w.l(__rtentry2.o)
    0x00000164   0x00000164   0x00000004   Code   RO         1550    .ARM.Collect$$rtentry$$0000000A  c_w.l(__rtentry2.o)
    0x00000168   0x00000168   0x00000000   Code   RO         1552    .ARM.Collect$$rtentry$$0000000C  c_w.l(__rtentry2.o)
    0x00000168   0x00000168   0x00000008   Code   RO         1553    .ARM.Collect$$rtentry$$0000000D  c_w.l(__rtentry2.o)
    0x00000170   0x00000170   0x00000002   Code   RO         1890    .ARM.Collect$$rtexit$$00000000  c_w.l(rtexit.o)
    0x00000172   0x00000172   0x00000000   Code   RO         1949    .ARM.Collect$$rtexit$$00000002  c_w.l(rtexit2.o)
    0x00000172   0x00000172   0x00000004   Code   RO         1950    .ARM.Collect$$rtexit$$00000003  c_w.l(rtexit2.o)
    0x00000176   0x00000176   0x00000006   Code   RO         1951    .ARM.Collect$$rtexit$$00000004  c_w.l(rtexit2.o)
    0x0000017c   0x0000017c   0x00000034   Code   RO         1434    .emb_text           c_w.l(rand.o)
    0x000001b0   0x000001b0   0x00000000   Code   RO         1896    .emb_text           c_w.l(maybetermalloc1.o)
    0x000001b0   0x000001b0   0x00000184   Code   RO            4    .text               arm_convolve_hwc_q7_ref.o
    0x00000334   0x00000334   0x0000018e   Code   RO           76    .text               arm_convolve_hwc_q7_ref_nonsquare.o
    0x000004c2   0x000004c2   0x00000184   Code   RO          100    .text               arm_convolve_hwc_q15_ref.o
    0x00000646   0x00000646   0x00000002   PAD
    0x00000648   0x00000648   0x00000158   Code   RO          124    .text               arm_depthwise_separable_conv_hwc_q7_ref.o
    0x000007a0   0x000007a0   0x00000138   Code   RO          148    .text               arm_depthwise_separable_conv_hwc_q7_ref_nonsquare.o
    0x000008d8   0x000008d8   0x000001a4   Code   RO          172    .text               arm_fully_connected_mat_q7_vec_q15_opt_ref.o
    0x00000a7c   0x00000a7c   0x000000b8   Code   RO          196    .text               arm_fully_connected_mat_q7_vec_q15_ref.o
    0x00000b34   0x00000b34   0x0000021a   Code   RO          220    .text               arm_fully_connected_q7_opt_ref.o
    0x00000d4e   0x00000d4e   0x00000002   PAD
    0x00000d50   0x00000d50   0x000000b8   Code   RO          244    .text               arm_fully_connected_q7_ref.o
    0x00000e08   0x00000e08   0x0000018c   Code   RO          268    .text               arm_fully_connected_q15_opt_ref.o
    0x00000f94   0x00000f94   0x000000b2   Code   RO          292    .text               arm_fully_connected_q15_ref.o
    0x00001046   0x00001046   0x00000002   PAD
    0x00001048   0x00001048   0x000001d0   Code   RO          316    .text               arm_pool_ref.o
    0x00001218   0x00001218   0x00000036   Code   RO          340    .text               arm_relu_ref.o
    0x0000124e   0x0000124e   0x00000002   PAD
    0x00001250   0x00001250   0x000016f4   Code   RO          364    .text               arm_nnexamples_nn_test.o
    0x00002944   0x00002944   0x0000004c   Code   RO          499    .text               arm_relu_q7.o
    0x00002990   0x00002990   0x00000044   Code   RO          523    .text               arm_relu_q15.o
    0x000029d4   0x000029d4   0x0000018c   Code   RO          547    .text               arm_convolve_1x1_hwc_q7_fast_nonsquare.o
    0x00002b60   0x00002b60   0x000001b8   Code   RO          571    .text               arm_convolve_hwc_q7_basic.o
    0x00002d18   0x00002d18   0x0000049e   Code   RO          595    .text               arm_convolve_hwc_q7_fast.o
    0x000031b6   0x000031b6   0x00000002   PAD
    0x000031b8   0x000031b8   0x000004c0   Code   RO          619    .text               arm_convolve_hwc_q7_fast_nonsquare.o
    0x00003678   0x00003678   0x000001d0   Code   RO          643    .text               arm_convolve_hwc_q7_rgb.o
    0x00003848   0x00003848   0x0000019e   Code   RO          667    .text               arm_convolve_hwc_q15_basic.o
    0x000039e6   0x000039e6   0x00000002   PAD
    0x000039e8   0x000039e8   0x0000020e   Code   RO          691    .text               arm_convolve_hwc_q15_fast.o
    0x00003bf6   0x00003bf6   0x000002e4   Code   RO          715    .text               arm_depthwise_separable_conv_hwc_q7.o
    0x00003eda   0x00003eda   0x00000002   PAD
    0x00003edc   0x00003edc   0x000002f0   Code   RO          739    .text               arm_depthwise_separable_conv_hwc_q7_nonsquare.o
    0x000041cc   0x000041cc   0x0000020a   Code   RO          763    .text               arm_nn_mat_mult_kernel_q7_q15.o
    0x000043d6   0x000043d6   0x00000140   Code   RO          787    .text               arm_nn_mat_mult_kernel_q7_q15_reordered.o
    0x00004516   0x00004516   0x00000002   PAD
    0x00004518   0x00004518   0x00000190   Code   RO          814    .text               arm_fully_connected_mat_q7_vec_q15.o
    0x000046a8   0x000046a8   0x000001a0   Code   RO          838    .text               arm_fully_connected_mat_q7_vec_q15_opt.o
    0x00004848   0x00004848   0x000001f2   Code   RO          862    .text               arm_fully_connected_q7.o
    0x00004a3a   0x00004a3a   0x00000002   PAD
    0x00004a3c   0x00004a3c   0x000001f2   Code   RO          886    .text               arm_fully_connected_q7_opt.o
    0x00004c2e   0x00004c2e   0x00000002   PAD
    0x00004c30   0x00004c30   0x000001be   Code   RO          910    .text               arm_fully_connected_q15.o
    0x00004dee   0x00004dee   0x00000002   PAD
    0x00004df0   0x00004df0   0x0000018a   Code   RO          934    .text               arm_fully_connected_q15_opt.o
    0x00004f7a   0x00004f7a   0x00000002   PAD
    0x00004f7c   0x00004f7c   0x00000082   Code   RO          986    .text               arm_q7_to_q15_no_shift.o
    0x00004ffe   0x00004ffe   0x00000002   PAD
    0x00005000   0x00005000   0x0000007a   Code   RO         1010    .text               arm_q7_to_q15_reordered_no_shift.o
    0x0000507a   0x0000507a   0x00000002   PAD
    0x0000507c   0x0000507c   0x0000051c   Code   RO         1082    .text               arm_pool_q7_hwc.o
    0x00005598   0x00005598   0x0000019e   Code   RO         1106    .text               arm_convolve_hwc_q15_ref_nonsquare.o
    0x00005736   0x00005736   0x0000020e   Code   RO         1130    .text               arm_convolve_hwc_q15_fast_nonsquare.o
    0x00005944   0x00005944   0x000001b8   Code   RO         1154    .text               arm_convolve_hwc_q7_basic_nonsquare.o
    0x00005afc   0x00005afc   0x00000122   Code   RO         1178    .text               arm_nn_mult_q7.o
    0x00005c1e   0x00005c1e   0x00000100   Code   RO         1202    .text               arm_nn_mult_q15.o
    0x00005d1e   0x00005d1e   0x000000f4   Code   RO         1226    .text               arm_nn_mult_ref.o
    0x00005e12   0x00005e12   0x00000002   PAD
    0x00005e14   0x00005e14   0x000001a4   Code   RO         1247    .text               retarget_io.o
    0x00005fb8   0x00005fb8   0x00000040   Code   RO         1285  * .text               startup_armcm4.o
    0x00005ff8   0x00005ff8   0x00000034   Code   RO         1292    .text               system_armcm4.o
    0x0000602c   0x0000602c   0x00000090   Code   RO         1333    .text               arm_cortexM4lf_math.lib(arm_fill_q7.o)
    0x000060bc   0x000060bc   0x0000007a   Code   RO         1379    .text               arm_cortexM4lf_math.lib(arm_fill_q15.o)
    0x00006136   0x00006136   0x00000002   PAD
    0x00006138   0x00006138   0x00000018   Code   RO         1406    .text               c_w.l(noretval__2printf.o)
    0x00006150   0x00006150   0x00000068   Code   RO         1408    .text               c_w.l(__printf.o)
    0x000061b8   0x000061b8   0x00000078   Code   RO         1410    .text               c_w.l(_printf_dec.o)
    0x00006230   0x00006230   0x0000003c   Code   RO         1435    .text               c_w.l(rand.o)
    0x0000626c   0x0000626c   0x0000008a   Code   RO         1439    .text               c_w.l(rt_memcpy_v6.o)
    0x000062f6   0x000062f6   0x00000084   Code   RO         1441    .text               c_w.l(rt_memmove_v6.o)
    0x0000637a   0x0000637a   0x00000064   Code   RO         1443    .text               c_w.l(rt_memcpy_w.o)
    0x000063de   0x000063de   0x00000044   Code   RO         1445    .text               c_w.l(rt_memclr.o)
    0x00006422   0x00006422   0x00000002   PAD
    0x00006424   0x00006424   0x00000080   Code   RO         1447    .text               c_w.l(strcmpv7m.o)
    0x000064a4   0x000064a4   0x00000006   Code   RO         1449    .text               c_w.l(heapauxi.o)
    0x000064aa   0x000064aa   0x000000b2   Code   RO         1463    .text               c_w.l(_printf_intcommon.o)
    0x0000655c   0x0000655c   0x00000024   Code   RO         1465    .text               c_w.l(_printf_char_file.o)
    0x00006580   0x00006580   0x0000007a   Code   RO         1474    .text               c_w.l(rt_memmove_w.o)
    0x000065fa   0x000065fa   0x0000004e   Code   RO         1476    .text               c_w.l(rt_memclr_w.o)
    0x00006648   0x00006648   0x00000008   Code   RO         1568    .text               c_w.l(rt_new_handler_addr_intlibspace.o)
    0x00006650   0x00006650   0x0000005e   Code   RO         1574    .text               c_w.l(h1_alloc.o)
    0x000066ae   0x000066ae   0x0000004e   Code   RO         1576    .text               c_w.l(h1_free.o)
    0x000066fc   0x000066fc   0x00000030   Code   RO         1632    .text               c_w.l(_printf_char_common.o)
    0x0000672c   0x0000672c   0x00000008   Code   RO         1634    .text               c_w.l(ferror.o)
    0x00006734   0x00006734   0x00000138   Code   RO         1640    .text               c_w.l(initio.o)
    0x0000686c   0x0000686c   0x00000004   Code   RO         1650    .text               cpprt_w.l(arm_newhandler_noexceptions.o)
    0x00006870   0x00006870   0x00000008   Code   RO         1777    .text               c_w.l(libspace.o)
    0x00006878   0x00006878   0x0000004a   Code   RO         1782    .text               c_w.l(sys_stackheap_outer.o)
    0x000068c2   0x000068c2   0x00000002   PAD
    0x000068c4   0x000068c4   0x00000008   Code   RO         1789    .text               c_w.l(rt_heap_descriptor_intlibspace.o)
    0x000068cc   0x000068cc   0x00000004   Code   RO         1791    .text               c_w.l(hguard.o)
    0x000068d0   0x000068d0   0x0000008a   Code   RO         1793    .text               c_w.l(init_alloc.o)
    0x0000695a   0x0000695a   0x0000000e   Code   RO         1797    .text               c_w.l(h1_init.o)
    0x00006968   0x00006968   0x000001d6   Code   RO         1813    .text               c_w.l(flsbuf.o)
    0x00006b3e   0x00006b3e   0x00000046   Code   RO         1815    .text               c_w.l(setvbuf.o)
    0x00006b84   0x00006b84   0x000000ec   Code   RO         1818    .text               c_w.l(fopen.o)
    0x00006c70   0x00006c70   0x0000004c   Code   RO         1820    .text               c_w.l(fclose.o)
    0x00006cbc   0x00006cbc   0x00000012   Code   RO         1826    .text               c_w.l(exit.o)
    0x00006cce   0x00006cce   0x0000000e   Code   RO         1828    .text               c_w.l(defsig_rtred_outer.o)
    0x00006cdc   0x00006cdc   0x0000001a   Code   RO         1878    .text               cpprt_w.l(arm_exceptions_terminate.o)
    0x00006cf6   0x00006cf6   0x00000034   Code   RO         1898    .text               c_w.l(h1_extend.o)
    0x00006d2a   0x00006d2a   0x00000002   PAD
    0x00006d2c   0x00006d2c   0x000000f8   Code   RO         1904    .text               c_w.l(fseek.o)
    0x00006e24   0x00006e24   0x000000f0   Code   RO         1906    .text               c_w.l(stdio.o)
    0x00006f14   0x00006f14   0x00000016   Code   RO         1912    .text               c_w.l(abort.o)
    0x00006f2a   0x00006f2a   0x0000000a   Code   RO         1916    .text               c_w.l(defsig_exit.o)
    0x00006f34   0x00006f34   0x00000034   Code   RO         1922    .text               c_w.l(defsig_rtred_inner.o)
    0x00006f68   0x00006f68   0x0000000e   Code   RO         1924    .text               c_w.l(defsig_rtmem_outer.o)
    0x00006f76   0x00006f76   0x00000002   PAD
    0x00006f78   0x00006f78   0x00000050   Code   RO         1940    .text               cpprt_w.l(arm_exceptions_globs.o)
    0x00006fc8   0x00006fc8   0x0000000c   Code   RO         1943    .text               c_w.l(sys_exit.o)
    0x00006fd4   0x00006fd4   0x00000002   Code   RO         1945    .text               c_w.l(use_no_semi.o)
    0x00006fd6   0x00006fd6   0x00000000   Code   RO         1947    .text               c_w.l(indicate_semi.o)
    0x00006fd6   0x00006fd6   0x00000002   PAD
    0x00006fd8   0x00006fd8   0x00000008   Code   RO         1958    .text               c_w.l(rt_eh_globals_addr_intlibspace.o)
    0x00006fe0   0x00006fe0   0x00000042   Code   RO         1966    .text               c_w.l(ftell.o)
    0x00007022   0x00007022   0x00000032   Code   RO         1974    .text               c_w.l(defsig_general.o)
    0x00007054   0x00007054   0x0000000e   Code   RO         1976    .text               c_w.l(defsig_abrt_outer.o)
    0x00007062   0x00007062   0x00000002   PAD
    0x00007064   0x00007064   0x00000050   Code   RO         1982    .text               c_w.l(defsig_rtmem_inner.o)
    0x000070b4   0x000070b4   0x0000003c   Code   RO         1984    .text               cpprt_w.l(arm_exceptions_mem.o)
    0x000070f0   0x000070f0   0x00000008   Code   RO         1990    .text               c_w.l(rt_errno_addr_intlibspace.o)
    0x000070f8   0x000070f8   0x00000030   Code   RO         1996    .text               c_w.l(defsig_abrt_inner.o)
    0x00007128   0x00007128   0x00000008   Code   RO         1453    i._ZdaPv            cpprt_w.l(array_del.o)
    0x00007130   0x00007130   0x00000008   Code   RO         1523    i._ZdlPv            cpprt_w.l(delete.o)
    0x00007138   0x00007138   0x00000008   Code   RO         1456    i._Znaj             cpprt_w.l(array_new.o)
    0x00007140   0x00007140   0x00000028   Code   RO         1526    i._Znwj             cpprt_w.l(new.o)
    0x00007168   0x00007168   0x0000001a   Code   RO         1637    i.fputc             c_w.l(fputc.o)
    0x00007182   0x00007182   0x0000000a   Code   RO         1775    x$fpl$fpinit        g_wm.l(fpinit.o)
    0x0000718c   0x0000718c   0x0001b911   Data   RO          367    .constdata          arm_nnexamples_nn_test.o
    0x00022a9d   0x00022a9d   0x00000007   Data   RO         1248    .constdata          retarget_io.o
    0x00022aa4   0x00022aa4   0x00000008   Data   RO         1249    .constdata          retarget_io.o
    0x00022aac   0x00022aac   0x00000008   Data   RO         1250    .constdata          retarget_io.o
    0x00022ab4   0x00022ab4   0x00000020   Data   RO         2013    Region$$Table       anon$$obj.o


    Execution Region ER_RW (Exec base: 0x20000000, Load base: 0x00022ad4, Size: 0x0000001c, Max: 0xffffffff, ABSOLUTE)

    Exec Addr    Load Addr    Size         Type   Attr      Idx    E Section Name        Object

    0x20000000   0x00022ad4   0x00000008   Data   RW          368    .data               arm_nnexamples_nn_test.o
    0x20000008   0x00022adc   0x00000004   Data   RW         1251    .data               retarget_io.o
    0x2000000c   0x00022ae0   0x00000004   Data   RW         1293    .data               system_armcm4.o
    0x20000010   0x00022ae4   0x00000004   Data   RW         1471    .data               c_w.l(stdio_streams.o)
    0x20000014   0x00022ae8   0x00000004   Data   RW         1472    .data               c_w.l(stdio_streams.o)
    0x20000018   0x00022aec   0x00000004   Data   RW         1473    .data               c_w.l(stdio_streams.o)


    Execution Region ER_ZI (Exec base: 0x2000001c, Load base: 0x00022af0, Size: 0x00104274, Max: 0xffffffff, ABSOLUTE)

    Exec Addr    Load Addr    Size         Type   Attr      Idx    E Section Name        Object

    0x2000001c        -       0x00000032   Zero   RW          366    .bss                arm_nnexamples_nn_test.o
    0x2000004e   0x00022af0   0x00000002   PAD
    0x20000050        -       0x000000e4   Zero   RW         1436    .bss                c_w.l(rand.o)
    0x20000134        -       0x00000054   Zero   RW         1468    .bss                c_w.l(stdio_streams.o)
    0x20000188        -       0x00000054   Zero   RW         1469    .bss                c_w.l(stdio_streams.o)
    0x200001dc        -       0x00000054   Zero   RW         1470    .bss                c_w.l(stdio_streams.o)
    0x20000230        -       0x00000060   Zero   RW         1778    .bss                c_w.l(libspace.o)
    0x20000290        -       0x00100000   Zero   RW         1283    HEAP                startup_armcm4.o
    0x20100290        -       0x00004000   Zero   RW         1282    STACK               startup_armcm4.o


==============================================================================

Image component sizes


      Code (inc. data)   RO Data    RW Data    ZI Data      Debug   Object Name

       396          0          0          0          0       3297   arm_convolve_1x1_hwc_q7_fast_nonsquare.o
       414          0          0          0          0       3165   arm_convolve_hwc_q15_basic.o
       526          0          0          0          0       3636   arm_convolve_hwc_q15_fast.o
       526          0          0          0          0       4114   arm_convolve_hwc_q15_fast_nonsquare.o
       388          0          0          0          0       2959   arm_convolve_hwc_q15_ref.o
       414          0          0          0          0       3177   arm_convolve_hwc_q15_ref_nonsquare.o
       440          0          0          0          0       3164   arm_convolve_hwc_q7_basic.o
       440          0          0          0          0       3482   arm_convolve_hwc_q7_basic_nonsquare.o
      1182          0          0          0          0       4427   arm_convolve_hwc_q7_fast.o
      1216          0          0          0          0       5765   arm_convolve_hwc_q7_fast_nonsquare.o
       388          0          0          0          0      21590   arm_convolve_hwc_q7_ref.o
       398          0          0          0          0       3072   arm_convolve_hwc_q7_ref_nonsquare.o
       464          0          0          0          0       3362   arm_convolve_hwc_q7_rgb.o
       740          0          0          0          0       4206   arm_depthwise_separable_conv_hwc_q7.o
       752          0          0          0          0       4724   arm_depthwise_separable_conv_hwc_q7_nonsquare.o
       344          0          0          0          0       2742   arm_depthwise_separable_conv_hwc_q7_ref.o
       312          0          0          0          0       3136   arm_depthwise_separable_conv_hwc_q7_ref_nonsquare.o
       400          0          0          0          0       3453   arm_fully_connected_mat_q7_vec_q15.o
       416          0          0          0          0       3185   arm_fully_connected_mat_q7_vec_q15_opt.o
       420          0          0          0          0       2477   arm_fully_connected_mat_q7_vec_q15_opt_ref.o
       184          0          0          0          0       2133   arm_fully_connected_mat_q7_vec_q15_ref.o
       446          0          0          0          0       2650   arm_fully_connected_q15.o
       394          0          0          0          0       2782   arm_fully_connected_q15_opt.o
       396          0          0          0          0       2274   arm_fully_connected_q15_opt_ref.o
       178          0          0          0          0       2034   arm_fully_connected_q15_ref.o
       498          0          0          0          0       3313   arm_fully_connected_q7.o
       498          0          0          0          0       2885   arm_fully_connected_q7_opt.o
       538          0          0          0          0       2401   arm_fully_connected_q7_opt_ref.o
       184          0          0          0          0       2029   arm_fully_connected_q7_ref.o
       522          0          0          0          0       3312   arm_nn_mat_mult_kernel_q7_q15.o
       320          0          0          0          0       3302   arm_nn_mat_mult_kernel_q7_q15_reordered.o
       256          0          0          0          0       2058   arm_nn_mult_q15.o
       290          0          0          0          0       1841   arm_nn_mult_q7.o
       244          0          0          0          0       2089   arm_nn_mult_ref.o
      5876       1820     112913          8         50      26309   arm_nnexamples_nn_test.o
      1308          0          0          0          0       6852   arm_pool_q7_hwc.o
       464          0          0          0          0       3148   arm_pool_ref.o
       130          0          0          0          0       1341   arm_q7_to_q15_no_shift.o
       122          0          0          0          0       1307   arm_q7_to_q15_reordered_no_shift.o
        68          0          0          0          0        919   arm_relu_q15.o
        76          0          0          0          0        998   arm_relu_q7.o
        54          0          0          0          0        987   arm_relu_ref.o
       420         42         23          4          0       4959   retarget_io.o
        64         26        192          0    1064960        920   startup_armcm4.o
        52         20          0          4          0        901   system_armcm4.o

    ----------------------------------------------------------------------
     24188       1908     113160         16    1065012     172877   Object Totals
         0          0         32          0          0          0   (incl. Generated)
        30          0          0          0          2          0   (incl. Padding)

    ----------------------------------------------------------------------

      Code (inc. data)   RO Data    RW Data    ZI Data      Debug   Library Member Name

       122          0          0          0          0       1175   arm_fill_q15.o
       144          0          0          0          0      17662   arm_fill_q7.o
         8          0          0          0          0         68   __main.o
       104          0          0          0          0         84   __printf.o
         0          0          0          0          0          0   __rtentry.o
        12          0          0          0          0          0   __rtentry2.o
         6          0          0          0          0          0   __rtentry4.o
        52          8          0          0          0          0   __scatter.o
        26          0          0          0          0          0   __scatter_copy.o
        28          0          0          0          0          0   __scatter_zi.o
        48          6          0          0          0         96   _printf_char_common.o
        36          4          0          0          0         80   _printf_char_file.o
         6          0          0          0          0          0   _printf_d.o
       120         16          0          0          0         92   _printf_dec.o
       178          0          0          0          0         88   _printf_intcommon.o
         0          0          0          0          0          0   _printf_percent.o
         4          0          0          0          0          0   _printf_percent_end.o
        22          0          0          0          0         80   abort.o
        48         34          0          0          0         76   defsig_abrt_inner.o
        14          0          0          0          0         80   defsig_abrt_outer.o
        10          0          0          0          0         68   defsig_exit.o
        50          0          0          0          0         88   defsig_general.o
        80         58          0          0          0         76   defsig_rtmem_inner.o
        14          0          0          0          0         80   defsig_rtmem_outer.o
        52         38          0          0          0         76   defsig_rtred_inner.o
        14          0          0          0          0         80   defsig_rtred_outer.o
        18          0          0          0          0         80   exit.o
        76          0          0          0          0         88   fclose.o
         8          0          0          0          0         68   ferror.o
       470          0          0          0          0         88   flsbuf.o
       236          4          0          0          0        128   fopen.o
        26          0          0          0          0         68   fputc.o
       248          6          0          0          0         84   fseek.o
        66          0          0          0          0         76   ftell.o
        94          0          0          0          0         80   h1_alloc.o
        52          0          0          0          0         68   h1_extend.o
        78          0          0          0          0         80   h1_free.o
        14          0          0          0          0         84   h1_init.o
         6          0          0          0          0        152   heapauxi.o
         4          0          0          0          0        136   hguard.o
         0          0          0          0          0          0   indicate_semi.o
       138          0          0          0          0        168   init_alloc.o
       312         46          0          0          0        112   initio.o
         2          0          0          0          0          0   libinit.o
        22          0          0          0          0          0   libinit2.o
         2          0          0          0          0          0   libshutdown.o
         6          0          0          0          0          0   libshutdown2.o
         8          4          0          0         96         68   libspace.o
         0          0          0          0          0          0   maybetermalloc1.o
        24          4          0          0          0         84   noretval__2printf.o
       112         18          0          0        228        160   rand.o
         8          4          0          0          0         68   rt_eh_globals_addr_intlibspace.o
         8          4          0          0          0         68   rt_errno_addr_intlibspace.o
         8          4          0          0          0         68   rt_heap_descriptor_intlibspace.o
        68          0          0          0          0         68   rt_memclr.o
        78          0          0          0          0         80   rt_memclr_w.o
       138          0          0          0          0         68   rt_memcpy_v6.o
       100          0          0          0          0         80   rt_memcpy_w.o
       132          0          0          0          0         68   rt_memmove_v6.o
       122          0          0          0          0         80   rt_memmove_w.o
         8          4          0          0          0         68   rt_new_handler_addr_intlibspace.o
         2          0          0          0          0          0   rtexit.o
        10          0          0          0          0          0   rtexit2.o
        70          0          0          0          0         80   setvbuf.o
       240          6          0          0          0        156   stdio.o
         0          0          0         12        252          0   stdio_streams.o
       128          0          0          0          0         68   strcmpv7m.o
        12          4          0          0          0         68   sys_exit.o
        74          0          0          0          0         80   sys_stackheap_outer.o
         2          0          0          0          0         68   use_no_semi.o
        80         12          0          0          0        104   arm_exceptions_globs.o
        60          0          0          0          0        108   arm_exceptions_mem.o
        26          0          0          0          0         76   arm_exceptions_terminate.o
         4          0          0          0          0         68   arm_newhandler_noexceptions.o
         8          0          0          0          0         76   array_del.o
         8          0          0          0          0         76   array_new.o
         8          0          0          0          0         76   delete.o
        40          6          0          0          0         76   new.o
        10          0          0          0          0        116   fpinit.o

    ----------------------------------------------------------------------
      4688        290          0         12        576      23933   Library Totals
        16          0          0          0          0          0   (incl. Padding)

    ----------------------------------------------------------------------

      Code (inc. data)   RO Data    RW Data    ZI Data      Debug   Library Name

       266          0          0          0          0      18837   arm_cortexM4lf_math.lib
      4162        272          0         12        576       4320   c_w.l
       234         18          0          0          0        660   cpprt_w.l
        10          0          0          0          0        116   g_wm.l

    ----------------------------------------------------------------------
      4688        290          0         12        576      23933   Library Totals

    ----------------------------------------------------------------------

==============================================================================


      Code (inc. data)   RO Data    RW Data    ZI Data      Debug   

     28876       2198     113160         28    1065588     189598   Grand Totals
     28876       2198     113160         28    1065588     189598   ELF Image Totals
     28876       2198     113160         28          0          0   ROM Totals

==============================================================================

    Total RO  Size (Code + RO Data)               142036 ( 138.71kB)
    Total RW  Size (RW Data + ZI Data)           1065616 (1040.64kB)
    Total ROM Size (Code + RO Data + RW Data)     142064 ( 138.73kB)

==============================================================================

