Component: ARM Compiler 5.06 update 5 (build 528) Tool: armlink [4d35e2]

==============================================================================

Section Cross References

    arm_nnexamples_nn_test.o(.text) refers to _printf_percent.o(.ARM.Collect$$_printf_percent$$00000000) for _printf_percent
    arm_nnexamples_nn_test.o(.text) refers to _printf_d.o(.ARM.Collect$$_printf_percent$$00000009) for _printf_d
    arm_nnexamples_nn_test.o(.text) refers to _printf_dec.o(.text) for _printf_int_dec
    arm_nnexamples_nn_test.o(.text) refers to arm_fill_q7.o(.text) for arm_fill_q7
    arm_nnexamples_nn_test.o(.text) refers to arm_fill_q15.o(.text) for arm_fill_q15
    arm_nnexamples_nn_test.o(.text) refers to noretval__2printf.o(.text) for __2printf
    arm_nnexamples_nn_test.o(.text) refers to rand.o(.text) for srand
    arm_nnexamples_nn_test.o(.text) refers to array_new.o(i._Znaj) for operator new[] (unsigned)
    arm_nnexamples_nn_test.o(.text) refers to rand.o(.emb_text) for rand
    arm_nnexamples_nn_test.o(.text) refers to arm_nn_mult_q7.o(.text) for arm_nn_mult_q7
    arm_nnexamples_nn_test.o(.text) refers to arm_nn_mult_ref.o(.text) for arm_nn_mult_q7_ref
    arm_nnexamples_nn_test.o(.text) refers to arm_nn_mult_q15.o(.text) for arm_nn_mult_q15
    arm_nnexamples_nn_test.o(.text) refers to arm_nnexamples_nn_test.o(.data) for test_index
    arm_nnexamples_nn_test.o(.text) refers to arm_nnexamples_nn_test.o(.bss) for test_flags
    arm_nnexamples_nn_test.o(.text) refers to arm_pool_ref.o(.text) for arm_maxpool_q7_HWC_ref
    arm_nnexamples_nn_test.o(.text) refers to arm_pool_q7_hwc.o(.text) for arm_maxpool_q7_HWC
    arm_nnexamples_nn_test.o(.text) refers to array_del.o(i._ZdaPv) for operator delete[] (void*)
    arm_nnexamples_nn_test.o(.text) refers to arm_relu_ref.o(.text) for arm_relu_q7_ref
    arm_nnexamples_nn_test.o(.text) refers to arm_relu_q7.o(.text) for arm_relu_q7
    arm_nnexamples_nn_test.o(.text) refers to arm_relu_q15.o(.text) for arm_relu_q15
    arm_nnexamples_nn_test.o(.text) refers to arm_nnexamples_nn_test.o(.constdata) for .constdata
    arm_nnexamples_nn_test.o(.text) refers to rt_memcpy_w.o(.text) for __aeabi_memcpy4
    arm_nnexamples_nn_test.o(.text) refers to arm_fully_connected_q7_ref.o(.text) for arm_fully_connected_q7_ref
    arm_nnexamples_nn_test.o(.text) refers to arm_fully_connected_q7.o(.text) for arm_fully_connected_q7
    arm_nnexamples_nn_test.o(.text) refers to arm_fully_connected_q7_opt_ref.o(.text) for arm_fully_connected_q7_opt_ref
    arm_nnexamples_nn_test.o(.text) refers to arm_fully_connected_q7_opt.o(.text) for arm_fully_connected_q7_opt
    arm_nnexamples_nn_test.o(.text) refers to arm_fully_connected_q15_ref.o(.text) for arm_fully_connected_q15_ref
    arm_nnexamples_nn_test.o(.text) refers to arm_fully_connected_q15.o(.text) for arm_fully_connected_q15
    arm_nnexamples_nn_test.o(.text) refers to arm_fully_connected_q15_opt_ref.o(.text) for arm_fully_connected_q15_opt_ref
    arm_nnexamples_nn_test.o(.text) refers to arm_fully_connected_q15_opt.o(.text) for arm_fully_connected_q15_opt
    arm_nnexamples_nn_test.o(.text) refers to arm_fully_connected_mat_q7_vec_q15_ref.o(.text) for arm_fully_connected_mat_q7_vec_q15_ref
    arm_nnexamples_nn_test.o(.text) refers to arm_fully_connected_mat_q7_vec_q15.o(.text) for arm_fully_connected_mat_q7_vec_q15
    arm_nnexamples_nn_test.o(.text) refers to arm_fully_connected_mat_q7_vec_q15_opt_ref.o(.text) for arm_fully_connected_mat_q7_vec_q15_opt_ref
    arm_nnexamples_nn_test.o(.text) refers to arm_fully_connected_mat_q7_vec_q15_opt.o(.text) for arm_fully_connected_mat_q7_vec_q15_opt
    arm_nnexamples_nn_test.o(.text) refers to arm_convolve_hwc_q7_ref_nonsquare.o(.text) for arm_convolve_HWC_q7_ref_nonsquare
    arm_nnexamples_nn_test.o(.text) refers to arm_convolve_hwc_q7_fast_nonsquare.o(.text) for arm_convolve_HWC_q7_fast_nonsquare
    arm_nnexamples_nn_test.o(.text) refers to arm_convolve_hwc_q7_basic_nonsquare.o(.text) for arm_convolve_HWC_q7_basic_nonsquare
    arm_nnexamples_nn_test.o(.text) refers to arm_convolve_1x1_hwc_q7_fast_nonsquare.o(.text) for arm_convolve_1x1_HWC_q7_fast_nonsquare
    arm_nnexamples_nn_test.o(.text) refers to arm_depthwise_separable_conv_hwc_q7_ref_nonsquare.o(.text) for arm_depthwise_separable_conv_HWC_q7_ref_nonsquare
    arm_nnexamples_nn_test.o(.text) refers to arm_depthwise_separable_conv_hwc_q7_nonsquare.o(.text) for arm_depthwise_separable_conv_HWC_q7_nonsquare
    arm_nnexamples_nn_test.o(.text) refers to arm_convolve_hwc_q15_ref_nonsquare.o(.text) for arm_convolve_HWC_q15_nonsquare_ref
    arm_nnexamples_nn_test.o(.text) refers to arm_convolve_hwc_q15_fast_nonsquare.o(.text) for arm_convolve_HWC_q15_fast_nonsquare
    arm_nnexamples_nn_test.o(.text) refers to arm_convolve_hwc_q7_ref.o(.text) for arm_convolve_HWC_q7_ref
    arm_nnexamples_nn_test.o(.text) refers to arm_convolve_hwc_q7_basic.o(.text) for arm_convolve_HWC_q7_basic
[...]
    ..\\..\\Source\\FullyConnectedFunctions\\arm_fully_connected_q15.c 0x00000000   Number         0  arm_fully_connected_q15.o ABSOLUTE
    ..\\..\\Source\\FullyConnectedFunctions\\arm_fully_connected_q15_opt.c 0x00000000   Number         0  arm_fully_connected_q15_opt.o ABSOLUTE
    ..\\..\\Source\\FullyConnectedFunctions\\arm_fully_connected_q7.c 0x00000000   Number         0  arm_fully_connected_q7.o ABSOLUTE
    ..\\..\\Source\\FullyConnectedFunctions\\arm_fully_connected_q7_opt.c 0x00000000   Number         0  arm_fully_connected_q7_opt.o ABSOLUTE
    ..\\..\\Source\\NNSupportFunctions\\arm_nn_mult_q15.c 0x00000000   Number         0  arm_nn_mult_q15.o ABSOLUTE
    ..\\..\\Source\\NNSupportFunctions\\arm_nn_mult_q7.c 0x00000000   Number         0  arm_nn_mult_q7.o ABSOLUTE
    ..\\..\\Source\\NNSupportFunctions\\arm_nntables.c 0x00000000   Number         0  arm_nntables.o ABSOLUTE
    ..\\..\\Source\\NNSupportFunctions\\arm_q7_to_q15_no_shift.c 0x00000000   Number         0  arm_q7_to_q15_no_shift.o ABSOLUTE
    ..\\..\\Source\\NNSupportFunctions\\arm_q7_to_q15_reordered_no_shift.c 0x00000000   Number         0  arm_q7_to_q15_reordered_no_shift.o ABSOLUTE
    ..\\..\\Source\\PoolingFunctions\\arm_pool_q7_HWC.c 0x00000000   Number         0  arm_pool_q7_hwc.o ABSOLUTE
    ..\\..\\Source\\SoftmaxFunctions\\arm_softmax_q15.c 0x00000000   Number         0  arm_softmax_q15.o ABSOLUTE
    ..\\..\\Source\\SoftmaxFunctions\\arm_softmax_q7.c 0x00000000   Number         0  arm_softmax_q7.o ABSOLUTE
    ..\\..\\Source\\SupportFunctions\\arm_fill_q15.c 0x00000000   Number         0  arm_fill_q15.o ABSOLUTE
    ..\\..\\Source\\SupportFunctions\\arm_fill_q7.c 0x00000000   Number         0  arm_fill_q7.o ABSOLUTE
    C:\Keil_v5\ARM\PACK\Keil\ARM_Compiler\1.3.1\Source\retarget_io.c 0x00000000   Number         0  retarget_io.o ABSOLUTE
    RTE\Device\ARMCM7_SP\startup_ARMCM7.s    0x00000000   Number         0  startup_armcm7.o ABSOLUTE
    RTE\Device\ARMCM7_SP\system_ARMCM7.c     0x00000000   Number         0  system_armcm7.o ABSOLUTE
    RTE\\Device\\ARMCM7_SP\\system_ARMCM7.c  0x00000000   Number         0  system_armcm7.o ABSOLUTE
    Ref_Implementations\\arm_convolve_HWC_q15_ref.c 0x00000000   Number         0  arm_convolve_hwc_q15_ref.o ABSOLUTE
    Ref_Implementations\\arm_convolve_HWC_q15_ref_nonsquare.c 0x00000000   Number         0  arm_convolve_hwc_q15_ref_nonsquare.o ABSOLUTE
    Ref_Implementations\\arm_convolve_HWC_q7_ref.c 0x00000000   Number         0  arm_convolve_hwc_q7_ref.o ABSOLUTE
    Ref_Implementations\\arm_convolve_HWC_q7_ref_nonsquare.c 0x00000000   Number         0  arm_convolve_hwc_q7_ref_nonsquare.o ABSOLUTE
    Ref_Implementations\\arm_depthwise_separable_conv_HWC_q7_ref.c 0x00000000   Number         0  arm_depthwise_separable_conv_hwc_q7_ref.o ABSOLUTE
    Ref_Implementations\\arm_depthwise_separable_conv_HWC_q7_ref_nonsquare.c 0x00000000   Number         0  arm_depthwise_separable_conv_hwc_q7_ref_nonsquare.o ABSOLUTE
    Ref_Implementations\\arm_fully_connected_mat_q7_vec_q15_opt_ref.c 0x00000000   Number         0  arm_fully_connected_mat_q7_vec_q15_opt_ref.o ABSOLUTE
    Ref_Implementations\\arm_fully_connected_mat_q7_vec_q15_ref.c 0x00000000   Number         0  arm_fully_connected_mat_q7_vec_q15_ref.o ABSOLUTE
    Ref_Implementations\\arm_fully_connected_q15_opt_ref.c 0x00000000   Number         0  arm_fully_connected_q15_opt_ref.o ABSOLUTE
    Ref_Implementations\\arm_fully_connected_q15_ref.c 0x00000000   Number         0  arm_fully_connected_q15_ref.o ABSOLUTE
    Ref_Implementations\\arm_fully_connected_q7_opt_ref.c 0x00000000   Number         0  arm_fully_connected_q7_opt_ref.o ABSOLUTE
    Ref_Implementations\\arm_fully_connected_q7_ref.c 0x00000000   Number         0  arm_fully_connected_q7_ref.o ABSOLUTE
    Ref_Implementations\\arm_nn_mult_ref.c   0x00000000   Number         0  arm_nn_mult_ref.o ABSOLUTE
    Ref_Implementations\\arm_pool_ref.c      0x00000000   Number         0  arm_pool_ref.o ABSOLUTE
    Ref_Implementations\\arm_relu_ref.c      0x00000000   Number         0  arm_relu_ref.o ABSOLUTE
    Ref_Implementations\arm_convolve_HWC_q15_ref.c 0x00000000   Number         0  arm_convolve_hwc_q15_ref.o ABSOLUTE
    Ref_Implementations\arm_convolve_HWC_q15_ref_nonsquare.c 0x00000000   Number         0  arm_convolve_hwc_q15_ref_nonsquare.o ABSOLUTE
    Ref_Implementations\arm_convolve_HWC_q7_ref.c 0x00000000   Number         0  arm_convolve_hwc_q7_ref.o ABSOLUTE
    Ref_Implementations\arm_convolve_HWC_q7_ref_nonsquare.c 0x00000000   Number         0  arm_convolve_hwc_q7_ref_nonsquare.o ABSOLUTE
    Ref_Implementations\arm_depthwise_separable_conv_HWC_q7_ref.c 0x00000000   Number         0  arm_depthwise_separable_conv_hwc_q7_ref.o ABSOLUTE
    Ref_Implementations\arm_depthwise_separable_conv_HWC_q7_ref_nonsquare.c 0x00000000   Number         0  arm_depthwise_separable_conv_hwc_q7_ref_nonsquare.o ABSOLUTE
    Ref_Implementations\arm_fully_connected_mat_q7_vec_q15_opt_ref.c 0x00000000   Number         0  arm_fully_connected_mat_q7_vec_q15_opt_ref.o ABSOLUTE
    Ref_Implementations\arm_fully_connected_mat_q7_vec_q15_ref.c 0x00000000   Number         0  arm_fully_connected_mat_q7_vec_q15_ref.o ABSOLUTE
    Ref_Implementations\arm_fully_connected_q15_opt_ref.c 0x00000000   Number         0  arm_fully_connected_q15_opt_ref.o ABSOLUTE
    Ref_Implementations\arm_fully_connected_q15_ref.c 0x00000000   Number         0  arm_fully_connected_q15_ref.o ABSOLUTE
    Ref_Implementations\arm_fully_connected_q7_opt_ref.c 0x00000000   Number         0  arm_fully_connected_q7_opt_ref.o ABSOLUTE
    Ref_Implementations\arm_fully_connected_q7_ref.c 0x00000000   Number         0  arm_fully_connected_q7_ref.o ABSOLUTE
    Ref_Implementations\arm_nn_mult_ref.c    0x00000000   Number         0  arm_nn_mult_ref.o ABSOLUTE
    Ref_Implementations\arm_pool_ref.c       0x00000000   Number         0  arm_pool_ref.o ABSOLUTE
    Ref_Implementations\arm_relu_ref.c       0x00000000   Number         0  arm_relu_ref.o ABSOLUTE
    arm_nnexamples_nn_test.cpp               0x00000000   Number         0  arm_nnexamples_nn_test.o ABSOLUTE
    arm_nnexamples_nn_test.cpp               0x00000000   Number         0  arm_nnexamples_nn_test.o ABSOLUTE
    dc.s                                     0x00000000   Number         0  dc.o ABSOLUTE
    !!!main                                  0x000000c0   Section        8  __main.o(!!!main)
    !!!scatter                               0x000000c8   Section       52  __scatter.o(!!!scatter)
    !!handler_copy                           0x000000fc   Section       26  __scatter_copy.o(!!handler_copy)
    !!handler_zi                             0x00000118   Section       28  __scatter_zi.o(!!handler_zi)
    .ARM.Collect$$_printf_percent$$00000000  0x00000134   Section        0  _printf_percent.o(.ARM.Collect$$_printf_percent$$00000000)
    .ARM.Collect$$_printf_percent$$00000009  0x00000134   Section        6  _printf_d.o(.ARM.Collect$$_printf_percent$$00000009)
    .ARM.Collect$$_printf_percent$$00000017  0x0000013a   Section        4  _printf_percent_end.o(.ARM.Collect$$_printf_percent$$00000017)
    .ARM.Collect$$libinit$$00000000          0x0000013e   Section        2  libinit.o(.ARM.Collect$$libinit$$00000000)
    .ARM.Collect$$libinit$$00000001          0x00000140   Section        4  libinit2.o(.ARM.Collect$$libinit$$00000001)
    .ARM.Collect$$libinit$$00000004          0x00000144   Section        0  libinit2.o(.ARM.Collect$$libinit$$00000004)
    .ARM.Collect$$libinit$$00000005          0x00000144   Section        8  libinit2.o(.ARM.Collect$$libinit$$00000005)
    .ARM.Collect$$libinit$$0000000A          0x0000014c   Section        0  libinit2.o(.ARM.Collect$$libinit$$0000000A)
    .ARM.Collect$$libinit$$0000000C          0x0000014c   Section        0  libinit2.o(.ARM.Collect$$libinit$$0000000C)
    .ARM.Collect$$libinit$$0000000D          0x0000014c   Section        4  libinit2.o(.ARM.Collect$$libinit$$0000000D)
    .ARM.Collect$$libinit$$0000000E          0x00000150   Section        0  libinit2.o(.ARM.Collect$$libinit$$0000000E)
    .ARM.Collect$$libinit$$00000011          0x00000150   Section        0  libinit2.o(.ARM.Collect$$libinit$$00000011)
    .ARM.Collect$$libinit$$00000013          0x00000150   Section        0  libinit2.o(.ARM.Collect$$libinit$$00000013)
    .ARM.Collect$$libinit$$00000015          0x00000150   Section        0  libinit2.o(.ARM.Collect$$libinit$$00000015)
    .ARM.Collect$$libinit$$00000017          0x00000150   Section        0  libinit2.o(.ARM.Collect$$libinit$$00000017)
    .ARM.Collect$$libinit$$00000019          0x00000150   Section        0  libinit2.o(.ARM.Collect$$libinit$$00000019)
    .ARM.Collect$$libinit$$0000001B          0x00000150   Section        0  libinit2.o(.ARM.Collect$$libinit$$0000001B)
    .ARM.Collect$$libinit$$0000001D          0x00000150   Section        0  libinit2.o(.ARM.Collect$$libinit$$0000001D)
    .ARM.Collect$$libinit$$0000001F          0x00000150   Section        0  libinit2.o(.ARM.Collect$$libinit$$0000001F)
    .ARM.Collect$$libinit$$00000021          0x00000150   Section        0  libinit2.o(.ARM.Collect$$libinit$$00000021)
    .ARM.Collect$$libinit$$00000023          0x00000150   Section        0  libinit2.o(.ARM.Collect$$libinit$$00000023)
    .ARM.Collect$$libinit$$00000024          0x00000150   Section        4  libinit2.o(.ARM.Collect$$libinit$$00000024)
    .ARM.Collect$$libinit$$00000025          0x00000154   Section        0  libinit2.o(.ARM.Collect$$libinit$$00000025)
    .ARM.Collect$$libinit$$0000002C          0x00000154   Section        0  libinit2.o(.ARM.Collect$$libinit$$0000002C)
    .ARM.Collect$$libinit$$0000002E          0x00000154   Section        0  libinit2.o(.ARM.Collect$$libinit$$0000002E)
    .ARM.Collect$$libinit$$00000030          0x00000154   Section        0  libinit2.o(.ARM.Collect$$libinit$$00000030)
    .ARM.Collect$$libinit$$00000032          0x00000154   Section        0  libinit2.o(.ARM.Collect$$libinit$$00000032)
    .ARM.Collect$$libinit$$00000033          0x00000154   Section        2  libinit2.o(.ARM.Collect$$libinit$$00000033)
    .ARM.Collect$$libshutdown$$00000000      0x00000156   Section        2  libshutdown.o(.ARM.Collect$$libshutdown$$00000000)
    .ARM.Collect$$libshutdown$$00000002      0x00000158   Section        0  libshutdown2.o(.ARM.Collect$$libshutdown$$00000002)
    .ARM.Collect$$libshutdown$$00000003      0x00000158   Section        4  libshutdown2.o(.ARM.Collect$$libshutdown$$00000003)
    .ARM.Collect$$libshutdown$$00000004      0x0000015c   Section        0  libshutdown2.o(.ARM.Collect$$libshutdown$$00000004)
    .ARM.Collect$$libshutdown$$00000007      0x0000015c   Section        0  libshutdown2.o(.ARM.Collect$$libshutdown$$00000007)
    .ARM.Collect$$libshutdown$$0000000A      0x0000015c   Section        0  libshutdown2.o(.ARM.Collect$$libshutdown$$0000000A)
    .ARM.Collect$$libshutdown$$0000000C      0x0000015c   Section        0  libshutdown2.o(.ARM.Collect$$libshutdown$$0000000C)
    .ARM.Collect$$libshutdown$$0000000F      0x0000015c   Section        0  libshutdown2.o(.ARM.Collect$$libshutdown$$0000000F)
    .ARM.Collect$$libshutdown$$00000010      0x0000015c   Section        2  libshutdown2.o(.ARM.Collect$$libshutdown$$00000010)
    .ARM.Collect$$rtentry$$00000000          0x0000015e   Section        0  __rtentry.o(.ARM.Collect$$rtentry$$00000000)
    .ARM.Collect$$rtentry$$00000002          0x0000015e   Section        0  __rtentry2.o(.ARM.Collect$$rtentry$$00000002)
    .ARM.Collect$$rtentry$$00000004          0x0000015e   Section        6  __rtentry4.o(.ARM.Collect$$rtentry$$00000004)
    .ARM.Collect$$rtentry$$00000009          0x00000164   Section        0  __rtentry2.o(.ARM.Collect$$rtentry$$00000009)
    .ARM.Collect$$rtentry$$0000000A          0x00000164   Section        4  __rtentry2.o(.ARM.Collect$$rtentry$$0000000A)
    .ARM.Collect$$rtentry$$0000000C          0x00000168   Section        0  __rtentry2.o(.ARM.Collect$$rtentry$$0000000C)
    .ARM.Collect$$rtentry$$0000000D          0x00000168   Section        8  __rtentry2.o(.ARM.Collect$$rtentry$$0000000D)
    .ARM.Collect$$rtexit$$00000000           0x00000170   Section        2  rtexit.o(.ARM.Collect$$rtexit$$00000000)
    .ARM.Collect$$rtexit$$00000002           0x00000172   Section        0  rtexit2.o(.ARM.Collect$$rtexit$$00000002)
    .ARM.Collect$$rtexit$$00000003           0x00000172   Section        4  rtexit2.o(.ARM.Collect$$rtexit$$00000003)
    .ARM.Collect$$rtexit$$00000004           0x00000176   Section        6  rtexit2.o(.ARM.Collect$$rtexit$$00000004)
    .emb_text                                0x0000017c   Section       52  rand.o(.emb_text)
    .emb_text                                0x000001b0   Section        0  maybetermalloc1.o(.emb_text)
    .text                                    0x000001b0   Section        0  arm_convolve_hwc_q7_ref.o(.text)
    .text                                    0x000002cc   Section        0  arm_convolve_hwc_q7_ref_nonsquare.o(.text)
    .text                                    0x000003f4   Section        0  arm_convolve_hwc_q15_ref.o(.text)
    .text                                    0x00000510   Section        0  arm_depthwise_separable_conv_hwc_q7_ref.o(.text)
    .text                                    0x00000602   Section        0  arm_depthwise_separable_conv_hwc_q7_ref_nonsquare.o(.text)
    .text                                    0x000006de   Section        0  arm_fully_connected_mat_q7_vec_q15_opt_ref.o(.text)
    .text                                    0x0000091c   Section        0  arm_fully_connected_mat_q7_vec_q15_ref.o(.text)
    .text                                    0x0000097a   Section        0  arm_fully_connected_q7_opt_ref.o(.text)
    .text                                    0x00000c2a   Section        0  arm_fully_connected_q7_ref.o(.text)
    .text                                    0x00000c88   Section        0  arm_fully_connected_q15_opt_ref.o(.text)
    .text                                    0x00000e94   Section        0  arm_fully_connected_q15_ref.o(.text)
    .text                                    0x00000ef2   Section        0  arm_pool_ref.o(.text)
    .text                                    0x000010cc   Section        0  arm_relu_ref.o(.text)
    .text                                    0x00001104   Section        0  arm_nnexamples_nn_test.o(.text)
    .text                                    0x00002f50   Section        0  arm_relu_q7.o(.text)
    .text                                    0x00002fae   Section        0  arm_relu_q15.o(.text)
    .text                                    0x00003000   Section        0  arm_convolve_1x1_hwc_q7_fast_nonsquare.o(.text)
    .text                                    0x000031be   Section        0  arm_convolve_hwc_q7_basic.o(.text)
    .text                                    0x000033d2   Section        0  arm_convolve_hwc_q7_fast.o(.text)
    .text                                    0x000038a6   Section        0  arm_convolve_hwc_q7_fast_nonsquare.o(.text)
    .text                                    0x00003d98   Section        0  arm_convolve_hwc_q7_rgb.o(.text)
    .text                                    0x00003fce   Section        0  arm_convolve_hwc_q15_basic.o(.text)
    .text                                    0x00004166   Section        0  arm_convolve_hwc_q15_fast.o(.text)
    .text                                    0x00004470   Section        0  arm_depthwise_separable_conv_hwc_q7.o(.text)
    .text                                    0x0000480c   Section        0  arm_depthwise_separable_conv_hwc_q7_nonsquare.o(.text)
    .text                                    0x00004ba6   Section        0  arm_nn_mat_mult_kernel_q7_q15.o(.text)
    .text                                    0x00005012   Section        0  arm_nn_mat_mult_kernel_q7_q15_reordered.o(.text)
    .text                                    0x0000527c   Section        0  arm_fully_connected_mat_q7_vec_q15.o(.text)
    .text                                    0x000054f0   Section        0  arm_fully_connected_mat_q7_vec_q15_opt.o(.text)
    .text                                    0x000057a2   Section        0  arm_fully_connected_q7.o(.text)
    .text                                    0x0000599c   Section        0  arm_fully_connected_q7_opt.o(.text)
    .text                                    0x00005bde   Section        0  arm_fully_connected_q15.o(.text)
    .text                                    0x00005d7e   Section        0  arm_fully_connected_q15_opt.o(.text)
    .text                                    0x00005fd0   Section        0  arm_q7_to_q15_no_shift.o(.text)
    .text                                    0x00006020   Section        0  arm_q7_to_q15_reordered_no_shift.o(.text)
    .text                                    0x0000605c   Section        0  arm_pool_q7_hwc.o(.text)
    buffer_scale_back_q15_to_q7              0x0000605d   Thumb Code    28  arm_pool_q7_hwc.o(.text)
    compare_and_replace_if_larger_q7         0x00006079   Thumb Code   118  arm_pool_q7_hwc.o(.text)
    accumulate_q7_to_q15                     0x000060ef   Thumb Code   124  arm_pool_q7_hwc.o(.text)
    .text                                    0x00006434   Section        0  arm_convolve_hwc_q15_ref_nonsquare.o(.text)
    .text                                    0x0000658a   Section        0  arm_convolve_hwc_q15_fast_nonsquare.o(.text)
    .text                                    0x000068a0   Section        0  arm_convolve_hwc_q7_basic_nonsquare.o(.text)
    .text                                    0x00006ac2   Section        0  arm_nn_mult_q7.o(.text)
    .text                                    0x00006bb2   Section        0  arm_nn_mult_q15.o(.text)
    .text                                    0x00006cbe   Section        0  arm_nn_mult_ref.o(.text)
    .text                                    0x00006d2c   Section        0  retarget_io.o(.text)
    stdout_putchar                           0x00006d71   Thumb Code    12  retarget_io.o(.text)
    stderr_putchar                           0x00006d7d   Thumb Code    12  retarget_io.o(.text)
    .text                                    0x00006f28   Section       64  startup_armcm7.o(.text)
    $v0                                      0x00006f28   Number         0  startup_armcm7.o(.text)
    .text                                    0x00006f68   Section        0  system_armcm7.o(.text)
    .text                                    0x00006fa0   Section        0  arm_fill_q7.o(.text)
    .text                                    0x0000703c   Section        0  arm_fill_q15.o(.text)
    .text                                    0x000070cc   Section        0  noretval__2printf.o(.text)
    .text                                    0x000070e4   Section        0  __printf.o(.text)
    .text                                    0x0000714c   Section        0  _printf_dec.o(.text)
    .text                                    0x000071c4   Section        0  rand.o(.text)
    .text                                    0x00007200   Section      138  rt_memcpy_v6.o(.text)
    .text                                    0x0000728a   Section      132  rt_memmove_v6.o(.text)
    .text                                    0x0000730e   Section      100  rt_memcpy_w.o(.text)
    .text                                    0x00007372   Section       68  rt_memclr.o(.text)
    .text                                    0x000073b8   Section      104  strcmpv7m_pel.o(.text)
    .text                                    0x00007420   Section        0  heapauxi.o(.text)
    .text                                    0x00007426   Section        0  _printf_intcommon.o(.text)
    .text                                    0x000074d8   Section        0  _printf_char_file.o(.text)
    .text                                    0x000074fc   Section      122  rt_memmove_w.o(.text)
    .text                                    0x00007576   Section       78  rt_memclr_w.o(.text)
    .text                                    0x000075c4   Section        8  rt_new_handler_addr_intlibspace.o(.text)
    .text                                    0x000075cc   Section        0  h1_alloc.o(.text)
    .text                                    0x0000762a   Section        0  h1_free.o(.text)
    .text                                    0x00007678   Section        0  _printf_char_common.o(.text)
    _printf_input_char                       0x00007679   Thumb Code    10  _printf_char_common.o(.text)
    .text                                    0x000076a8   Section        0  ferror.o(.text)
    .text                                    0x000076b0   Section        0  initio.o(.text)
    .text                                    0x000077e8   Section        0  arm_newhandler_noexceptions.o(.text)
    .text                                    0x000077ec   Section        8  libspace.o(.text)
    .text                                    0x000077f4   Section       74  sys_stackheap_outer.o(.text)
    .text                                    0x00007840   Section        8  rt_heap_descriptor_intlibspace.o(.text)
    .text                                    0x00007848   Section        0  hguard.o(.text)
    .text                                    0x0000784c   Section        0  init_alloc.o(.text)
    .text                                    0x000078d6   Section        0  h1_init.o(.text)
    .text                                    0x000078e4   Section        0  flsbuf.o(.text)
    .text                                    0x00007aba   Section        0  setvbuf.o(.text)
    .text                                    0x00007b00   Section        0  fopen.o(.text)
    _freopen_locked                          0x00007b01   Thumb Code     0  fopen.o(.text)
    .text                                    0x00007bec   Section        0  fclose.o(.text)
    .text                                    0x00007c38   Section        0  exit.o(.text)
    .text                                    0x00007c4a   Section        0  defsig_rtred_outer.o(.text)
    .text                                    0x00007c58   Section        0  arm_exceptions_terminate.o(.text)
    .text                                    0x00007c72   Section        0  h1_extend.o(.text)
    .text                                    0x00007ca8   Section        0  fseek.o(.text)
    .text                                    0x00007da0   Section        0  stdio.o(.text)
    .text                                    0x00007e90   Section        0  abort.o(.text)
    .text                                    0x00007ea6   Section        0  defsig_exit.o(.text)
    .text                                    0x00007eb0   Section        0  defsig_rtred_inner.o(.text)
    .text                                    0x00007ee4   Section        0  defsig_rtmem_outer.o(.text)
    .text                                    0x00007ef4   Section        0  arm_exceptions_globs.o(.text)
    [local to arm_exceptions_c]::__default_terminate_handler() 0x00007ef5   Thumb Code     6  arm_exceptions_globs.o(.text)
    .text                                    0x00007f44   Section        0  sys_exit.o(.text)
    .text                                    0x00007f50   Section        2  use_no_semi.o(.text)
    .text                                    0x00007f52   Section        0  indicate_semi.o(.text)
    .text                                    0x00007f54   Section        8  rt_eh_globals_addr_intlibspace.o(.text)
    .text                                    0x00007f5c   Section        0  ftell.o(.text)
    .text                                    0x00007f9e   Section        0  defsig_general.o(.text)
    .text                                    0x00007fd0   Section        0  defsig_abrt_outer.o(.text)
    .text                                    0x00007fe0   Section        0  defsig_rtmem_inner.o(.text)
    .text                                    0x00008030   Section        0  arm_exceptions_mem.o(.text)
    .text                                    0x0000806c   Section        8  rt_errno_addr_intlibspace.o(.text)
    .text                                    0x00008074   Section        0  defsig_abrt_inner.o(.text)
    i._ZdaPv                                 0x000080a4   Section        0  array_del.o(i._ZdaPv)
    i._ZdlPv                                 0x000080ac   Section        0  delete.o(i._ZdlPv)
    i._Znaj                                  0x000080b4   Section        0  array_new.o(i._Znaj)
    i._Znwj                                  0x000080bc   Section        0  new.o(i._Znwj)
    i.fputc                                  0x000080e4   Section        0  fputc.o(i.fputc)
    x$fpl$fpinit                             0x000080fe   Section       10  fpinit.o(x$fpl$fpinit)
    $v0                                      0x000080fe   Number         0  fpinit.o(x$fpl$fpinit)
    .constdata                               0x00008108   Section    112913  arm_nnexamples_nn_test.o(.constdata)
    .constdata                               0x00023a19   Section       23  retarget_io.o(.constdata)
    .data                                    0x20000000   Section        5  arm_nnexamples_nn_test.o(.data)
    .data                                    0x20000008   Section        4  retarget_io.o(.data)
    .data                                    0x2000000c   Section        4  system_armcm7.o(.data)
    .data                                    0x20000010   Section        4  stdio_streams.o(.data)
    .data                                    0x20000014   Section        4  stdio_streams.o(.data)
    .data                                    0x20000018   Section        4  stdio_streams.o(.data)
    .bss                                     0x2000001c   Section       50  arm_nnexamples_nn_test.o(.bss)
    .bss                                     0x20000050   Section      228  rand.o(.bss)
    .bss                                     0x20000134   Section       84  stdio_streams.o(.bss)
    .bss                                     0x20000188   Section       84  stdio_streams.o(.bss)
    .bss                                     0x200001dc   Section       84  stdio_streams.o(.bss)
    .bss                                     0x20000230   Section       96  libspace.o(.bss)
    HEAP                                     0x20000290   Section    524288  startup_armcm7.o(HEAP)
    Heap_Mem                                 0x20000290   Data       524288  startup_armcm7.o(HEAP)
    STACK                                    0x20080290   Section     1024  startup_armcm7.o(STACK)
    Stack_Mem                                0x20080290   Data        1024  startup_armcm7.o(STACK)
    __initial_sp                             0x20080690   Data           0  startup_armcm7.o(STACK)

    Global Symbols

    Symbol Name                              Value     Ov Type        Size  Object(Section)

    BuildAttributes$$THM_ISAv4$E$P$D$K$B$S$7EM$VFPi5$EXTD16$VFPS$VFMA$PE$PLD8$A:L22UL41UL21$X:L11$S22US41US21$IEEE1$IW$USESV6$~STKCKD$USESV7$~SHL$OTIME$ROPI$IEEEX$EBA8$UX$STANDARDLIB$REQ8$PRES8$EABIv2 0x00000000   Number         0  anon$$obj.o ABSOLUTE
    __ARM_use_no_argv                        0x00000000   Number         0  arm_nnexamples_nn_test.o ABSOLUTE
    __Vectors                                0x00000000   Data           4  startup_armcm7.o(RESET)
    SHT$$ARM_EXIDX$$Base                      - Undefined Reference
    SHT$$ARM_EXIDX$$Limit                     - Undefined Reference
    __ARM::default_unexpected_handler()       - Undefined Weak Reference
    __ARM_exceptions_buffer_required          - Undefined Weak Reference
    __ARM_exceptions_init                     - Undefined Weak Reference
    __aeabi_unwind_cpp_pr1                    - Undefined Weak Reference
    __aeabi_unwind_cpp_pr2                    - Undefined Weak Reference
    __alloca_initialize                       - Undefined Weak Reference
    __arm_preinit_                            - Undefined Weak Reference
    __cpp_initialize__aeabi_                  - Undefined Weak Reference
    __cxa_begin_cleanup                       - Undefined Weak Reference
    __cxa_finalize                            - Undefined Weak Reference
    __cxa_type_match                          - Undefined Weak Reference
    __rt_locale                               - Undefined Weak Reference
    __sigvec_lookup                           - Undefined Weak Reference
    __user_heap_extent                        - Undefined Weak Reference
    _atexit_init                              - Undefined Weak Reference
    _call_atexit_fns                          - Undefined Weak Reference
    _clock_init                               - Undefined Weak Reference
    _fp_trap_init                             - Undefined Weak Reference
    _fp_trap_shutdown                         - Undefined Weak Reference
    _get_lc_collate                           - Undefined Weak Reference
    _get_lc_ctype                             - Undefined Weak Reference
    _get_lc_monetary                          - Undefined Weak Reference
    _get_lc_numeric                           - Undefined Weak Reference
    _get_lc_time                              - Undefined Weak Reference
    _getenv_init                              - Undefined Weak Reference
    _handle_redirection                       - Undefined Weak Reference
    _mutex_acquire                            - Undefined Weak Reference
    _mutex_free                               - Undefined Weak Reference
    _mutex_release                            - Undefined Weak Reference
    _printf_post_padding                      - Undefined Weak Reference
    _printf_pre_padding                       - Undefined Weak Reference
    _printf_truncate_signed                   - Undefined Weak Reference
    _printf_truncate_unsigned                 - Undefined Weak Reference
    _signal_finish                            - Undefined Weak Reference
    _signal_init                              - Undefined Weak Reference
    __Vectors_End                            0x000000c0   Data           0  startup_armcm7.o(RESET)
    __Vectors_Size                           0x000000c0   Number         0  startup_armcm7.o ABSOLUTE
    __main                                   0x000000c1   Thumb Code     8  __main.o(!!!main)
    __scatterload                            0x000000c9   Thumb Code     0  __scatter.o(!!!scatter)
    __scatterload_rt2                        0x000000c9   Thumb Code    44  __scatter.o(!!!scatter)
    __scatterload_rt2_thumb_only             0x000000c9   Thumb Code     0  __scatter.o(!!!scatter)
    __scatterload_null                       0x000000d7   Thumb Code     0  __scatter.o(!!!scatter)
    __scatterload_copy                       0x000000fd   Thumb Code    26  __scatter_copy.o(!!handler_copy)
    __scatterload_zeroinit                   0x00000119   Thumb Code    28  __scatter_zi.o(!!handler_zi)
    _printf_d                                0x00000135   Thumb Code     0  _printf_d.o(.ARM.Collect$$_printf_percent$$00000009)
    _printf_percent                          0x00000135   Thumb Code     0  _printf_percent.o(.ARM.Collect$$_printf_percent$$00000000)
    _printf_percent_end                      0x0000013b   Thumb Code     0  _printf_percent_end.o(.ARM.Collect$$_printf_percent$$00000017)
    __rt_lib_init                            0x0000013f   Thumb Code     0  libinit.o(.ARM.Collect$$libinit$$00000000)
    __rt_lib_init_fp_1                       0x00000141   Thumb Code     0  libinit2.o(.ARM.Collect$$libinit$$00000001)
    __rt_lib_init_heap_2                     0x00000145   Thumb Code     0  libinit2.o(.ARM.Collect$$libinit$$00000005)
    __rt_lib_init_preinit_1                  0x00000145   Thumb Code     0  libinit2.o(.ARM.Collect$$libinit$$00000004)
    __rt_lib_init_heap_1                     0x0000014d   Thumb Code     0  libinit2.o(.ARM.Collect$$libinit$$0000000A)
    __rt_lib_init_rand_2                     0x0000014d   Thumb Code     0  libinit2.o(.ARM.Collect$$libinit$$0000000D)
    __rt_lib_init_user_alloc_1               0x0000014d   Thumb Code     0  libinit2.o(.ARM.Collect$$libinit$$0000000C)
    __rt_lib_init_atexit_1                   0x00000151   Thumb Code     0  libinit2.o(.ARM.Collect$$libinit$$0000001B)
    __rt_lib_init_clock_1                    0x00000151   Thumb Code     0  libinit2.o(.ARM.Collect$$libinit$$00000021)
    __rt_lib_init_fp_trap_1                  0x00000151   Thumb Code     0  libinit2.o(.ARM.Collect$$libinit$$0000001F)
    __rt_lib_init_getenv_1                   0x00000151   Thumb Code     0  libinit2.o(.ARM.Collect$$libinit$$00000023)
    __rt_lib_init_lc_collate_1               0x00000151   Thumb Code     0  libinit2.o(.ARM.Collect$$libinit$$00000011)
    __rt_lib_init_lc_ctype_1                 0x00000151   Thumb Code     0  libinit2.o(.ARM.Collect$$libinit$$00000013)
    __rt_lib_init_lc_monetary_1              0x00000151   Thumb Code     0  libinit2.o(.ARM.Collect$$libinit$$00000015)
    __rt_lib_init_lc_numeric_1               0x00000151   Thumb Code     0  libinit2.o(.ARM.Collect$$libinit$$00000017)
    __rt_lib_init_lc_time_1                  0x00000151   Thumb Code     0  libinit2.o(.ARM.Collect$$libinit$$00000019)
    __rt_lib_init_rand_1                     0x00000151   Thumb Code     0  libinit2.o(.ARM.Collect$$libinit$$0000000E)
    __rt_lib_init_signal_1                   0x00000151   Thumb Code     0  libinit2.o(.ARM.Collect$$libinit$$0000001D)
    __rt_lib_init_stdio_2                    0x00000151   Thumb Code     0  libinit2.o(.ARM.Collect$$libinit$$00000024)
    __rt_lib_init_alloca_1                   0x00000155   Thumb Code     0  libinit2.o(.ARM.Collect$$libinit$$0000002E)
    __rt_lib_init_argv_1                     0x00000155   Thumb Code     0  libinit2.o(.ARM.Collect$$libinit$$0000002C)
    __rt_lib_init_cpp_1                      0x00000155   Thumb Code     0  libinit2.o(.ARM.Collect$$libinit$$00000032)
    __rt_lib_init_exceptions_1               0x00000155   Thumb Code     0  libinit2.o(.ARM.Collect$$libinit$$00000030)
    __rt_lib_init_return                     0x00000155   Thumb Code     0  libinit2.o(.ARM.Collect$$libinit$$00000033)
    __rt_lib_init_stdio_1                    0x00000155   Thumb Code     0  libinit2.o(.ARM.Collect$$libinit$$00000025)
    __rt_lib_shutdown                        0x00000157   Thumb Code     0  libshutdown.o(.ARM.Collect$$libshutdown$$00000000)
    __rt_lib_shutdown_cpp_1                  0x00000159   Thumb Code     0  libshutdown2.o(.ARM.Collect$$libshutdown$$00000002)
    __rt_lib_shutdown_stdio_2                0x00000159   Thumb Code     0  libshutdown2.o(.ARM.Collect$$libshutdown$$00000003)
    __rt_lib_shutdown_fp_trap_1              0x0000015d   Thumb Code     0  libshutdown2.o(.ARM.Collect$$libshutdown$$00000007)
    __rt_lib_shutdown_heap_1                 0x0000015d   Thumb Code     0  libshutdown2.o(.ARM.Collect$$libshutdown$$0000000F)
    __rt_lib_shutdown_return                 0x0000015d   Thumb Code     0  libshutdown2.o(.ARM.Collect$$libshutdown$$00000010)
    __rt_lib_shutdown_signal_1               0x0000015d   Thumb Code     0  libshutdown2.o(.ARM.Collect$$libshutdown$$0000000A)
    __rt_lib_shutdown_stdio_1                0x0000015d   Thumb Code     0  libshutdown2.o(.ARM.Collect$$libshutdown$$00000004)
    __rt_lib_shutdown_user_alloc_1           0x0000015d   Thumb Code     0  libshutdown2.o(.ARM.Collect$$libshutdown$$0000000C)
    __rt_entry                               0x0000015f   Thumb Code     0  __rtentry.o(.ARM.Collect$$rtentry$$00000000)
    __rt_entry_presh_1                       0x0000015f   Thumb Code     0  __rtentry2.o(.ARM.Collect$$rtentry$$00000002)
    __rt_entry_sh                            0x0000015f   Thumb Code     0  __rtentry4.o(.ARM.Collect$$rtentry$$00000004)
    __rt_entry_li                            0x00000165   Thumb Code     0  __rtentry2.o(.ARM.Collect$$rtentry$$0000000A)
    __rt_entry_postsh_1                      0x00000165   Thumb Code     0  __rtentry2.o(.ARM.Collect$$rtentry$$00000009)
    __rt_entry_main                          0x00000169   Thumb Code     0  __rtentry2.o(.ARM.Collect$$rtentry$$0000000D)
    __rt_entry_postli_1                      0x00000169   Thumb Code     0  __rtentry2.o(.ARM.Collect$$rtentry$$0000000C)
    __rt_exit                                0x00000171   Thumb Code     0  rtexit.o(.ARM.Collect$$rtexit$$00000000)
    __rt_exit_ls                             0x00000173   Thumb Code     0  rtexit2.o(.ARM.Collect$$rtexit$$00000003)
    __rt_exit_prels_1                        0x00000173   Thumb Code     0  rtexit2.o(.ARM.Collect$$rtexit$$00000002)
    __rt_exit_exit                           0x00000177   Thumb Code     0  rtexit2.o(.ARM.Collect$$rtexit$$00000004)
    rand                                     0x0000017d   Thumb Code    48  rand.o(.emb_text)
    _maybe_terminate_alloc                   0x000001b1   Thumb Code     0  maybetermalloc1.o(.emb_text)
    arm_convolve_HWC_q7_ref                  0x000001b1   Thumb Code   284  arm_convolve_hwc_q7_ref.o(.text)
    arm_convolve_HWC_q7_ref_nonsquare        0x000002cd   Thumb Code   296  arm_convolve_hwc_q7_ref_nonsquare.o(.text)
    arm_convolve_HWC_q15_ref                 0x000003f5   Thumb Code   284  arm_convolve_hwc_q15_ref.o(.text)
    arm_depthwise_separable_conv_HWC_q7_ref  0x00000511   Thumb Code   242  arm_depthwise_separable_conv_hwc_q7_ref.o(.text)
    arm_depthwise_separable_conv_HWC_q7_ref_nonsquare 0x00000603   Thumb Code   220  arm_depthwise_separable_conv_hwc_q7_ref_nonsquare.o(.text)
    arm_fully_connected_mat_q7_vec_q15_opt_ref 0x000006df   Thumb Code   574  arm_fully_connected_mat_q7_vec_q15_opt_ref.o(.text)
    arm_fully_connected_mat_q7_vec_q15_ref   0x0000091d   Thumb Code    94  arm_fully_connected_mat_q7_vec_q15_ref.o(.text)
    arm_fully_connected_q7_opt_ref           0x0000097b   Thumb Code   688  arm_fully_connected_q7_opt_ref.o(.text)
    arm_fully_connected_q7_ref               0x00000c2b   Thumb Code    94  arm_fully_connected_q7_ref.o(.text)
    arm_fully_connected_q15_opt_ref          0x00000c89   Thumb Code   524  arm_fully_connected_q15_opt_ref.o(.text)
    arm_fully_connected_q15_ref              0x00000e95   Thumb Code    94  arm_fully_connected_q15_ref.o(.text)
    arm_avepool_q7_HWC_ref                   0x00000ef3   Thumb Code   240  arm_pool_ref.o(.text)
    arm_maxpool_q7_HWC_ref                   0x00000fe3   Thumb Code   234  arm_pool_ref.o(.text)
    arm_relu_q7_ref                          0x000010cd   Thumb Code    26  arm_relu_ref.o(.text)
    arm_relu_q15_ref                         0x000010e7   Thumb Code    30  arm_relu_ref.o(.text)
    initialize_results_q7(signed char*, signed char*, int) 0x00001105   Thumb Code    30  arm_nnexamples_nn_test.o(.text)
    initialize_results_q15(short*, short*, int) 0x00001123   Thumb Code    32  arm_nnexamples_nn_test.o(.text)
    verify_results_q7(signed char*, signed char*, int) 0x00001143   Thumb Code   102  arm_nnexamples_nn_test.o(.text)
    verify_results_q15(short*, short*, int)  0x000011a9   Thumb Code   110  arm_nnexamples_nn_test.o(.text)
    main                                     0x00001217   Thumb Code  7224  arm_nnexamples_nn_test.o(.text)
    arm_relu_q7                              0x00002f51   Thumb Code    94  arm_relu_q7.o(.text)
    arm_relu_q15                             0x00002faf   Thumb Code    82  arm_relu_q15.o(.text)
    arm_convolve_1x1_HWC_q7_fast_nonsquare   0x00003001   Thumb Code   446  arm_convolve_1x1_hwc_q7_fast_nonsquare.o(.text)
    arm_convolve_HWC_q7_basic                0x000031bf   Thumb Code   532  arm_convolve_hwc_q7_basic.o(.text)
    arm_convolve_HWC_q7_fast                 0x000033d3   Thumb Code  1236  arm_convolve_hwc_q7_fast.o(.text)
    arm_convolve_HWC_q7_fast_nonsquare       0x000038a7   Thumb Code  1266  arm_convolve_hwc_q7_fast_nonsquare.o(.text)
    arm_convolve_HWC_q7_RGB                  0x00003d99   Thumb Code   566  arm_convolve_hwc_q7_rgb.o(.text)
    arm_convolve_HWC_q15_basic               0x00003fcf   Thumb Code   408  arm_convolve_hwc_q15_basic.o(.text)
    arm_convolve_HWC_q15_fast                0x00004167   Thumb Code   778  arm_convolve_hwc_q15_fast.o(.text)
    arm_depthwise_separable_conv_HWC_q7      0x00004471   Thumb Code   924  arm_depthwise_separable_conv_hwc_q7.o(.text)
    arm_depthwise_separable_conv_HWC_q7_nonsquare 0x0000480d   Thumb Code   922  arm_depthwise_separable_conv_hwc_q7_nonsquare.o(.text)
    arm_nn_mat_mult_kernel_q7_q15            0x00004ba7   Thumb Code  1132  arm_nn_mat_mult_kernel_q7_q15.o(.text)
    arm_nn_mat_mult_kernel_q7_q15_reordered  0x00005013   Thumb Code   618  arm_nn_mat_mult_kernel_q7_q15_reordered.o(.text)
    arm_fully_connected_mat_q7_vec_q15       0x0000527d   Thumb Code   628  arm_fully_connected_mat_q7_vec_q15.o(.text)
    arm_fully_connected_mat_q7_vec_q15_opt   0x000054f1   Thumb Code   690  arm_fully_connected_mat_q7_vec_q15_opt.o(.text)
    arm_fully_connected_q7                   0x000057a3   Thumb Code   506  arm_fully_connected_q7.o(.text)
    arm_fully_connected_q7_opt               0x0000599d   Thumb Code   578  arm_fully_connected_q7_opt.o(.text)
    arm_fully_connected_q15                  0x00005bdf   Thumb Code   416  arm_fully_connected_q15.o(.text)
    arm_fully_connected_q15_opt              0x00005d7f   Thumb Code   594  arm_fully_connected_q15_opt.o(.text)
    arm_q7_to_q15_no_shift                   0x00005fd1   Thumb Code    80  arm_q7_to_q15_no_shift.o(.text)
    arm_q7_to_q15_reordered_no_shift         0x00006021   Thumb Code    60  arm_q7_to_q15_reordered_no_shift.o(.text)
    arm_maxpool_q7_HWC                       0x0000616b   Thumb Code   326  arm_pool_q7_hwc.o(.text)
    arm_avepool_q7_HWC                       0x000062b1   Thumb Code   388  arm_pool_q7_hwc.o(.text)
    arm_convolve_HWC_q15_nonsquare_ref       0x00006435   Thumb Code   342  arm_convolve_hwc_q15_ref_nonsquare.o(.text)
    arm_convolve_HWC_q15_fast_nonsquare      0x0000658b   Thumb Code   790  arm_convolve_hwc_q15_fast_nonsquare.o(.text)
    arm_convolve_HWC_q7_basic_nonsquare      0x000068a1   Thumb Code   546  arm_convolve_hwc_q7_basic_nonsquare.o(.text)
    arm_nn_mult_q7                           0x00006ac3   Thumb Code   240  arm_nn_mult_q7.o(.text)
    arm_nn_mult_q15                          0x00006bb3   Thumb Code   268  arm_nn_mult_q15.o(.text)
    arm_nn_mult_q7_ref                       0x00006cbf   Thumb Code    52  arm_nn_mult_ref.o(.text)
    arm_nn_mult_q15_ref                      0x00006cf3   Thumb Code    56  arm_nn_mult_ref.o(.text)
    ITM_SendChar                             0x00006d2d   Thumb Code    42  retarget_io.o(.text)
    ITM_ReceiveChar                          0x00006d57   Thumb Code    26  retarget_io.o(.text)
    _sys_open                                0x00006d89   Thumb Code    80  retarget_io.o(.text)
    _sys_close                               0x00006dd9   Thumb Code    38  retarget_io.o(.text)
    _sys_write                               0x00006dff   Thumb Code    88  retarget_io.o(.text)
    _sys_read                                0x00006e57   Thumb Code    46  retarget_io.o(.text)
    _ttywrch                                 0x00006e85   Thumb Code    12  retarget_io.o(.text)
    _sys_istty                               0x00006e91   Thumb Code    36  retarget_io.o(.text)
    _sys_seek                                0x00006eb5   Thumb Code    44  retarget_io.o(.text)
    _sys_flen                                0x00006ee1   Thumb Code    36  retarget_io.o(.text)
    Reset_Handler                            0x00006f29   Thumb Code     8  startup_armcm7.o(.text)
    NMI_Handler                              0x00006f31   Thumb Code     2  startup_armcm7.o(.text)
    HardFault_Handler                        0x00006f33   Thumb Code     2  startup_armcm7.o(.text)
    MemManage_Handler                        0x00006f35   Thumb Code     2  startup_armcm7.o(.text)
    BusFault_Handler                         0x00006f37   Thumb Code     2  startup_armcm7.o(.text)
    UsageFault_Handler                       0x00006f39   Thumb Code     2  startup_armcm7.o(.text)
    SVC_Handler                              0x00006f3b   Thumb Code     2  startup_armcm7.o(.text)
    DebugMon_Handler                         0x00006f3d   Thumb Code     2  startup_armcm7.o(.text)
    PendSV_Handler                           0x00006f3f   Thumb Code     2  startup_armcm7.o(.text)
    SysTick_Handler                          0x00006f41   Thumb Code     2  startup_armcm7.o(.text)
    AACI_IRQHandler                          0x00006f43   Thumb Code     0  startup_armcm7.o(.text)
    CAN_IRQHandler                           0x00006f43   Thumb Code     0  startup_armcm7.o(.text)
    CHLCD_IRQHandler                         0x00006f43   Thumb Code     0  startup_armcm7.o(.text)
    CLCD_IRQHandler                          0x00006f43   Thumb Code     0  startup_armcm7.o(.text)
    CPU_CLCD_IRQHandler                      0x00006f43   Thumb Code     0  startup_armcm7.o(.text)
    ENET_IRQHandler                          0x00006f43   Thumb Code     0  startup_armcm7.o(.text)
    FLEXRAY_IRQHandler                       0x00006f43   Thumb Code     0  startup_armcm7.o(.text)
    I2C_IRQHandler                           0x00006f43   Thumb Code     0  startup_armcm7.o(.text)
    LIN_IRQHandler                           0x00006f43   Thumb Code     0  startup_armcm7.o(.text)
    MCIA_IRQHandler                          0x00006f43   Thumb Code     0  startup_armcm7.o(.text)
    MCIB_IRQHandler                          0x00006f43   Thumb Code     0  startup_armcm7.o(.text)
    RTC_IRQHandler                           0x00006f43   Thumb Code     0  startup_armcm7.o(.text)
    SPI_IRQHandler                           0x00006f43   Thumb Code     0  startup_armcm7.o(.text)
    TIM0_IRQHandler                          0x00006f43   Thumb Code     0  startup_armcm7.o(.text)
    TIM2_IRQHandler                          0x00006f43   Thumb Code     0  startup_armcm7.o(.text)
    UART0_IRQHandler                         0x00006f43   Thumb Code     0  startup_armcm7.o(.text)
    UART1_IRQHandler                         0x00006f43   Thumb Code     0  startup_armcm7.o(.text)
    UART2_IRQHandler                         0x00006f43   Thumb Code     0  startup_armcm7.o(.text)
    UART3_IRQHandler                         0x00006f43   Thumb Code     0  startup_armcm7.o(.text)
    UART4_IRQHandler                         0x00006f43   Thumb Code     0  startup_armcm7.o(.text)
    USBDC_IRQHandler                         0x00006f43   Thumb Code     0  startup_armcm7.o(.text)
    USBHC_IRQHandler                         0x00006f43   Thumb Code     0  startup_armcm7.o(.text)
    WDT_IRQHandler                           0x00006f43   Thumb Code     0  startup_armcm7.o(.text)
    __user_initial_stackheap                 0x00006f45   Thumb Code    10  startup_armcm7.o(.text)
    SystemCoreClockUpdate                    0x00006f69   Thumb Code     8  system_armcm7.o(.text)
    SystemInit                               0x00006f71   Thumb Code    30  system_armcm7.o(.text)
    arm_fill_q7                              0x00006fa1   Thumb Code   156  arm_fill_q7.o(.text)
    arm_fill_q15                             0x0000703d   Thumb Code   142  arm_fill_q15.o(.text)
    __2printf                                0x000070cd   Thumb Code    20  noretval__2printf.o(.text)
    __printf                                 0x000070e5   Thumb Code   104  __printf.o(.text)
    _printf_int_dec                          0x0000714d   Thumb Code   104  _printf_dec.o(.text)
    srand                                    0x000071c5   Thumb Code    42  rand.o(.text)
    _rand_init                               0x000071ef   Thumb Code     4  rand.o(.text)
    __aeabi_memcpy                           0x00007201   Thumb Code     0  rt_memcpy_v6.o(.text)
    __rt_memcpy                              0x00007201   Thumb Code   138  rt_memcpy_v6.o(.text)
    _memcpy_lastbytes                        0x00007267   Thumb Code     0  rt_memcpy_v6.o(.text)
    __aeabi_memmove                          0x0000728b   Thumb Code     0  rt_memmove_v6.o(.text)
    __rt_memmove                             0x0000728b   Thumb Code   132  rt_memmove_v6.o(.text)
    __memmove_lastfew                        0x000072eb   Thumb Code     0  rt_memmove_v6.o(.text)
    __aeabi_memcpy4                          0x0000730f   Thumb Code     0  rt_memcpy_w.o(.text)
    __aeabi_memcpy8                          0x0000730f   Thumb Code     0  rt_memcpy_w.o(.text)
    __rt_memcpy_w                            0x0000730f   Thumb Code   100  rt_memcpy_w.o(.text)
    _memcpy_lastbytes_aligned                0x00007357   Thumb Code     0  rt_memcpy_w.o(.text)
    __aeabi_memclr                           0x00007373   Thumb Code     0  rt_memclr.o(.text)
    __rt_memclr                              0x00007373   Thumb Code    68  rt_memclr.o(.text)
    _memset                                  0x00007377   Thumb Code     0  rt_memclr.o(.text)
    strcmp                                   0x000073b9   Thumb Code   104  strcmpv7m_pel.o(.text)
    __use_two_region_memory                  0x00007421   Thumb Code     2  heapauxi.o(.text)
    __rt_heap_escrow                         0x00007423   Thumb Code     2  heapauxi.o(.text)
    __rt_heap_expand                         0x00007425   Thumb Code     2  heapauxi.o(.text)
    _printf_int_common                       0x00007427   Thumb Code   178  _printf_intcommon.o(.text)
    _printf_char_file                        0x000074d9   Thumb Code    32  _printf_char_file.o(.text)
    __aeabi_memmove4                         0x000074fd   Thumb Code     0  rt_memmove_w.o(.text)
    __aeabi_memmove8                         0x000074fd   Thumb Code     0  rt_memmove_w.o(.text)
    __rt_memmove_w                           0x000074fd   Thumb Code   122  rt_memmove_w.o(.text)
    __memmove_aligned                        0x00007523   Thumb Code     0  rt_memmove_w.o(.text)
    __memmove_lastfew_aligned                0x0000755b   Thumb Code     0  rt_memmove_w.o(.text)
    __aeabi_memclr4                          0x00007577   Thumb Code     0  rt_memclr_w.o(.text)
    __aeabi_memclr8                          0x00007577   Thumb Code     0  rt_memclr_w.o(.text)
    __rt_memclr_w                            0x00007577   Thumb Code    78  rt_memclr_w.o(.text)
    _memset_w                                0x0000757b   Thumb Code     0  rt_memclr_w.o(.text)
    __rt_new_handler_addr                    0x000075c5   Thumb Code     8  rt_new_handler_addr_intlibspace.o(.text)
    malloc                                   0x000075cd   Thumb Code    94  h1_alloc.o(.text)
    free                                     0x0000762b   Thumb Code    78  h1_free.o(.text)
    _printf_char_common                      0x00007683   Thumb Code    32  _printf_char_common.o(.text)
    ferror                                   0x000076a9   Thumb Code     8  ferror.o(.text)
    _initio                                  0x000076b1   Thumb Code   210  initio.o(.text)
    _terminateio                             0x00007783   Thumb Code    56  initio.o(.text)
    __default_new_handler()                  0x000077e9   Thumb Code     4  arm_newhandler_noexceptions.o(.text)
    __user_libspace                          0x000077ed   Thumb Code     8  libspace.o(.text)
    __user_perproc_libspace                  0x000077ed   Thumb Code     0  libspace.o(.text)
    __user_perthread_libspace                0x000077ed   Thumb Code     0  libspace.o(.text)
    __user_setup_stackheap                   0x000077f5   Thumb Code    74  sys_stackheap_outer.o(.text)
    __rt_heap_descriptor                     0x00007841   Thumb Code     8  rt_heap_descriptor_intlibspace.o(.text)
    __use_no_heap                            0x00007849   Thumb Code     2  hguard.o(.text)
    __heap$guard                             0x0000784b   Thumb Code     2  hguard.o(.text)
    _terminate_user_alloc                    0x0000784d   Thumb Code     2  init_alloc.o(.text)
    _init_user_alloc                         0x0000784f   Thumb Code     2  init_alloc.o(.text)
    __Heap_Full                              0x00007851   Thumb Code    34  init_alloc.o(.text)
    __Heap_Broken                            0x00007873   Thumb Code     6  init_alloc.o(.text)
    _init_alloc                              0x00007879   Thumb Code    94  init_alloc.o(.text)
    __Heap_Initialize                        0x000078d7   Thumb Code    10  h1_init.o(.text)
    __Heap_DescSize                          0x000078e1   Thumb Code     4  h1_init.o(.text)
    __flsbuf                                 0x000078e5   Thumb Code   470  flsbuf.o(.text)
    __flsbuf_byte                            0x000078e5   Thumb Code     0  flsbuf.o(.text)
    __flsbuf_wide                            0x000078e5   Thumb Code     0  flsbuf.o(.text)
    setvbuf                                  0x00007abb   Thumb Code    70  setvbuf.o(.text)
    freopen                                  0x00007b01   Thumb Code   158  fopen.o(.text)
    fopen                                    0x00007b9f   Thumb Code    74  fopen.o(.text)
    _fclose_internal                         0x00007bed   Thumb Code    76  fclose.o(.text)
    fclose                                   0x00007bed   Thumb Code     0  fclose.o(.text)
    exit                                     0x00007c39   Thumb Code    18  exit.o(.text)
    __rt_SIGRTRED                            0x00007c4b   Thumb Code    14  defsig_rtred_outer.o(.text)
    std::terminate()                         0x00007c59   Thumb Code    26  arm_exceptions_terminate.o(.text)
    __Heap_ProvideMemory                     0x00007c73   Thumb Code    52  h1_extend.o(.text)
    _fseek                                   0x00007ca9   Thumb Code   242  fseek.o(.text)
    fseek                                    0x00007ca9   Thumb Code     0  fseek.o(.text)
    _seterr                                  0x00007da1   Thumb Code    20  stdio.o(.text)
    _writebuf                                0x00007db5   Thumb Code    84  stdio.o(.text)
    _fflush                                  0x00007e09   Thumb Code    70  stdio.o(.text)
    _deferredlazyseek                        0x00007e4f   Thumb Code    60  stdio.o(.text)
    abort                                    0x00007e91   Thumb Code    22  abort.o(.text)
    __sig_exit                               0x00007ea7   Thumb Code    10  defsig_exit.o(.text)
    __rt_SIGRTRED_inner                      0x00007eb1   Thumb Code    14  defsig_rtred_inner.o(.text)
    __rt_SIGRTMEM                            0x00007ee5   Thumb Code    14  defsig_rtmem_outer.o(.text)
    __cxa_get_globals                        0x00007efb   Thumb Code    62  arm_exceptions_globs.o(.text)
    _sys_exit                                0x00007f45   Thumb Code     8  sys_exit.o(.text)
    __I$use$semihosting                      0x00007f51   Thumb Code     0  use_no_semi.o(.text)
    __use_no_semihosting_swi                 0x00007f51   Thumb Code     2  use_no_semi.o(.text)
    __semihosting_library_function           0x00007f53   Thumb Code     0  indicate_semi.o(.text)
    __rt_eh_globals_addr                     0x00007f55   Thumb Code     8  rt_eh_globals_addr_intlibspace.o(.text)
    _ftell_internal                          0x00007f5d   Thumb Code    66  ftell.o(.text)
    ftell                                    0x00007f5d   Thumb Code     0  ftell.o(.text)
    __default_signal_display                 0x00007f9f   Thumb Code    50  defsig_general.o(.text)
    __rt_SIGABRT                             0x00007fd1   Thumb Code    14  defsig_abrt_outer.o(.text)
    __rt_SIGRTMEM_inner                      0x00007fe1   Thumb Code    22  defsig_rtmem_inner.o(.text)
    __ARM_exceptions_buffer_init             0x00008031   Thumb Code    18  arm_exceptions_mem.o(.text)
    __ARM_exceptions_buffer_allocate         0x00008043   Thumb Code    22  arm_exceptions_mem.o(.text)
    __ARM_exceptions_buffer_free             0x00008059   Thumb Code    20  arm_exceptions_mem.o(.text)
    __aeabi_errno_addr                       0x0000806d   Thumb Code     8  rt_errno_addr_intlibspace.o(.text)
    __errno$intlibspace                      0x0000806d   Thumb Code     0  rt_errno_addr_intlibspace.o(.text)
    __rt_errno_addr$intlibspace              0x0000806d   Thumb Code     0  rt_errno_addr_intlibspace.o(.text)
    __rt_SIGABRT_inner                       0x00008075   Thumb Code    14  defsig_abrt_inner.o(.text)
    operator delete[] (void*)                0x000080a5   Thumb Code     8  array_del.o(i._ZdaPv)
    operator delete (void*)                  0x000080ad   Thumb Code     8  delete.o(i._ZdlPv)
    operator new[] (unsigned)                0x000080b5   Thumb Code     8  array_new.o(i._Znaj)
    operator new(unsigned)                   0x000080bd   Thumb Code    34  new.o(i._Znwj)
    fputc                                    0x000080e5   Thumb Code    26  fputc.o(i.fputc)
    _fp_init                                 0x000080ff   Thumb Code    10  fpinit.o(x$fpl$fpinit)
    __fplib_config_fpu_vfp                   0x00008107   Thumb Code     0  fpinit.o(x$fpl$fpinit)
    __fplib_config_pureend_doubles           0x00008107   Thumb Code     0  fpinit.o(x$fpl$fpinit)
    __stdin_name                             0x00023a19   Data           7  retarget_io.o(.constdata)
    __stdout_name                            0x00023a20   Data           8  retarget_io.o(.constdata)
    __stderr_name                            0x00023a28   Data           8  retarget_io.o(.constdata)
    Region$$Table$$Base                      0x00023a30   Number         0  anon$$obj.o(Region$$Table)
    Region$$Table$$Limit                     0x00023a50   Number         0  anon$$obj.o(Region$$Table)
    test_index                               0x20000000   Data           4  arm_nnexamples_nn_test.o(.data)
    test_pass                                0x20000004   Data           1  arm_nnexamples_nn_test.o(.data)
    ITM_RxBuffer                             0x20000008   Data           4  retarget_io.o(.data)
    SystemCoreClock                          0x2000000c   Data           4  system_armcm7.o(.data)
    __aeabi_stdin                            0x20000010   Data           4  stdio_streams.o(.data)
    __aeabi_stdout                           0x20000014   Data           4  stdio_streams.o(.data)
    __aeabi_stderr                           0x20000018   Data           4  stdio_streams.o(.data)
    test_flags                               0x2000001c   Data          50  arm_nnexamples_nn_test.o(.bss)
    _random_number_data                      0x20000050   Data         228  rand.o(.bss)
    __stdin                                  0x20000134   Data          84  stdio_streams.o(.bss)
    __stdout                                 0x20000188   Data          84  stdio_streams.o(.bss)
    __stderr                                 0x200001dc   Data          84  stdio_streams.o(.bss)
    __libspace_start                         0x20000230   Data          96  libspace.o(.bss)
    __temporary_stack_top$libspace           0x20000290   Data           0  libspace.o(.bss)



==============================================================================

Memory Map of the image

  Image Entry point : 0x00006f29

  Load Region LR_1 (Base: 0x00000000, Size: 0x00023a6c, Max: 0xffffffff, ABSOLUTE)

    Execution Region ER_RO (Exec base: 0x00000000, Load base: 0x00000000, Size: 0x00023a50, Max: 0xffffffff, ABSOLUTE)

    Exec Addr    Load Addr    Size         Type   Attr      Idx    E Section Name        Object

    0x00000000   0x00000000   0x000000c0   Data   RO         1276    RESET               startup_armcm7.o
    0x000000c0   0x000000c0   0x00000008   Code   RO         1443  * !!!main             c_w.l(__main.o)
    0x000000c8   0x000000c8   0x00000034   Code   RO         2007    !!!scatter          c_w.l(__scatter.o)
    0x000000fc   0x000000fc   0x0000001a   Code   RO         2009    !!handler_copy      c_w.l(__scatter_copy.o)
    0x00000116   0x00000116   0x00000002   PAD
    0x00000118   0x00000118   0x0000001c   Code   RO         2011    !!handler_zi        c_w.l(__scatter_zi.o)
    0x00000134   0x00000134   0x00000000   Code   RO         1425    .ARM.Collect$$_printf_percent$$00000000  c_w.l(_printf_percent.o)
    0x00000134   0x00000134   0x00000006   Code   RO         1424    .ARM.Collect$$_printf_percent$$00000009  c_w.l(_printf_d.o)
    0x0000013a   0x0000013a   0x00000004   Code   RO         1459    .ARM.Collect$$_printf_percent$$00000017  c_w.l(_printf_percent_end.o)
    0x0000013e   0x0000013e   0x00000002   Code   RO         1835    .ARM.Collect$$libinit$$00000000  c_w.l(libinit.o)
    0x00000140   0x00000140   0x00000004   Code   RO         1470    .ARM.Collect$$libinit$$00000001  c_w.l(libinit2.o)
    0x00000144   0x00000144   0x00000000   Code   RO         1473    .ARM.Collect$$libinit$$00000004  c_w.l(libinit2.o)
    0x00000144   0x00000144   0x00000008   Code   RO         1474    .ARM.Collect$$libinit$$00000005  c_w.l(libinit2.o)
    0x0000014c   0x0000014c   0x00000000   Code   RO         1476    .ARM.Collect$$libinit$$0000000A  c_w.l(libinit2.o)
    0x0000014c   0x0000014c   0x00000000   Code   RO         1478    .ARM.Collect$$libinit$$0000000C  c_w.l(libinit2.o)
    0x0000014c   0x0000014c   0x00000004   Code   RO         1479    .ARM.Collect$$libinit$$0000000D  c_w.l(libinit2.o)
    0x00000150   0x00000150   0x00000000   Code   RO         1480    .ARM.Collect$$libinit$$0000000E  c_w.l(libinit2.o)
    0x00000150   0x00000150   0x00000000   Code   RO         1483    .ARM.Collect$$libinit$$00000011  c_w.l(libinit2.o)
    0x00000150   0x00000150   0x00000000   Code   RO         1485    .ARM.Collect$$libinit$$00000013  c_w.l(libinit2.o)
    0x00000150   0x00000150   0x00000000   Code   RO         1487    .ARM.Collect$$libinit$$00000015  c_w.l(libinit2.o)
    0x00000150   0x00000150   0x00000000   Code   RO         1489    .ARM.Collect$$libinit$$00000017  c_w.l(libinit2.o)
    0x00000150   0x00000150   0x00000000   Code   RO         1491    .ARM.Collect$$libinit$$00000019  c_w.l(libinit2.o)
    0x00000150   0x00000150   0x00000000   Code   RO         1493    .ARM.Collect$$libinit$$0000001B  c_w.l(libinit2.o)
    0x00000150   0x00000150   0x00000000   Code   RO         1495    .ARM.Collect$$libinit$$0000001D  c_w.l(libinit2.o)
    0x00000150   0x00000150   0x00000000   Code   RO         1497    .ARM.Collect$$libinit$$0000001F  c_w.l(libinit2.o)
    0x00000150   0x00000150   0x00000000   Code   RO         1499    .ARM.Collect$$libinit$$00000021  c_w.l(libinit2.o)
    0x00000150   0x00000150   0x00000000   Code   RO         1501    .ARM.Collect$$libinit$$00000023  c_w.l(libinit2.o)
    0x00000150   0x00000150   0x00000004   Code   RO         1502    .ARM.Collect$$libinit$$00000024  c_w.l(libinit2.o)
    0x00000154   0x00000154   0x00000000   Code   RO         1503    .ARM.Collect$$libinit$$00000025  c_w.l(libinit2.o)
    0x00000154   0x00000154   0x00000000   Code   RO         1507    .ARM.Collect$$libinit$$0000002C  c_w.l(libinit2.o)
    0x00000154   0x00000154   0x00000000   Code   RO         1509    .ARM.Collect$$libinit$$0000002E  c_w.l(libinit2.o)
    0x00000154   0x00000154   0x00000000   Code   RO         1511    .ARM.Collect$$libinit$$00000030  c_w.l(libinit2.o)
    0x00000154   0x00000154   0x00000000   Code   RO         1513    .ARM.Collect$$libinit$$00000032  c_w.l(libinit2.o)
    0x00000154   0x00000154   0x00000002   Code   RO         1514    .ARM.Collect$$libinit$$00000033  c_w.l(libinit2.o)
    0x00000156   0x00000156   0x00000002   Code   RO         1994    .ARM.Collect$$libshutdown$$00000000  c_w.l(libshutdown.o)
    0x00000158   0x00000158   0x00000000   Code   RO         1837    .ARM.Collect$$libshutdown$$00000002  c_w.l(libshutdown2.o)
    0x00000158   0x00000158   0x00000004   Code   RO         1838    .ARM.Collect$$libshutdown$$00000003  c_w.l(libshutdown2.o)
    0x0000015c   0x0000015c   0x00000000   Code   RO         1839    .ARM.Collect$$libshutdown$$00000004  c_w.l(libshutdown2.o)
    0x0000015c   0x0000015c   0x00000000   Code   RO         1842    .ARM.Collect$$libshutdown$$00000007  c_w.l(libshutdown2.o)
    0x0000015c   0x0000015c   0x00000000   Code   RO         1845    .ARM.Collect$$libshutdown$$0000000A  c_w.l(libshutdown2.o)
    0x0000015c   0x0000015c   0x00000000   Code   RO         1847    .ARM.Collect$$libshutdown$$0000000C  c_w.l(libshutdown2.o)
    0x0000015c   0x0000015c   0x00000000   Code   RO         1850    .ARM.Collect$$libshutdown$$0000000F  c_w.l(libshutdown2.o)
    0x0000015c   0x0000015c   0x00000002   Code   RO         1851    .ARM.Collect$$libshutdown$$00000010  c_w.l(libshutdown2.o)
    0x0000015e   0x0000015e   0x00000000   Code   RO         1452    .ARM.Collect$$rtentry$$00000000  c_w.l(__rtentry.o)
    0x0000015e   0x0000015e   0x00000000   Code   RO         1539    .ARM.Collect$$rtentry$$00000002  c_w.l(__rtentry2.o)
    0x0000015e   0x0000015e   0x00000006   Code   RO         1551    .ARM.Collect$$rtentry$$00000004  c_w.l(__rtentry4.o)
    0x00000164   0x00000164   0x00000000   Code   RO         1541    .ARM.Collect$$rtentry$$00000009  c_w.l(__rtentry2.o)
    0x00000164   0x00000164   0x00000004   Code   RO         1542    .ARM.Collect$$rtentry$$0000000A  c_w.l(__rtentry2.o)
    0x00000168   0x00000168   0x00000000   Code   RO         1544    .ARM.Collect$$rtentry$$0000000C  c_w.l(__rtentry2.o)
    0x00000168   0x00000168   0x00000008   Code   RO         1545    .ARM.Collect$$rtentry$$0000000D  c_w.l(__rtentry2.o)
    0x00000170   0x00000170   0x00000002   Code   RO         1882    .ARM.Collect$$rtexit$$00000000  c_w.l(rtexit.o)
    0x00000172   0x00000172   0x00000000   Code   RO         1941    .ARM.Collect$$rtexit$$00000002  c_w.l(rtexit2.o)
    0x00000172   0x00000172   0x00000004   Code   RO         1942    .ARM.Collect$$rtexit$$00000003  c_w.l(rtexit2.o)
    0x00000176   0x00000176   0x00000006   Code   RO         1943    .ARM.Collect$$rtexit$$00000004  c_w.l(rtexit2.o)
    0x0000017c   0x0000017c   0x00000034   Code   RO         1426    .emb_text           c_w.l(rand.o)
    0x000001b0   0x000001b0   0x00000000   Code   RO         1888    .emb_text           c_w.l(maybetermalloc1.o)
    0x000001b0   0x000001b0   0x0000011c   Code   RO            4    .text               arm_convolve_hwc_q7_ref.o
    0x000002cc   0x000002cc   0x00000128   Code   RO           76    .text               arm_convolve_hwc_q7_ref_nonsquare.o
    0x000003f4   0x000003f4   0x0000011c   Code   RO          100    .text               arm_convolve_hwc_q15_ref.o
    0x00000510   0x00000510   0x000000f2   Code   RO          124    .text               arm_depthwise_separable_conv_hwc_q7_ref.o
    0x00000602   0x00000602   0x000000dc   Code   RO          148    .text               arm_depthwise_separable_conv_hwc_q7_ref_nonsquare.o
    0x000006de   0x000006de   0x0000023e   Code   RO          172    .text               arm_fully_connected_mat_q7_vec_q15_opt_ref.o
    0x0000091c   0x0000091c   0x0000005e   Code   RO          196    .text               arm_fully_connected_mat_q7_vec_q15_ref.o
    0x0000097a   0x0000097a   0x000002b0   Code   RO          220    .text               arm_fully_connected_q7_opt_ref.o
    0x00000c2a   0x00000c2a   0x0000005e   Code   RO          244    .text               arm_fully_connected_q7_ref.o
    0x00000c88   0x00000c88   0x0000020c   Code   RO          268    .text               arm_fully_connected_q15_opt_ref.o
    0x00000e94   0x00000e94   0x0000005e   Code   RO          292    .text               arm_fully_connected_q15_ref.o
    0x00000ef2   0x00000ef2   0x000001da   Code   RO          316    .text               arm_pool_ref.o
    0x000010cc   0x000010cc   0x00000038   Code   RO          340    .text               arm_relu_ref.o
    0x00001104   0x00001104   0x00001e4c   Code   RO          364    .text               arm_nnexamples_nn_test.o
    0x00002f50   0x00002f50   0x0000005e   Code   RO          498    .text               arm_relu_q7.o
    0x00002fae   0x00002fae   0x00000052   Code   RO          522    .text               arm_relu_q15.o
    0x00003000   0x00003000   0x000001be   Code   RO          546    .text               arm_convolve_1x1_hwc_q7_fast_nonsquare.o
    0x000031be   0x000031be   0x00000214   Code   RO          573    .text               arm_convolve_hwc_q7_basic.o
    0x000033d2   0x000033d2   0x000004d4   Code   RO          600    .text               arm_convolve_hwc_q7_fast.o
    0x000038a6   0x000038a6   0x000004f2   Code   RO          624    .text               arm_convolve_hwc_q7_fast_nonsquare.o
    0x00003d98   0x00003d98   0x00000236   Code   RO          648    .text               arm_convolve_hwc_q7_rgb.o
    0x00003fce   0x00003fce   0x00000198   Code   RO          672    .text               arm_convolve_hwc_q15_basic.o
    0x00004166   0x00004166   0x0000030a   Code   RO          696    .text               arm_convolve_hwc_q15_fast.o
    0x00004470   0x00004470   0x0000039c   Code   RO          720    .text               arm_depthwise_separable_conv_hwc_q7.o
    0x0000480c   0x0000480c   0x0000039a   Code   RO          744    .text               arm_depthwise_separable_conv_hwc_q7_nonsquare.o
    0x00004ba6   0x00004ba6   0x0000046c   Code   RO          768    .text               arm_nn_mat_mult_kernel_q7_q15.o
    0x00005012   0x00005012   0x0000026a   Code   RO          792    .text               arm_nn_mat_mult_kernel_q7_q15_reordered.o
    0x0000527c   0x0000527c   0x00000274   Code   RO          816    .text               arm_fully_connected_mat_q7_vec_q15.o
    0x000054f0   0x000054f0   0x000002b2   Code   RO          840    .text               arm_fully_connected_mat_q7_vec_q15_opt.o
    0x000057a2   0x000057a2   0x000001fa   Code   RO          864    .text               arm_fully_connected_q7.o
    0x0000599c   0x0000599c   0x00000242   Code   RO          888    .text               arm_fully_connected_q7_opt.o
    0x00005bde   0x00005bde   0x000001a0   Code   RO          912    .text               arm_fully_connected_q15.o
    0x00005d7e   0x00005d7e   0x00000252   Code   RO          936    .text               arm_fully_connected_q15_opt.o
    0x00005fd0   0x00005fd0   0x00000050   Code   RO          981    .text               arm_q7_to_q15_no_shift.o
    0x00006020   0x00006020   0x0000003c   Code   RO         1005    .text               arm_q7_to_q15_reordered_no_shift.o
    0x0000605c   0x0000605c   0x000003d8   Code   RO         1077    .text               arm_pool_q7_hwc.o
    0x00006434   0x00006434   0x00000156   Code   RO         1101    .text               arm_convolve_hwc_q15_ref_nonsquare.o
    0x0000658a   0x0000658a   0x00000316   Code   RO         1125    .text               arm_convolve_hwc_q15_fast_nonsquare.o
    0x000068a0   0x000068a0   0x00000222   Code   RO         1149    .text               arm_convolve_hwc_q7_basic_nonsquare.o
    0x00006ac2   0x00006ac2   0x000000f0   Code   RO         1173    .text               arm_nn_mult_q7.o
    0x00006bb2   0x00006bb2   0x0000010c   Code   RO         1197    .text               arm_nn_mult_q15.o
    0x00006cbe   0x00006cbe   0x0000006c   Code   RO         1221    .text               arm_nn_mult_ref.o
    0x00006d2a   0x00006d2a   0x00000002   PAD
    0x00006d2c   0x00006d2c   0x000001fc   Code   RO         1242    .text               retarget_io.o
    0x00006f28   0x00006f28   0x00000040   Code   RO         1277  * .text               startup_armcm7.o
    0x00006f68   0x00006f68   0x00000038   Code   RO         1284    .text               system_armcm7.o
    0x00006fa0   0x00006fa0   0x0000009c   Code   RO         1325    .text               arm_cortexM7lfsp_math.lib(arm_fill_q7.o)
    0x0000703c   0x0000703c   0x0000008e   Code   RO         1371    .text               arm_cortexM7lfsp_math.lib(arm_fill_q15.o)
    0x000070ca   0x000070ca   0x00000002   PAD
    0x000070cc   0x000070cc   0x00000018   Code   RO         1398    .text               c_w.l(noretval__2printf.o)
    0x000070e4   0x000070e4   0x00000068   Code   RO         1400    .text               c_w.l(__printf.o)
    0x0000714c   0x0000714c   0x00000078   Code   RO         1402    .text               c_w.l(_printf_dec.o)
    0x000071c4   0x000071c4   0x0000003c   Code   RO         1427    .text               c_w.l(rand.o)
    0x00007200   0x00007200   0x0000008a   Code   RO         1431    .text               c_w.l(rt_memcpy_v6.o)
    0x0000728a   0x0000728a   0x00000084   Code   RO         1433    .text               c_w.l(rt_memmove_v6.o)
    0x0000730e   0x0000730e   0x00000064   Code   RO         1435    .text               c_w.l(rt_memcpy_w.o)
    0x00007372   0x00007372   0x00000044   Code   RO         1437    .text               c_w.l(rt_memclr.o)
    0x000073b6   0x000073b6   0x00000002   PAD
    0x000073b8   0x000073b8   0x00000068   Code   RO         1439    .text               c_w.l(strcmpv7m_pel.o)
    0x00007420   0x00007420   0x00000006   Code   RO         1441    .text               c_w.l(heapauxi.o)
    0x00007426   0x00007426   0x000000b2   Code   RO         1455    .text               c_w.l(_printf_intcommon.o)
    0x000074d8   0x000074d8   0x00000024   Code   RO         1457    .text               c_w.l(_printf_char_file.o)
    0x000074fc   0x000074fc   0x0000007a   Code   RO         1466    .text               c_w.l(rt_memmove_w.o)
    0x00007576   0x00007576   0x0000004e   Code   RO         1468    .text               c_w.l(rt_memclr_w.o)
    0x000075c4   0x000075c4   0x00000008   Code   RO         1560    .text               c_w.l(rt_new_handler_addr_intlibspace.o)
    0x000075cc   0x000075cc   0x0000005e   Code   RO         1566    .text               c_w.l(h1_alloc.o)
    0x0000762a   0x0000762a   0x0000004e   Code   RO         1568    .text               c_w.l(h1_free.o)
    0x00007678   0x00007678   0x00000030   Code   RO         1624    .text               c_w.l(_printf_char_common.o)
    0x000076a8   0x000076a8   0x00000008   Code   RO         1626    .text               c_w.l(ferror.o)
    0x000076b0   0x000076b0   0x00000138   Code   RO         1632    .text               c_w.l(initio.o)
    0x000077e8   0x000077e8   0x00000004   Code   RO         1642    .text               cpprt_w.l(arm_newhandler_noexceptions.o)
    0x000077ec   0x000077ec   0x00000008   Code   RO         1769    .text               c_w.l(libspace.o)
    0x000077f4   0x000077f4   0x0000004a   Code   RO         1774    .text               c_w.l(sys_stackheap_outer.o)
    0x0000783e   0x0000783e   0x00000002   PAD
    0x00007840   0x00007840   0x00000008   Code   RO         1781    .text               c_w.l(rt_heap_descriptor_intlibspace.o)
    0x00007848   0x00007848   0x00000004   Code   RO         1783    .text               c_w.l(hguard.o)
    0x0000784c   0x0000784c   0x0000008a   Code   RO         1785    .text               c_w.l(init_alloc.o)
    0x000078d6   0x000078d6   0x0000000e   Code   RO         1789    .text               c_w.l(h1_init.o)
    0x000078e4   0x000078e4   0x000001d6   Code   RO         1805    .text               c_w.l(flsbuf.o)
    0x00007aba   0x00007aba   0x00000046   Code   RO         1807    .text               c_w.l(setvbuf.o)
    0x00007b00   0x00007b00   0x000000ec   Code   RO         1810    .text               c_w.l(fopen.o)
    0x00007bec   0x00007bec   0x0000004c   Code   RO         1812    .text               c_w.l(fclose.o)
    0x00007c38   0x00007c38   0x00000012   Code   RO         1818    .text               c_w.l(exit.o)
    0x00007c4a   0x00007c4a   0x0000000e   Code   RO         1820    .text               c_w.l(defsig_rtred_outer.o)
    0x00007c58   0x00007c58   0x0000001a   Code   RO         1870    .text               cpprt_w.l(arm_exceptions_terminate.o)
    0x00007c72   0x00007c72   0x00000034   Code   RO         1890    .text               c_w.l(h1_extend.o)
    0x00007ca6   0x00007ca6   0x00000002   PAD
    0x00007ca8   0x00007ca8   0x000000f8   Code   RO         1896    .text               c_w.l(fseek.o)
    0x00007da0   0x00007da0   0x000000f0   Code   RO         1898    .text               c_w.l(stdio.o)
    0x00007e90   0x00007e90   0x00000016   Code   RO         1904    .text               c_w.l(abort.o)
    0x00007ea6   0x00007ea6   0x0000000a   Code   RO         1908    .text               c_w.l(defsig_exit.o)
    0x00007eb0   0x00007eb0   0x00000034   Code   RO         1914    .text               c_w.l(defsig_rtred_inner.o)
    0x00007ee4   0x00007ee4   0x0000000e   Code   RO         1916    .text               c_w.l(defsig_rtmem_outer.o)
    0x00007ef2   0x00007ef2   0x00000002   PAD
    0x00007ef4   0x00007ef4   0x00000050   Code   RO         1932    .text               cpprt_w.l(arm_exceptions_globs.o)
    0x00007f44   0x00007f44   0x0000000c   Code   RO         1935    .text               c_w.l(sys_exit.o)
    0x00007f50   0x00007f50   0x00000002   Code   RO         1937    .text               c_w.l(use_no_semi.o)
    0x00007f52   0x00007f52   0x00000000   Code   RO         1939    .text               c_w.l(indicate_semi.o)
    0x00007f52   0x00007f52   0x00000002   PAD
    0x00007f54   0x00007f54   0x00000008   Code   RO         1950    .text               c_w.l(rt_eh_globals_addr_intlibspace.o)
    0x00007f5c   0x00007f5c   0x00000042   Code   RO         1958    .text               c_w.l(ftell.o)
    0x00007f9e   0x00007f9e   0x00000032   Code   RO         1966    .text               c_w.l(defsig_general.o)
    0x00007fd0   0x00007fd0   0x0000000e   Code   RO         1968    .text               c_w.l(defsig_abrt_outer.o)
    0x00007fde   0x00007fde   0x00000002   PAD
    0x00007fe0   0x00007fe0   0x00000050   Code   RO         1974    .text               c_w.l(defsig_rtmem_inner.o)
    0x00008030   0x00008030   0x0000003c   Code   RO         1976    .text               cpprt_w.l(arm_exceptions_mem.o)
    0x0000806c   0x0000806c   0x00000008   Code   RO         1982    .text               c_w.l(rt_errno_addr_intlibspace.o)
    0x00008074   0x00008074   0x00000030   Code   RO         1988    .text               c_w.l(defsig_abrt_inner.o)
    0x000080a4   0x000080a4   0x00000008   Code   RO         1445    i._ZdaPv            cpprt_w.l(array_del.o)
    0x000080ac   0x000080ac   0x00000008   Code   RO         1515    i._ZdlPv            cpprt_w.l(delete.o)
    0x000080b4   0x000080b4   0x00000008   Code   RO         1448    i._Znaj             cpprt_w.l(array_new.o)
    0x000080bc   0x000080bc   0x00000028   Code   RO         1518    i._Znwj             cpprt_w.l(new.o)
    0x000080e4   0x000080e4   0x0000001a   Code   RO         1629    i.fputc             c_w.l(fputc.o)
    0x000080fe   0x000080fe   0x0000000a   Code   RO         1767    x$fpl$fpinit        g_wm.l(fpinit.o)
    0x00008108   0x00008108   0x0001b911   Data   RO          367    .constdata          arm_nnexamples_nn_test.o
    0x00023a19   0x00023a19   0x00000017   Data   RO         1243    .constdata          retarget_io.o
    0x00023a30   0x00023a30   0x00000020   Data   RO         2005    Region$$Table       anon$$obj.o


    Execution Region ER_RW (Exec base: 0x20000000, Load base: 0x00023a50, Size: 0x0000001c, Max: 0xffffffff, ABSOLUTE)

    Exec Addr    Load Addr    Size         Type   Attr      Idx    E Section Name        Object

    0x20000000   0x00023a50   0x00000005   Data   RW          368    .data               arm_nnexamples_nn_test.o
    0x20000005   0x00023a55   0x00000003   PAD
    0x20000008   0x00023a58   0x00000004   Data   RW         1244    .data               retarget_io.o
    0x2000000c   0x00023a5c   0x00000004   Data   RW         1285    .data               system_armcm7.o
    0x20000010   0x00023a60   0x00000004   Data   RW         1463    .data               c_w.l(stdio_streams.o)
    0x20000014   0x00023a64   0x00000004   Data   RW         1464    .data               c_w.l(stdio_streams.o)
    0x20000018   0x00023a68   0x00000004   Data   RW         1465    .data               c_w.l(stdio_streams.o)


    Execution Region ER_ZI (Exec base: 0x2000001c, Load base: 0x00023a6c, Size: 0x00080674, Max: 0xffffffff, ABSOLUTE)

    Exec Addr    Load Addr    Size         Type   Attr      Idx    E Section Name        Object

    0x2000001c        -       0x00000032   Zero   RW          366    .bss                arm_nnexamples_nn_test.o
    0x2000004e   0x00023a6c   0x00000002   PAD
    0x20000050        -       0x000000e4   Zero   RW         1428    .bss                c_w.l(rand.o)
    0x20000134        -       0x00000054   Zero   RW         1460    .bss                c_w.l(stdio_streams.o)
    0x20000188        -       0x00000054   Zero   RW         1461    .bss                c_w.l(stdio_streams.o)
    0x200001dc        -       0x00000054   Zero   RW         1462    .bss                c_w.l(stdio_streams.o)
    0x20000230        -       0x00000060   Zero   RW         1770    .bss                c_w.l(libspace.o)
    0x20000290        -       0x00080000   Zero   RW         1275    HEAP                startup_armcm7.o
    0x20080290        -       0x00000400   Zero   RW         1274    STACK               startup_armcm7.o


==============================================================================

Image component sizes


      Code (inc. data)   RO Data    RW Data    ZI Data      Debug   Object Name

       446          0          0          0          0       3881   arm_convolve_1x1_hwc_q7_fast_nonsquare.o
       408          0          0          0          0       2577   arm_convolve_hwc_q15_basic.o
       778          0          0          0          0       3164   arm_convolve_hwc_q15_fast.o
       790          0          0          0          0       3450   arm_convolve_hwc_q15_fast_nonsquare.o
       284          0          0          0          0       1843   arm_convolve_hwc_q15_ref.o
       342          0          0          0          0       2185   arm_convolve_hwc_q15_ref_nonsquare.o
       532          0          0          0          0       3568   arm_convolve_hwc_q7_basic.o
       546          0          0          0          0       3054   arm_convolve_hwc_q7_basic_nonsquare.o
      1236          0          0          0          0       3363   arm_convolve_hwc_q7_fast.o
      1266          0          0          0          0       3637   arm_convolve_hwc_q7_fast_nonsquare.o
       284          0          0          0          0      20554   arm_convolve_hwc_q7_ref.o
       296          0          0          0          0       2124   arm_convolve_hwc_q7_ref_nonsquare.o
       566          0          0          0          0       3086   arm_convolve_hwc_q7_rgb.o
       924          0          0          0          0       3458   arm_depthwise_separable_conv_hwc_q7.o
       922          0          0          0          0       3732   arm_depthwise_separable_conv_hwc_q7_nonsquare.o
       242          0          0          0          0       2030   arm_depthwise_separable_conv_hwc_q7_ref.o
       220          0          0          0          0       2292   arm_depthwise_separable_conv_hwc_q7_ref_nonsquare.o
       628          0          0          0          0       3277   arm_fully_connected_mat_q7_vec_q15.o
       690          0          0          0          0       3101   arm_fully_connected_mat_q7_vec_q15_opt.o
       574          0          0          0          0       2509   arm_fully_connected_mat_q7_vec_q15_opt_ref.o
        94          0          0          0          0       1577   arm_fully_connected_mat_q7_vec_q15_ref.o
       416          0          0          0          0       2470   arm_fully_connected_q15.o
       594          0          0          0          0       2786   arm_fully_connected_q15_opt.o
       524          0          0          0          0       2374   arm_fully_connected_q15_opt_ref.o
        94          0          0          0          0       1518   arm_fully_connected_q15_ref.o
       506          0          0          0          0       2997   arm_fully_connected_q7.o
       578          0          0          0          0       3001   arm_fully_connected_q7_opt.o
       688          0          0          0          0       2561   arm_fully_connected_q7_opt_ref.o
        94          0          0          0          0       1505   arm_fully_connected_q7_ref.o
      1132          0          0          0          0       3656   arm_nn_mat_mult_kernel_q7_q15.o
       618          0          0          0          0       2738   arm_nn_mat_mult_kernel_q7_q15_reordered.o
       268          0          0          0          0       1670   arm_nn_mult_q15.o
       240          0          0          0          0       1249   arm_nn_mult_q7.o
       108          0          0          0          0       1645   arm_nn_mult_ref.o
      7756       1828     112913          5         50      24775   arm_nnexamples_nn_test.o
       984          0          0          0          0       4204   arm_pool_q7_hwc.o
       474          0          0          0          0       2432   arm_pool_ref.o
        80          0          0          0          0        905   arm_q7_to_q15_no_shift.o
        60          0          0          0          0        907   arm_q7_to_q15_reordered_no_shift.o
        82          0          0          0          0        903   arm_relu_q15.o
        94          0          0          0          0        802   arm_relu_q7.o
        56          0          0          0          0        851   arm_relu_ref.o
       508         36         23          4          0       4921   retarget_io.o
        64         26        192          0     525312        920   startup_armcm7.o
        56         18          0          4          0        897   system_armcm7.o

    ----------------------------------------------------------------------
     28144       1908     113160         16     525364     151149   Object Totals
         0          0         32          0          0          0   (incl. Generated)
         2          0          0          3          2          0   (incl. Padding)

    ----------------------------------------------------------------------

      Code (inc. data)   RO Data    RW Data    ZI Data      Debug   Library Member Name

       142          0          0          0          0       1203   arm_fill_q15.o
       156          0          0          0          0      17686   arm_fill_q7.o
         8          0          0          0          0         68   __main.o
       104          0          0          0          0         84   __printf.o
         0          0          0          0          0          0   __rtentry.o
        12          0          0          0          0          0   __rtentry2.o
         6          0          0          0          0          0   __rtentry4.o
        52          8          0          0          0          0   __scatter.o
        26          0          0          0          0          0   __scatter_copy.o
        28          0          0          0          0          0   __scatter_zi.o
        48          6          0          0          0         96   _printf_char_common.o
        36          4          0          0          0         80   _printf_char_file.o
         6          0          0          0          0          0   _printf_d.o
       120         16          0          0          0         92   _printf_dec.o
       178          0          0          0          0         88   _printf_intcommon.o
         0          0          0          0          0          0   _printf_percent.o
         4          0          0          0          0          0   _printf_percent_end.o
        22          0          0          0          0         80   abort.o
        48         34          0          0          0         76   defsig_abrt_inner.o
        14          0          0          0          0         80   defsig_abrt_outer.o
        10          0          0          0          0         68   defsig_exit.o
        50          0          0          0          0         88   defsig_general.o
        80         58          0          0          0         76   defsig_rtmem_inner.o
        14          0          0          0          0         80   defsig_rtmem_outer.o
        52         38          0          0          0         76   defsig_rtred_inner.o
        14          0          0          0          0         80   defsig_rtred_outer.o
        18          0          0          0          0         80   exit.o
        76          0          0          0          0         88   fclose.o
         8          0          0          0          0         68   ferror.o
       470          0          0          0          0         88   flsbuf.o
       236          4          0          0          0        128   fopen.o
        26          0          0          0          0         68   fputc.o
       248          6          0          0          0         84   fseek.o
        66          0          0          0          0         76   ftell.o
        94          0          0          0          0         80   h1_alloc.o
        52          0          0          0          0         68   h1_extend.o
        78          0          0          0          0         80   h1_free.o
        14          0          0          0          0         84   h1_init.o
         6          0          0          0          0        152   heapauxi.o
         4          0          0          0          0        136   hguard.o
         0          0          0          0          0          0   indicate_semi.o
       138          0          0          0          0        168   init_alloc.o
       312         46          0          0          0        112   initio.o
         2          0          0          0          0          0   libinit.o
        22          0          0          0          0          0   libinit2.o
         2          0          0          0          0          0   libshutdown.o
         6          0          0          0          0          0   libshutdown2.o
         8          4          0          0         96         68   libspace.o
         0          0          0          0          0          0   maybetermalloc1.o
        24          4          0          0          0         84   noretval__2printf.o
       112         18          0          0        228        160   rand.o
         8          4          0          0          0         68   rt_eh_globals_addr_intlibspace.o
         8          4          0          0          0         68   rt_errno_addr_intlibspace.o
         8          4          0          0          0         68   rt_heap_descriptor_intlibspace.o
        68          0          0          0          0         68   rt_memclr.o
        78          0          0          0          0         80   rt_memclr_w.o
       138          0          0          0          0         68   rt_memcpy_v6.o
       100          0          0          0          0         80   rt_memcpy_w.o
       132          0          0          0          0         68   rt_memmove_v6.o
       122          0          0          0          0         80   rt_memmove_w.o
         8          4          0          0          0         68   rt_new_handler_addr_intlibspace.o
         2          0          0          0          0          0   rtexit.o
        10          0          0          0          0          0   rtexit2.o
        70          0          0          0          0         80   setvbuf.o
       240          6          0          0          0        156   stdio.o
         0          0          0         12        252          0   stdio_streams.o
       104          0          0          0          0         68   strcmpv7m_pel.o
        12          4          0          0          0         68   sys_exit.o
        74          0          0          0          0         80   sys_stackheap_outer.o
         2          0          0          0          0         68   use_no_semi.o
        80         12          0          0          0        104   arm_exceptions_globs.o
        60          0          0          0          0        108   arm_exceptions_mem.o
        26          0          0          0          0         76   arm_exceptions_terminate.o
         4          0          0          0          0         68   arm_newhandler_noexceptions.o
         8          0          0          0          0         76   array_del.o
         8          0          0          0          0         76   array_new.o
         8          0          0          0          0         76   delete.o
        40          6          0          0          0         76   new.o
        10          0          0          0          0        116   fpinit.o

    ----------------------------------------------------------------------
      4696        290          0         12        576      23985   Library Totals
        16          0          0          0          0          0   (incl. Padding)

    ----------------------------------------------------------------------

      Code (inc. data)   RO Data    RW Data    ZI Data      Debug   Library Name

       298          0          0          0          0      18889   arm_cortexM7lfsp_math.lib
      4138        272          0         12        576       4320   c_w.l
       234         18          0          0          0        660   cpprt_w.l
        10          0          0          0          0        116   g_wm.l

    ----------------------------------------------------------------------
      4696        290          0         12        576      23985   Library Totals

    ----------------------------------------------------------------------

==============================================================================


      Code (inc. data)   RO Data    RW Data    ZI Data      Debug   

     32840       2198     113160         28     525940     167922   Grand Totals
     32840       2198     113160         28     525940     167922   ELF Image Totals
     32840       2198     113160         28          0          0   ROM Totals

==============================================================================

    Total RO  Size (Code + RO Data)               146000 ( 142.58kB)
    Total RW  Size (RW Data + ZI Data)            525968 ( 513.64kB)
    Total ROM Size (Code + RO Data + RW Data)     146028 ( 142.61kB)

==============================================================================

