<html>
<body>
<pre>
<h1>µVision Build Log</h1>
<h2>Tool Versions:</h2>
IDE-Version: µVision V5.24.2.0
Copyright (C) 2017 ARM Ltd and ARM Germany GmbH. All rights reserved.
License Information: CPE CPE, CPE, LIC=S5IJJ-U9QCH-XBKEC-7XBC0-SW4ZX-CN2U3
 
Tool Versions:
Toolchain:       MDK-ARM Professional  Version: 5.24.1
Toolchain Path:  C:\Keil_v5\ARM\ARMCC\Bin
C Compiler:      Armcc.exe V5.06 update 5 (build 528)
Assembler:       Armasm.exe V5.06 update 5 (build 528)
Linker/Locator:  ArmLink.exe V5.06 update 5 (build 528)
Library Manager: ArmAr.exe V5.06 update 5 (build 528)
Hex Converter:   FromElf.exe V5.06 update 5 (build 528)
CPU DLL:         SARMCM3.DLL V5.24.1
Dialog DLL:      DCM.DLL V1.16.0.0
Target DLL:      UL2CM3.DLL V1.160.3.0
Dialog DLL:      TCM.DLL V1.32.0.0
 
<h2>Project:</h2>
C:\Users\tparlem\Downloads\CMSIS_5-develop\CMSIS\NN\NN_Lib_Tests\nn_test\arm_nnexamples_nn_test.uvprojx
Project File Date:  11/30/2018

<h2>Output:</h2>
*** Using Compiler 'V5.06 update 5 (build 528)', folder: 'C:\Keil_v5\ARM\ARMCC\Bin'
Rebuild target 'ARMCM7_SP'
compiling arm_convolve_HWC_q15_ref.c...
compiling arm_convolve_HWC_q7_ref.c...
compiling arm_convolve_HWC_q7_ref_nonsquare.c...
compiling arm_depthwise_separable_conv_HWC_q7_ref.c...
compiling arm_depthwise_separable_conv_HWC_q7_ref_nonsquare.c...
compiling arm_fully_connected_mat_q7_vec_q15_opt_ref.c...
compiling arm_fully_connected_q7_opt_ref.c...
compiling arm_fully_connected_mat_q7_vec_q15_ref.c...
compiling arm_fully_connected_q7_ref.c...
compiling arm_fully_connected_q15_opt_ref.c...
compiling arm_fully_connected_q15_ref.c...
compiling arm_pool_ref.c...
compiling arm_relu_ref.c...
compiling arm_nn_activations_q7.c...
compiling arm_nn_activations_q15.c...
compiling arm_relu_q7.c...
compiling arm_relu_q15.c...
compiling arm_nnexamples_nn_test.cpp...
compiling arm_convolve_1x1_HWC_q7_fast_nonsquare.c...
compiling arm_convolve_HWC_q7_basic.c...
compiling arm_convolve_HWC_q7_fast.c...
compiling arm_convolve_HWC_q7_RGB.c...
compiling arm_convolve_HWC_q7_fast_nonsquare.c...
compiling arm_convolve_HWC_q15_basic.c...
compiling arm_convolve_HWC_q15_fast.c...
compiling arm_depthwise_separable_conv_HWC_q7.c...
compiling arm_depthwise_separable_conv_HWC_q7_nonsquare.c...
compiling arm_nn_mat_mult_kernel_q7_q15.c...
compiling arm_fully_connected_mat_q7_vec_q15.c...
compiling arm_nn_mat_mult_kernel_q7_q15_reordered.c...
compiling arm_fully_connected_mat_q7_vec_q15_opt.c...
compiling arm_fully_connected_q7.c...
compiling arm_fully_connected_q7_opt.c...
compiling arm_fully_connected_q15.c...
compiling arm_fully_connected_q15_opt.c...
compiling arm_nntables.c...
compiling arm_q7_to_q15_no_shift.c...
compiling arm_q7_to_q15_reordered_no_shift.c...
compiling arm_softmax_q7.c...
compiling arm_softmax_q15.c...
compiling arm_pool_q7_HWC.c...
compiling arm_convolve_HWC_q15_ref_nonsquare.c...
compiling arm_convolve_HWC_q15_fast_nonsquare.c...
compiling arm_convolve_HWC_q7_basic_nonsquare.c...
compiling arm_nn_mult_q7.c...
compiling arm_nn_mult_q15.c...
compiling arm_nn_mult_ref.c...
assembling startup_ARMCM7.s...
compiling retarget_io.c...
compiling system_ARMCM7.c...
linking...
Program Size: Code=32840 RO-data=113160 RW-data=28 ZI-data=525940  
".\ARMCM7_debug\arm_nnexamples_nn_test.axf" - 0 Error(s), 0 Warning(s).

<h2>Software Packages used:</h2>

Package Vendor: ARM
                http://www.keil.com/pack/ARM.CMSIS.5.1.0.pack
                ARM.CMSIS.5.1.0
                CMSIS (Cortex Microcontroller Software Interface Standard)
   * Component: Startup Version: 1.0.1
   * Component: DSP Version: 1.5.2
   * Component: CORE Version: 5.0.2

Package Vendor: Keil
                http://www.keil.com/pack/Keil.ARM_Compiler.1.3.1.pack
                Keil.ARM_Compiler.1.3.1
                Keil ARM Compiler extensions for ARM Compiler 5 and ARM Compiler 6
   * Component: TTY Variant: ITM Version: 1.2.0
   * Component: STDOUT Variant: ITM Version: 1.2.0
   * Component: STDERR Variant: ITM Version: 1.2.0

<h2>Collection of Component include folders:</h2>
  .\RTE\_ARMCM7_SP
  C:\Keil_v5\ARM\PACK\ARM\CMSIS\5.1.0\CMSIS\Include
  C:\Keil_v5\ARM\PACK\ARM\CMSIS\5.1.0\Device\ARM\ARMCM7\Include

<h2>Collection of Component Files used:</h2>

   * Component: Keil.ARM Compiler::Compiler:I/O:TTY:ITM:1.2.0
      Source file:   Source\retarget_io.c

   * Component: Keil.ARM Compiler::Compiler:I/O:STDOUT:ITM:1.2.0
      Source file:   Source\retarget_io.c

   * Component: Keil.ARM Compiler::Compiler:I/O:STDERR:ITM:1.2.0
      Source file:   Source\retarget_io.c

   * Component: ARM::Device:Startup:1.0.1
      Source file:   Device\ARM\ARMCM7\Source\ARM\startup_ARMCM7.s
      Source file:   Device\ARM\ARMCM7\Source\system_ARMCM7.c

   * Component: ARM::CMSIS:DSP:1.5.2
      Include file:  CMSIS\Include\arm_math.h
      Library file:  CMSIS\Lib\ARM\arm_cortexM7lfsp_math.lib

   * Component: ARM::CMSIS:CORE:5.0.2
Build Time Elapsed:  00:00:12
</pre>
</body>
</html>
